******************************************************************************
                  TI ARM Linker PC v20.2.7                     
******************************************************************************
>> Linked Wed Jan 31 11:59:39 2024

OUTPUT FILE NAME:   <Lab1.out>
ENTRY POINT SYMBOL: "_c_int00_noargs"  address: 000025cd


MEMORY CONFIGURATION

         name            origin    length      used     unused   attr    fill
----------------------  --------  ---------  --------  --------  ----  --------
  FLASH                 00000000   00040000  000028b5  0003d74b  R  X
  SRAM                  20000000   00008000  000012c9  00006d37  RW X


SEGMENT ALLOCATION MAP

run origin  load origin   length   init length attrs members
----------  ----------- ---------- ----------- ----- -------
00000000    00000000    000028b8   000028b8    r-x
  00000000    00000000    0000026c   0000026c    r-- .intvecs
  0000026c    0000026c    00002500   00002500    r-x .text
  0000276c    0000276c    00000109   00000109    r-- .const
  00002878    00002878    00000040   00000040    r-- .cinit
20000000    20000000    000012cd   00000000    rw-
  20000000    20000000    0000026c   00000000    rw- .vtable
  20000270    20000270    00001000   00000000    rw- .stack
  20001270    20001270    00000058   00000000    rw- .bss
  200012c8    200012c8    00000005   00000000    rw- .data


SECTION ALLOCATION MAP

 output                                  attributes/
section   page    origin      length       input sections
--------  ----  ----------  ----------   ----------------
.intvecs   0    00000000    0000026c     
                  00000000    0000026c     tm4c123gh6pm_startup_ccs.obj (.intvecs)

.text      0    0000026c    00002500     
                  0000026c    00000a4e     rtsv7M4_T_le_v4SPD16_eabi.lib : _printfi.c.obj (.text:__TI_printfi)
                  00000cba    00000002                                   : div0.asm.obj (.text)
                  00000cbc    00000374     lcd.obj (.text)
                  00001030    00000270     rtsv7M4_T_le_v4SPD16_eabi.lib : _printfi.c.obj (.text:_pconv_a)
                  000012a0    00000248     Timer.obj (.text)
                  000014e8    000001d0     rtsv7M4_T_le_v4SPD16_eabi.lib : _printfi.c.obj (.text:_pconv_g)
                  000016b8    000001b6                                   : fd_add_t2.asm.obj (.text)
                  0000186e    00000002     --HOLE-- [fill = 0]
                  00001870    0000013c                                   : _printfi.c.obj (.text:_pconv_e)
                  000019ac    00000136                                   : fd_div_t2.asm.obj (.text)
                  00001ae2    00000002     --HOLE-- [fill = 0]
                  00001ae4    00000124                                   : _printfi.c.obj (.text:fcvt)
                  00001c08    00000110                                   : s_scalbn.c.obj (.text:scalbn)
                  00001d18    000000fc                                   : fd_mul_t2.asm.obj (.text)
                  00001e14    000000b1                                   : _printfi.c.obj (.text:_ltostr)
                  00001ec5    00000001     --HOLE-- [fill = 0]
                  00001ec6    0000009c                                   : memcpy_t2.asm.obj (.text)
                  00001f62    00000096                                   : ull_div_t2.asm.obj (.text)
                  00001ff8    00000086                                   : fd_cmp_t2.asm.obj (.text:__aeabi_cdcmple)
                  0000207e    00000086                                   : fd_cmp_t2.asm.obj (.text:__aeabi_cdrcmple)
                  00002104    0000007a                                   : memset_t2.asm.obj (.text)
                  0000217e    0000006e                                   : _printfi.c.obj (.text:_mcpy)
                  000021ec    00000068                                   : copy_decompress_lzss.c.obj (.text:decompress:lzss:__TI_decompress_lzss)
                  00002254    00000064                                   : s_frexp.c.obj (.text:frexp)
                  000022b8    00000056                                   : _printfi.c.obj (.text:_pconv_f)
                  0000230e    00000054                                   : _ltoa.c.obj (.text:__TI_ltoa)
                  00002362    00000052                                   : _printfi.c.obj (.text:_ecpy)
                  000023b4    0000004c                                   : atoi.c.obj (.text:atoi)
                  00002400    0000004a     helloworld.obj (.text)
                  0000244a    00000048     rtsv7M4_T_le_v4SPD16_eabi.lib : fd_toi_t2.asm.obj (.text)
                  00002492    00000002     --HOLE-- [fill = 0]
                  00002494    00000044                                   : autoinit.c.obj (.text:__TI_auto_init_nobinit_nopinit:__TI_auto_init_nobinit_nopinit)
                  000024d8    00000040                                   : u_divt2.asm.obj (.text)
                  00002518    00000040                                   : vsnprintf.c.obj (.text:vsnprintf)
                  00002558    0000003e                                   : _printfi.c.obj (.text:_fcpy)
                  00002596    00000002     --HOLE-- [fill = 0]
                  00002598    00000034     driverlib.lib : interrupt.obj (.text:IntRegister)
                  000025cc    00000034     rtsv7M4_T_le_v4SPD16_eabi.lib : boot_cortex_m.c.obj (.text:_c_int00_noargs:_c_int00_noargs)
                  00002600    00000030                                   : vsnprintf.c.obj (.text:_outs)
                  00002630    0000002e                                   : i_tofd_t2.asm.obj (.text)
                  0000265e    0000001c                                   : copy_zero_init.c.obj (.text:decompress:ZI:__TI_zero_init_nomemset:__TI_zero_init_nomemset)
                  0000267a    0000001c                                   : memccpy.c.obj (.text:memccpy)
                  00002696    0000001a                                   : s_copysign.c.obj (.text:copysign)
                  000026b0    00000018                                   : vsnprintf.c.obj (.text:_outc)
                  000026c8    00000018                                   : strcmp.c.obj (.text:strcmp)
                  000026e0    00000016                                   : strchr.c.obj (.text:strchr)
                  000026f6    00000014                                   : strcpy.c.obj (.text:strcpy)
                  0000270a    00000014                                   : strlen.c.obj (.text:strlen)
                  0000271e    00000012                                   : wcslen.c.obj (.text:wcslen)
                  00002730    00000010     lcd.obj (.text:lcd_clear)
                  00002740    0000000e     rtsv7M4_T_le_v4SPD16_eabi.lib : copy_decompress_none.c.obj (.text:decompress:none:__TI_decompress_none)
                  0000274e    0000000c     tm4c123gh6pm_startup_ccs.obj (.text)
                  0000275a    00000002     --HOLE-- [fill = 0]
                  0000275c    00000008     rtsv7M4_T_le_v4SPD16_eabi.lib : errno.c.obj (.text:__aeabi_errno_addr)
                  00002764    00000004                                   : pre_init.c.obj (.text:_system_pre_init)
                  00002768    00000004                                   : exit.c.obj (.text:abort:abort)

.const     0    0000276c    00000109     
                  0000276c    00000101     rtsv7M4_T_le_v4SPD16_eabi.lib : ctype.c.obj (.const:.string:_ctypes_)
                  0000286d    00000004     lcd.obj (.const:.string:lineAddress$1)
                  00002871    00000004     lcd.obj (.const:.string:lineAddresses$2)

.cinit     0    00002878    00000040     
                  00002878    0000000c     (__TI_handler_table)
                  00002884    00000004     --HOLE-- [fill = 0]
                  00002888    00000008     (.cinit..bss.load) [load image, compression = zero_init]
                  00002890    00000008     (.cinit..vtable.load) [load image, compression = zero_init]
                  00002898    00000007     (.cinit..data.load) [load image, compression = lzss]
                  0000289f    00000001     --HOLE-- [fill = 0]
                  000028a0    00000018     (__TI_cinit_table)

.init_array 
*          0    00000000    00000000     UNINITIALIZED

.vtable    0    20000000    0000026c     UNINITIALIZED
                  20000000    0000026c     driverlib.lib : interrupt.obj (.vtable)

.bss       0    20001270    00000058     UNINITIALIZED
                  20001270    00000054     lcd.obj (.bss:lastbuffer$3)
                  200012c4    00000004     (.common:_timeout_ticks)

.data      0    200012c8    00000005     UNINITIALIZED
                  200012c8    00000004     rtsv7M4_T_le_v4SPD16_eabi.lib : errno.c.obj (.data)
                  200012cc    00000001     Timer.obj (.data)

.stack     0    20000270    00001000     UNINITIALIZED
                  20000270    00000004     rtsv7M4_T_le_v4SPD16_eabi.lib : boot_cortex_m.c.obj (.stack)
                  20000274    00000ffc     --HOLE--

__llvm_prf_cnts 
*          0    20000000    00000000     UNINITIALIZED

MODULE SUMMARY

       Module                         code   ro data   rw data
       ------                         ----   -------   -------
    .\
       lcd.obj                        900    8         84     
       tm4c123gh6pm_startup_ccs.obj   12     620       0      
       Timer.obj                      584    0         5      
       helloworld.obj                 74     0         0      
    +--+------------------------------+------+---------+---------+
       Total:                         1570   628       89     
                                                              
    C:/ti/TivaWare_C_Series-2.2.0.295/driverlib/ccs/Debug/driverlib.lib
       interrupt.obj                  52     0         620    
    +--+------------------------------+------+---------+---------+
       Total:                         52     0         620    
                                                              
    C:\ti\ccs1230\ccs\tools\compiler\ti-cgt-arm_20.2.7.LTS\lib\rtsv7M4_T_le_v4SPD16_eabi.lib
       _printfi.c.obj                 4851   0         0      
       fd_add_t2.asm.obj              438    0         0      
       fd_div_t2.asm.obj              310    0         0      
       s_scalbn.c.obj                 272    0         0      
       fd_cmp_t2.asm.obj              268    0         0      
       ctype.c.obj                    0      257       0      
       fd_mul_t2.asm.obj              252    0         0      
       memcpy_t2.asm.obj              156    0         0      
       ull_div_t2.asm.obj             150    0         0      
       vsnprintf.c.obj                136    0         0      
       memset_t2.asm.obj              122    0         0      
       copy_decompress_lzss.c.obj     104    0         0      
       s_frexp.c.obj                  100    0         0      
       _ltoa.c.obj                    84     0         0      
       atoi.c.obj                     76     0         0      
       fd_toi_t2.asm.obj              72     0         0      
       autoinit.c.obj                 68     0         0      
       u_divt2.asm.obj                64     0         0      
       boot_cortex_m.c.obj            52     0         0      
       i_tofd_t2.asm.obj              46     0         0      
       copy_zero_init.c.obj           28     0         0      
       memccpy.c.obj                  28     0         0      
       s_copysign.c.obj               26     0         0      
       strcmp.c.obj                   24     0         0      
       strchr.c.obj                   22     0         0      
       strcpy.c.obj                   20     0         0      
       strlen.c.obj                   20     0         0      
       wcslen.c.obj                   18     0         0      
       copy_decompress_none.c.obj     14     0         0      
       errno.c.obj                    8      0         4      
       exit.c.obj                     4      0         0      
       pre_init.c.obj                 4      0         0      
       div0.asm.obj                   2      0         0      
    +--+------------------------------+------+---------+---------+
       Total:                         7839   257       4      
                                                              
       Stack:                         0      0         4096   
       Linker Generated:              0      59        0      
    +--+------------------------------+------+---------+---------+
       Grand Total:                   9461   944       4809   


LINKER GENERATED COPY TABLES

__TI_cinit_table @ 000028a0 records: 3, size/record: 8, table size: 24
	.bss: load addr=00002888, load size=00000008 bytes, run addr=20001270, run size=00000058 bytes, compression=zero_init
	.vtable: load addr=00002890, load size=00000008 bytes, run addr=20000000, run size=0000026c bytes, compression=zero_init
	.data: load addr=00002898, load size=00000007 bytes, run addr=200012c8, run size=00000005 bytes, compression=lzss


LINKER GENERATED HANDLER TABLE

__TI_handler_table @ 00002878 records: 3, size/record: 4, table size: 12
	index: 0, handler: __TI_zero_init
	index: 1, handler: __TI_decompress_lzss
	index: 2, handler: __TI_decompress_none


GLOBAL SYMBOLS: SORTED ALPHABETICALLY BY Name 

address   name                          
-------   ----                          
00002769  C$$EXIT                       
00002599  IntRegister                   
0000274f  ResetISR                      
20001270  __STACK_END                   
00001000  __STACK_SIZE                  
20000470  __STACK_TOP                   
000028a0  __TI_CINIT_Base               
000028b8  __TI_CINIT_Limit              
00002878  __TI_Handler_Table_Base       
00002884  __TI_Handler_Table_Limit      
00002495  __TI_auto_init_nobinit_nopinit
000021ed  __TI_decompress_lzss          
00002741  __TI_decompress_none          
0000230f  __TI_ltoa                     
ffffffff  __TI_pprof_out_hndl           
0000026d  __TI_printfi                  
ffffffff  __TI_prof_data_size           
ffffffff  __TI_prof_data_start          
00000000  __TI_static_base__            
0000265f  __TI_zero_init_nomemset       
00001ff9  __aeabi_cdcmpeq               
00001ff9  __aeabi_cdcmple               
0000207f  __aeabi_cdrcmple              
0000244b  __aeabi_d2iz                  
000016c3  __aeabi_dadd                  
000019ad  __aeabi_ddiv                  
00001d19  __aeabi_dmul                  
000016b9  __aeabi_dsub                  
0000275d  __aeabi_errno_addr            
00002631  __aeabi_i2d                   
00000cbb  __aeabi_idiv0                 
00000cbb  __aeabi_ldiv0                 
00002105  __aeabi_memclr                
00002105  __aeabi_memclr4               
00002105  __aeabi_memclr8               
00001ec7  __aeabi_memcpy                
00001ec7  __aeabi_memcpy4               
00001ec7  __aeabi_memcpy8               
00002107  __aeabi_memset                
00002107  __aeabi_memset4               
00002107  __aeabi_memset8               
000024d9  __aeabi_uidiv                 
000024d9  __aeabi_uidivmod              
00001f63  __aeabi_uldivmod              
ffffffff  __binit__                     
ffffffff  __c_args__                    
UNDEFED   __mpu_init                    
20000270  __stack                       
20000000  __start___llvm_prf_cnts       
20000000  __stop___llvm_prf_cnts        
000025cd  _c_int00_noargs               
0000276c  _ctypes_                      
200012cc  _running                      
UNDEFED   _system_post_cinit            
00002765  _system_pre_init              
200012c4  _timeout_ticks                
00002769  abort                         
000023b5  atoi                          
ffffffff  binit                         
00002697  copysign                      
00002697  copysignl                     
200012c8  errno                         
00002255  frexp                         
00002255  frexpl                        
20000000  g_pfnRAMVectors               
00000000  g_pfnVectors                  
00002731  lcd_clear                     
00000ed7  lcd_gotoLine                  
00000d3f  lcd_init                      
00000f3d  lcd_printf                    
00000dff  lcd_putc                      
00000e37  lcd_puts                      
00000cbd  lcd_reverseNibble             
00000cf9  lcd_rotatingBanner            
00000e55  lcd_sendCommand               
00000e93  lcd_sendNibble                
00000eff  lcd_setCursorPos              
00001c09  ldexp                         
00001c09  ldexpl                        
00002401  main                          
0000267b  memccpy                       
00001ec7  memcpy                        
0000210d  memset                        
00001c09  scalbn                        
00001c09  scalbnl                       
000026e1  strchr                        
000026c9  strcmp                        
000026f7  strcpy                        
0000270b  strlen                        
000013bf  timer_getMicros               
00001367  timer_getMillis               
000012a1  timer_init                    
00001343  timer_pause                   
00001355  timer_resume                  
00001319  timer_stop                    
00001419  timer_waitMicros              
0000144b  timer_waitMillis              
00002519  vsnprintf                     
0000271f  wcslen                        


GLOBAL SYMBOLS: SORTED BY Symbol Address 

address   name                          
-------   ----                          
00000000  __TI_static_base__            
00000000  g_pfnVectors                  
0000026d  __TI_printfi                  
00000cbb  __aeabi_idiv0                 
00000cbb  __aeabi_ldiv0                 
00000cbd  lcd_reverseNibble             
00000cf9  lcd_rotatingBanner            
00000d3f  lcd_init                      
00000dff  lcd_putc                      
00000e37  lcd_puts                      
00000e55  lcd_sendCommand               
00000e93  lcd_sendNibble                
00000ed7  lcd_gotoLine                  
00000eff  lcd_setCursorPos              
00000f3d  lcd_printf                    
00001000  __STACK_SIZE                  
000012a1  timer_init                    
00001319  timer_stop                    
00001343  timer_pause                   
00001355  timer_resume                  
00001367  timer_getMillis               
000013bf  timer_getMicros               
00001419  timer_waitMicros              
0000144b  timer_waitMillis              
000016b9  __aeabi_dsub                  
000016c3  __aeabi_dadd                  
000019ad  __aeabi_ddiv                  
00001c09  ldexp                         
00001c09  ldexpl                        
00001c09  scalbn                        
00001c09  scalbnl                       
00001d19  __aeabi_dmul                  
00001ec7  __aeabi_memcpy                
00001ec7  __aeabi_memcpy4               
00001ec7  __aeabi_memcpy8               
00001ec7  memcpy                        
00001f63  __aeabi_uldivmod              
00001ff9  __aeabi_cdcmpeq               
00001ff9  __aeabi_cdcmple               
0000207f  __aeabi_cdrcmple              
00002105  __aeabi_memclr                
00002105  __aeabi_memclr4               
00002105  __aeabi_memclr8               
00002107  __aeabi_memset                
00002107  __aeabi_memset4               
00002107  __aeabi_memset8               
0000210d  memset                        
000021ed  __TI_decompress_lzss          
00002255  frexp                         
00002255  frexpl                        
0000230f  __TI_ltoa                     
000023b5  atoi                          
00002401  main                          
0000244b  __aeabi_d2iz                  
00002495  __TI_auto_init_nobinit_nopinit
000024d9  __aeabi_uidiv                 
000024d9  __aeabi_uidivmod              
00002519  vsnprintf                     
00002599  IntRegister                   
000025cd  _c_int00_noargs               
00002631  __aeabi_i2d                   
0000265f  __TI_zero_init_nomemset       
0000267b  memccpy                       
00002697  copysign                      
00002697  copysignl                     
000026c9  strcmp                        
000026e1  strchr                        
000026f7  strcpy                        
0000270b  strlen                        
0000271f  wcslen                        
00002731  lcd_clear                     
00002741  __TI_decompress_none          
0000274f  ResetISR                      
0000275d  __aeabi_errno_addr            
00002765  _system_pre_init              
00002769  C$$EXIT                       
00002769  abort                         
0000276c  _ctypes_                      
00002878  __TI_Handler_Table_Base       
00002884  __TI_Handler_Table_Limit      
000028a0  __TI_CINIT_Base               
000028b8  __TI_CINIT_Limit              
20000000  __start___llvm_prf_cnts       
20000000  __stop___llvm_prf_cnts        
20000000  g_pfnRAMVectors               
20000270  __stack                       
20000470  __STACK_TOP                   
20001270  __STACK_END                   
200012c4  _timeout_ticks                
200012c8  errno                         
200012cc  _running                      
ffffffff  __TI_pprof_out_hndl           
ffffffff  __TI_prof_data_size           
ffffffff  __TI_prof_data_start          
ffffffff  __binit__                     
ffffffff  __c_args__                    
ffffffff  binit                         
UNDEFED   __mpu_init                    
UNDEFED   _system_post_cinit            

[99 symbols]
