******************************************************************************
                  TI ARM Linker PC v20.2.7                     
******************************************************************************
>> Linked Wed Apr  3 11:48:10 2024

OUTPUT FILE NAME:   <Lab9.out>
ENTRY POINT SYMBOL: "_c_int00_noargs"  address: 00002971


MEMORY CONFIGURATION

         name            origin    length      used     unused   attr    fill
----------------------  --------  ---------  --------  --------  ----  --------
  FLASH                 00000000   00040000  00002cb5  0003d34b  R  X
  SRAM                  20000000   00008000  000012d4  00006d2c  RW X


SEGMENT ALLOCATION MAP

run origin  load origin   length   init length attrs members
----------  ----------- ---------- ----------- ----- -------
00000000    00000000    00002cb8   00002cb8    r-x
  00000000    00000000    0000026c   0000026c    r-- .intvecs
  0000026c    0000026c    00002900   00002900    r-x .text
  00002b6c    00002b6c    00000109   00000109    r-- .const
  00002c78    00002c78    00000040   00000040    r-- .cinit
20000000    20000000    000012d8   00000000    rw-
  20000000    20000000    0000026c   00000000    rw- .vtable
  20000270    20000270    00001000   00000000    rw- .stack
  20001270    20001270    00000058   00000000    rw- .bss
  200012c8    200012c8    00000010   00000000    rw- .data


SECTION ALLOCATION MAP

 output                                  attributes/
section   page    origin      length       input sections
--------  ----  ----------  ----------   ----------------
.intvecs   0    00000000    0000026c     
                  00000000    0000026c     tm4c123gh6pm_startup_ccs.obj (.intvecs)

.text      0    0000026c    00002900     
                  0000026c    00000a4e     rtsv7M4_T_le_v4SPD16_eabi.lib : _printfi.c.obj (.text:__TI_printfi)
                  00000cba    00000002                                   : div0.asm.obj (.text)
                  00000cbc    00000328     lcd.obj (.text)
                  00000fe4    00000308     ping.obj (.text)
                  000012ec    00000270     rtsv7M4_T_le_v4SPD16_eabi.lib : _printfi.c.obj (.text:_pconv_a)
                  0000155c    00000248     Timer.obj (.text)
                  000017a4    000001d0     rtsv7M4_T_le_v4SPD16_eabi.lib : _printfi.c.obj (.text:_pconv_g)
                  00001974    000001b6                                   : fd_add_t2.asm.obj (.text)
                  00001b2a    00000002     --HOLE-- [fill = 0]
                  00001b2c    0000013c                                   : _printfi.c.obj (.text:_pconv_e)
                  00001c68    00000136                                   : fd_div_t2.asm.obj (.text)
                  00001d9e    00000002     --HOLE-- [fill = 0]
                  00001da0    00000124                                   : _printfi.c.obj (.text:fcvt)
                  00001ec4    00000110                                   : s_scalbn.c.obj (.text:scalbn)
                  00001fd4    000000fc                                   : fd_mul_t2.asm.obj (.text)
                  000020d0    000000b1                                   : _printfi.c.obj (.text:_ltostr)
                  00002181    00000001     --HOLE-- [fill = 0]
                  00002182    0000009c                                   : memcpy_t2.asm.obj (.text)
                  0000221e    00000096                                   : ull_div_t2.asm.obj (.text)
                  000022b4    00000086                                   : fd_cmp_t2.asm.obj (.text:__aeabi_cdcmple)
                  0000233a    00000086                                   : fd_cmp_t2.asm.obj (.text:__aeabi_cdrcmple)
                  000023c0    0000007a                                   : memset_t2.asm.obj (.text)
                  0000243a    0000006e                                   : _printfi.c.obj (.text:_mcpy)
                  000024a8    0000006e                                   : fd_tos_t2.asm.obj (.text)
                  00002516    00000068                                   : copy_decompress_lzss.c.obj (.text:decompress:lzss:__TI_decompress_lzss)
                  0000257e    00000002     --HOLE-- [fill = 0]
                  00002580    00000064                                   : s_frexp.c.obj (.text:frexp)
                  000025e4    00000058     lab9_template.obj (.text)
                  0000263c    00000056     rtsv7M4_T_le_v4SPD16_eabi.lib : _printfi.c.obj (.text:_pconv_f)
                  00002692    00000054                                   : _ltoa.c.obj (.text:__TI_ltoa)
                  000026e6    00000052                                   : _printfi.c.obj (.text:_ecpy)
                  00002738    0000004c                                   : atoi.c.obj (.text:atoi)
                  00002784    00000048                                   : fd_toi_t2.asm.obj (.text)
                  000027cc    00000044                                   : autoinit.c.obj (.text:__TI_auto_init_nobinit_nopinit:__TI_auto_init_nobinit_nopinit)
                  00002810    00000040                                   : sprintf.c.obj (.text:sprintf)
                  00002850    00000040                                   : vsnprintf.c.obj (.text:vsnprintf)
                  00002890    0000003e                                   : _printfi.c.obj (.text:_fcpy)
                  000028ce    00000038                                   : fs_tod_t2.asm.obj (.text)
                  00002906    00000036                                   : strncpy.c.obj (.text:strncpy)
                  0000293c    00000034     driverlib.lib : interrupt.obj (.text:IntRegister)
                  00002970    00000034     rtsv7M4_T_le_v4SPD16_eabi.lib : boot_cortex_m.c.obj (.text:_c_int00_noargs:_c_int00_noargs)
                  000029a4    00000030                                   : vsnprintf.c.obj (.text:_outs)
                  000029d4    0000002e                                   : i_tofd_t2.asm.obj (.text)
                  00002a02    00000020                                   : u_tofd_t2.asm.obj (.text)
                  00002a22    0000001c                                   : copy_zero_init.c.obj (.text:decompress:ZI:__TI_zero_init_nomemset:__TI_zero_init_nomemset)
                  00002a3e    0000001c                                   : memccpy.c.obj (.text:memccpy)
                  00002a5a    0000001a                                   : s_copysign.c.obj (.text:copysign)
                  00002a74    00000018                                   : vsnprintf.c.obj (.text:_outc)
                  00002a8c    00000018                                   : sprintf.c.obj (.text:_outs)
                  00002aa4    00000018                                   : strcmp.c.obj (.text:strcmp)
                  00002abc    00000016                                   : strchr.c.obj (.text:strchr)
                  00002ad2    00000014                                   : strcpy.c.obj (.text:strcpy)
                  00002ae6    00000014                                   : strlen.c.obj (.text:strlen)
                  00002afa    00000012                                   : wcslen.c.obj (.text:wcslen)
                  00002b0c    00000010     driverlib.lib : interrupt.obj (.text:IntMasterEnable)
                  00002b1c    00000010     lcd.obj (.text:lcd_clear)
                  00002b2c    0000000e     rtsv7M4_T_le_v4SPD16_eabi.lib : copy_decompress_none.c.obj (.text:decompress:none:__TI_decompress_none)
                  00002b3a    0000000c     driverlib.lib : cpu.obj (.text:CPUcpsie)
                  00002b46    0000000c     tm4c123gh6pm_startup_ccs.obj (.text)
                  00002b52    0000000a     rtsv7M4_T_le_v4SPD16_eabi.lib : sprintf.c.obj (.text:_outc)
                  00002b5c    00000008                                   : errno.c.obj (.text:__aeabi_errno_addr)
                  00002b64    00000004                                   : pre_init.c.obj (.text:_system_pre_init)
                  00002b68    00000004                                   : exit.c.obj (.text:abort:abort)

.const     0    00002b6c    00000109     
                  00002b6c    00000101     rtsv7M4_T_le_v4SPD16_eabi.lib : ctype.c.obj (.const:.string:_ctypes_)
                  00002c6d    00000004     lcd.obj (.const:.string:lineAddress$1)
                  00002c71    00000004     lcd.obj (.const:.string:lineAddresses$2)

.cinit     0    00002c78    00000040     
                  00002c78    0000000c     (__TI_handler_table)
                  00002c84    00000009     (.cinit..data.load) [load image, compression = lzss]
                  00002c8d    00000003     --HOLE-- [fill = 0]
                  00002c90    00000008     (.cinit..bss.load) [load image, compression = zero_init]
                  00002c98    00000008     (.cinit..vtable.load) [load image, compression = zero_init]
                  00002ca0    00000018     (__TI_cinit_table)

.init_array 
*          0    00000000    00000000     UNINITIALIZED

.vtable    0    20000000    0000026c     UNINITIALIZED
                  20000000    0000026c     driverlib.lib : interrupt.obj (.vtable)

.bss       0    20001270    00000058     UNINITIALIZED
                  20001270    00000054     lcd.obj (.bss:lastbuffer$3)
                  200012c4    00000004     (.common:_timeout_ticks)

.data      0    200012c8    00000010     UNINITIALIZED
                  200012c8    00000009     ping.obj (.data)
                  200012d1    00000001     Timer.obj (.data)
                  200012d2    00000002     --HOLE--
                  200012d4    00000004     rtsv7M4_T_le_v4SPD16_eabi.lib : errno.c.obj (.data)

.stack     0    20000270    00001000     UNINITIALIZED
                  20000270    00000004     rtsv7M4_T_le_v4SPD16_eabi.lib : boot_cortex_m.c.obj (.stack)
                  20000274    00000ffc     --HOLE--

__llvm_prf_cnts 
*          0    20000000    00000000     UNINITIALIZED

MODULE SUMMARY

       Module                         code    ro data   rw data
       ------                         ----    -------   -------
    .\
       lcd.obj                        824     8         84     
       ping.obj                       776     0         9      
       tm4c123gh6pm_startup_ccs.obj   12      620       0      
       Timer.obj                      584     0         5      
       lab9_template.obj              88      0         0      
    +--+------------------------------+-------+---------+---------+
       Total:                         2284    628       98     
                                                               
    C:/ti/TivaWare_C_Series-2.2.0.295/driverlib/ccs/Debug/driverlib.lib
       interrupt.obj                  68      0         620    
       cpu.obj                        12      0         0      
    +--+------------------------------+-------+---------+---------+
       Total:                         80      0         620    
                                                               
    C:\ti\ccs1230\ccs\tools\compiler\ti-cgt-arm_20.2.7.LTS\lib\rtsv7M4_T_le_v4SPD16_eabi.lib
       _printfi.c.obj                 4851    0         0      
       fd_add_t2.asm.obj              438     0         0      
       fd_div_t2.asm.obj              310     0         0      
       s_scalbn.c.obj                 272     0         0      
       fd_cmp_t2.asm.obj              268     0         0      
       ctype.c.obj                    0       257       0      
       fd_mul_t2.asm.obj              252     0         0      
       memcpy_t2.asm.obj              156     0         0      
       ull_div_t2.asm.obj             150     0         0      
       vsnprintf.c.obj                136     0         0      
       memset_t2.asm.obj              122     0         0      
       fd_tos_t2.asm.obj              110     0         0      
       copy_decompress_lzss.c.obj     104     0         0      
       s_frexp.c.obj                  100     0         0      
       sprintf.c.obj                  98      0         0      
       _ltoa.c.obj                    84      0         0      
       atoi.c.obj                     76      0         0      
       fd_toi_t2.asm.obj              72      0         0      
       autoinit.c.obj                 68      0         0      
       fs_tod_t2.asm.obj              56      0         0      
       strncpy.c.obj                  54      0         0      
       boot_cortex_m.c.obj            52      0         0      
       i_tofd_t2.asm.obj              46      0         0      
       u_tofd_t2.asm.obj              32      0         0      
       copy_zero_init.c.obj           28      0         0      
       memccpy.c.obj                  28      0         0      
       s_copysign.c.obj               26      0         0      
       strcmp.c.obj                   24      0         0      
       strchr.c.obj                   22      0         0      
       strcpy.c.obj                   20      0         0      
       strlen.c.obj                   20      0         0      
       wcslen.c.obj                   18      0         0      
       copy_decompress_none.c.obj     14      0         0      
       errno.c.obj                    8       0         4      
       exit.c.obj                     4       0         0      
       pre_init.c.obj                 4       0         0      
       div0.asm.obj                   2       0         0      
    +--+------------------------------+-------+---------+---------+
       Total:                         8125    257       4      
                                                               
       Stack:                         0       0         4096   
       Linker Generated:              0       61        0      
    +--+------------------------------+-------+---------+---------+
       Grand Total:                   10489   946       4818   


LINKER GENERATED COPY TABLES

__TI_cinit_table @ 00002ca0 records: 3, size/record: 8, table size: 24
	.data: load addr=00002c84, load size=00000009 bytes, run addr=200012c8, run size=00000010 bytes, compression=lzss
	.bss: load addr=00002c90, load size=00000008 bytes, run addr=20001270, run size=00000058 bytes, compression=zero_init
	.vtable: load addr=00002c98, load size=00000008 bytes, run addr=20000000, run size=0000026c bytes, compression=zero_init


LINKER GENERATED HANDLER TABLE

__TI_handler_table @ 00002c78 records: 3, size/record: 4, table size: 12
	index: 0, handler: __TI_zero_init
	index: 1, handler: __TI_decompress_lzss
	index: 2, handler: __TI_decompress_none


GLOBAL SYMBOLS: SORTED ALPHABETICALLY BY Name 

address   name                          
-------   ----                          
00002b69  C$$EXIT                       
00002b3b  CPUcpsie                      
200012cc  END_TIME                      
00002b0d  IntMasterEnable               
0000293d  IntRegister                   
00002b47  ResetISR                      
200012c8  START_TIME                    
200012d0  STATE                         
0000115d  TIMER3B_Handler               
20001270  __STACK_END                   
00001000  __STACK_SIZE                  
20000470  __STACK_TOP                   
00002ca0  __TI_CINIT_Base               
00002cb8  __TI_CINIT_Limit              
00002c78  __TI_Handler_Table_Base       
00002c84  __TI_Handler_Table_Limit      
000027cd  __TI_auto_init_nobinit_nopinit
00002517  __TI_decompress_lzss          
00002b2d  __TI_decompress_none          
00002693  __TI_ltoa                     
ffffffff  __TI_pprof_out_hndl           
0000026d  __TI_printfi                  
ffffffff  __TI_prof_data_size           
ffffffff  __TI_prof_data_start          
00000000  __TI_static_base__            
00002a23  __TI_zero_init_nomemset       
000022b5  __aeabi_cdcmpeq               
000022b5  __aeabi_cdcmple               
0000233b  __aeabi_cdrcmple              
000024a9  __aeabi_d2f                   
00002785  __aeabi_d2iz                  
0000197f  __aeabi_dadd                  
00001c69  __aeabi_ddiv                  
00001fd5  __aeabi_dmul                  
00001975  __aeabi_dsub                  
00002b5d  __aeabi_errno_addr            
000028cf  __aeabi_f2d                   
000029d5  __aeabi_i2d                   
00000cbb  __aeabi_idiv0                 
00000cbb  __aeabi_ldiv0                 
000023c1  __aeabi_memclr                
000023c1  __aeabi_memclr4               
000023c1  __aeabi_memclr8               
00002183  __aeabi_memcpy                
00002183  __aeabi_memcpy4               
00002183  __aeabi_memcpy8               
000023c3  __aeabi_memset                
000023c3  __aeabi_memset4               
000023c3  __aeabi_memset8               
00002a03  __aeabi_ui2d                  
0000221f  __aeabi_uldivmod              
ffffffff  __binit__                     
ffffffff  __c_args__                    
UNDEFED   __mpu_init                    
20000270  __stack                       
20000000  __start___llvm_prf_cnts       
20000000  __stop___llvm_prf_cnts        
00002971  _c_int00_noargs               
00002b6c  _ctypes_                      
200012d1  _running                      
UNDEFED   _system_post_cinit            
00002b65  _system_pre_init              
200012c4  _timeout_ticks                
00002b69  abort                         
00002739  atoi                          
ffffffff  binit                         
00002a5b  copysign                      
00002a5b  copysignl                     
200012d4  errno                         
00002581  frexp                         
00002581  frexpl                        
20000000  g_pfnRAMVectors               
00000000  g_pfnVectors                  
00002b1d  lcd_clear                     
00000e91  lcd_gotoLine                  
00000cf9  lcd_init                      
00000ef7  lcd_printf                    
00000db9  lcd_putc                      
00000df1  lcd_puts                      
00000cbd  lcd_reverseNibble             
00000e0f  lcd_sendCommand               
00000e4d  lcd_sendNibble                
00000eb9  lcd_setCursorPos              
00001ec5  ldexp                         
00001ec5  ldexpl                        
000025e5  main                          
00002a3f  memccpy                       
00002183  memcpy                        
000023c9  memset                        
0000119d  ping_getDistance              
000011f7  ping_getPulseWidth            
00000fe5  ping_init                     
000010c7  ping_trigger                  
00001ec5  scalbn                        
00001ec5  scalbnl                       
00002811  sprintf                       
00002abd  strchr                        
00002aa5  strcmp                        
00002ad3  strcpy                        
00002ae7  strlen                        
00002907  strncpy                       
0000167b  timer_getMicros               
00001623  timer_getMillis               
0000155d  timer_init                    
000015ff  timer_pause                   
00001611  timer_resume                  
000015d5  timer_stop                    
000016d5  timer_waitMicros              
00001707  timer_waitMillis              
00002851  vsnprintf                     
00002afb  wcslen                        


GLOBAL SYMBOLS: SORTED BY Symbol Address 

address   name                          
-------   ----                          
00000000  __TI_static_base__            
00000000  g_pfnVectors                  
0000026d  __TI_printfi                  
00000cbb  __aeabi_idiv0                 
00000cbb  __aeabi_ldiv0                 
00000cbd  lcd_reverseNibble             
00000cf9  lcd_init                      
00000db9  lcd_putc                      
00000df1  lcd_puts                      
00000e0f  lcd_sendCommand               
00000e4d  lcd_sendNibble                
00000e91  lcd_gotoLine                  
00000eb9  lcd_setCursorPos              
00000ef7  lcd_printf                    
00000fe5  ping_init                     
00001000  __STACK_SIZE                  
000010c7  ping_trigger                  
0000115d  TIMER3B_Handler               
0000119d  ping_getDistance              
000011f7  ping_getPulseWidth            
0000155d  timer_init                    
000015d5  timer_stop                    
000015ff  timer_pause                   
00001611  timer_resume                  
00001623  timer_getMillis               
0000167b  timer_getMicros               
000016d5  timer_waitMicros              
00001707  timer_waitMillis              
00001975  __aeabi_dsub                  
0000197f  __aeabi_dadd                  
00001c69  __aeabi_ddiv                  
00001ec5  ldexp                         
00001ec5  ldexpl                        
00001ec5  scalbn                        
00001ec5  scalbnl                       
00001fd5  __aeabi_dmul                  
00002183  __aeabi_memcpy                
00002183  __aeabi_memcpy4               
00002183  __aeabi_memcpy8               
00002183  memcpy                        
0000221f  __aeabi_uldivmod              
000022b5  __aeabi_cdcmpeq               
000022b5  __aeabi_cdcmple               
0000233b  __aeabi_cdrcmple              
000023c1  __aeabi_memclr                
000023c1  __aeabi_memclr4               
000023c1  __aeabi_memclr8               
000023c3  __aeabi_memset                
000023c3  __aeabi_memset4               
000023c3  __aeabi_memset8               
000023c9  memset                        
000024a9  __aeabi_d2f                   
00002517  __TI_decompress_lzss          
00002581  frexp                         
00002581  frexpl                        
000025e5  main                          
00002693  __TI_ltoa                     
00002739  atoi                          
00002785  __aeabi_d2iz                  
000027cd  __TI_auto_init_nobinit_nopinit
00002811  sprintf                       
00002851  vsnprintf                     
000028cf  __aeabi_f2d                   
00002907  strncpy                       
0000293d  IntRegister                   
00002971  _c_int00_noargs               
000029d5  __aeabi_i2d                   
00002a03  __aeabi_ui2d                  
00002a23  __TI_zero_init_nomemset       
00002a3f  memccpy                       
00002a5b  copysign                      
00002a5b  copysignl                     
00002aa5  strcmp                        
00002abd  strchr                        
00002ad3  strcpy                        
00002ae7  strlen                        
00002afb  wcslen                        
00002b0d  IntMasterEnable               
00002b1d  lcd_clear                     
00002b2d  __TI_decompress_none          
00002b3b  CPUcpsie                      
00002b47  ResetISR                      
00002b5d  __aeabi_errno_addr            
00002b65  _system_pre_init              
00002b69  C$$EXIT                       
00002b69  abort                         
00002b6c  _ctypes_                      
00002c78  __TI_Handler_Table_Base       
00002c84  __TI_Handler_Table_Limit      
00002ca0  __TI_CINIT_Base               
00002cb8  __TI_CINIT_Limit              
20000000  __start___llvm_prf_cnts       
20000000  __stop___llvm_prf_cnts        
20000000  g_pfnRAMVectors               
20000270  __stack                       
20000470  __STACK_TOP                   
20001270  __STACK_END                   
200012c4  _timeout_ticks                
200012c8  START_TIME                    
200012cc  END_TIME                      
200012d0  STATE                         
200012d1  _running                      
200012d4  errno                         
ffffffff  __TI_pprof_out_hndl           
ffffffff  __TI_prof_data_size           
ffffffff  __TI_prof_data_start          
ffffffff  __binit__                     
ffffffff  __c_args__                    
ffffffff  binit                         
UNDEFED   __mpu_init                    
UNDEFED   _system_post_cinit            

[111 symbols]
