******************************************************************************
                  TI ARM Linker PC v20.2.7                     
******************************************************************************
>> Linked Mon Mar 18 20:38:31 2024

OUTPUT FILE NAME:   <Lab7.out>
ENTRY POINT SYMBOL: "_c_int00_noargs"  address: 00005bc5


MEMORY CONFIGURATION

         name            origin    length      used     unused   attr    fill
----------------------  --------  ---------  --------  --------  ----  --------
  FLASH                 00000000   00040000  000061cd  00039e33  R  X
  SRAM                  20000000   00008000  00002342  00005cbe  RW X


SEGMENT ALLOCATION MAP

run origin  load origin   length   init length attrs members
----------  ----------- ---------- ----------- ----- -------
00000000    00000000    000061d0   000061d0    r-x
  00000000    00000000    0000026c   0000026c    r-- .intvecs
  0000026c    0000026c    00005b9c   00005b9c    r-x .text
  00005e08    00005e08    0000036d   0000036d    r-- .const
  00006178    00006178    00000058   00000058    r-- .cinit
20000000    20000000    00002349   00000000    rw-
  20000000    20000000    0000026c   00000000    rw- .vtable
  20000270    20000270    00001000   00000000    rw- .stack
  20001270    20001270    00001000   00000000    rw- .sysmem
  20002270    20002270    00000089   00000000    rw- .bss
  200022fc    200022fc    0000004d   00000000    rw- .data


SECTION ALLOCATION MAP

 output                                  attributes/
section   page    origin      length       input sections
--------  ----  ----------  ----------   ----------------
.intvecs   0    00000000    0000026c     
                  00000000    0000026c     tm4c123gh6pm_startup_ccs.obj (.intvecs)

.text      0    0000026c    00005b9c     
                  0000026c    00000c20     open_interface.obj (.text)
                  00000e8c    00000a4e     rtsv7M4_T_le_v4SPD16_eabi.lib : _printfi.c.obj (.text:__TI_printfi)
                  000018da    00000002                                   : _lock.c.obj (.text:_nop)
                  000018dc    000007f0     scan.obj (.text)
                  000020cc    00000738     rtsv7M4_T_le_v4SPD16_eabi.lib : k_rem_pio2.c.obj (.text:__kernel_rem_pio2)
                  00002804    000005e0                                   : s_sin.c.obj (.text:sin)
                  00002de4    00000374     lcd.obj (.text)
                  00003158    00000320     movement.obj (.text)
                  00003478    00000270     rtsv7M4_T_le_v4SPD16_eabi.lib : _printfi.c.obj (.text:_pconv_a)
                  000036e8    00000260     libcybotScan.lib : cyBot_Scan.obj (.text)
                  00003948    00000248     Timer.obj (.text)
                  00003b90    00000220     uart-interrupt.obj (.text)
                  00003db0    000001ec     libcybotScan.lib : ping.obj (.text)
                  00003f9c    000001d0     rtsv7M4_T_le_v4SPD16_eabi.lib : _printfi.c.obj (.text:_pconv_g)
                  0000416c    000001d0     lab7.obj (.text)
                  0000433c    000001b6     rtsv7M4_T_le_v4SPD16_eabi.lib : fd_add_t2.asm.obj (.text)
                  000044f2    00000002                                   : div0.asm.obj (.text)
                  000044f4    00000174                                   : k_sin.c.obj (.text:__kernel_sin)
                  00004668    00000170                                   : k_cos.c.obj (.text:__kernel_cos)
                  000047d8    00000158     libcybotScan.lib : servo.obj (.text)
                  00004930    0000013c     rtsv7M4_T_le_v4SPD16_eabi.lib : _printfi.c.obj (.text:_pconv_e)
                  00004a6c    00000136                                   : fd_div_t2.asm.obj (.text)
                  00004ba2    00000002     --HOLE-- [fill = 0]
                  00004ba4    00000124                                   : _printfi.c.obj (.text:fcvt)
                  00004cc8    00000118     libcybotScan.lib : ir.obj (.text)
                  00004de0    00000110     rtsv7M4_T_le_v4SPD16_eabi.lib : s_scalbn.c.obj (.text:scalbn)
                  00004ef0    00000100                                   : memory.c.obj (.text:aligned_alloc)
                  00004ff0    000000fc                                   : fd_mul_t2.asm.obj (.text)
                  000050ec    000000f8                                   : s_floor.c.obj (.text:floor)
                  000051e4    000000e4                                   : memory.c.obj (.text:free)
                  000052c8    000000b1                                   : _printfi.c.obj (.text:_ltostr)
                  00005379    00000001     --HOLE-- [fill = 0]
                  0000537a    0000009c                                   : memcpy_t2.asm.obj (.text)
                  00005416    00000096                                   : ull_div_t2.asm.obj (.text)
                  000054ac    00000086                                   : fd_cmp_t2.asm.obj (.text:__aeabi_cdcmple)
                  00005532    00000086                                   : fd_cmp_t2.asm.obj (.text:__aeabi_cdrcmple)
                  000055b8    0000007a                                   : memset_t2.asm.obj (.text)
                  00005632    00000002     --HOLE-- [fill = 0]
                  00005634    00000070                                   : memory.c.obj (.text:split)
                  000056a4    0000006e                                   : _printfi.c.obj (.text:_mcpy)
                  00005712    0000006e                                   : fd_tos_t2.asm.obj (.text)
                  00005780    00000068                                   : copy_decompress_lzss.c.obj (.text:decompress:lzss:__TI_decompress_lzss)
                  000057e8    00000064                                   : s_frexp.c.obj (.text:frexp)
                  0000584c    00000056                                   : _printfi.c.obj (.text:_pconv_f)
                  000058a2    00000054                                   : _ltoa.c.obj (.text:__TI_ltoa)
                  000058f6    00000052                                   : _printfi.c.obj (.text:_ecpy)
                  00005948    0000004c                                   : atoi.c.obj (.text:atoi)
                  00005994    00000048                                   : fd_toi_t2.asm.obj (.text)
                  000059dc    00000044                                   : autoinit.c.obj (.text:__TI_auto_init_nobinit_nopinit:__TI_auto_init_nobinit_nopinit)
                  00005a20    00000040                                   : u_divt2.asm.obj (.text)
                  00005a60    00000040                                   : sprintf.c.obj (.text:sprintf)
                  00005aa0    00000040                                   : vsnprintf.c.obj (.text:vsnprintf)
                  00005ae0    0000003e                                   : _printfi.c.obj (.text:_fcpy)
                  00005b1e    00000002     --HOLE-- [fill = 0]
                  00005b20    00000038                                   : memory.c.obj (.text:calloc)
                  00005b58    00000038                                   : fs_tod_t2.asm.obj (.text)
                  00005b90    00000034     driverlib.lib : interrupt.obj (.text:IntRegister)
                  00005bc4    00000034     rtsv7M4_T_le_v4SPD16_eabi.lib : boot_cortex_m.c.obj (.text:_c_int00_noargs:_c_int00_noargs)
                  00005bf8    00000030                                   : vsnprintf.c.obj (.text:_outs)
                  00005c28    0000002e                                   : i_tofd_t2.asm.obj (.text)
                  00005c56    00000002     --HOLE-- [fill = 0]
                  00005c58    00000028                                   : memory.c.obj (.text:free_list_insert)
                  00005c80    0000001c                                   : copy_zero_init.c.obj (.text:decompress:ZI:__TI_zero_init_nomemset:__TI_zero_init_nomemset)
                  00005c9c    0000001c                                   : memory.c.obj (.text:free_list_remove)
                  00005cb8    0000001c                                   : memccpy.c.obj (.text:memccpy)
                  00005cd4    0000001a                                   : s_copysign.c.obj (.text:copysign)
                  00005cee    00000018                                   : vsnprintf.c.obj (.text:_outc)
                  00005d06    00000018                                   : sprintf.c.obj (.text:_outs)
                  00005d1e    00000018     open_interface.obj (.text:oi_parseInt)
                  00005d36    00000018     rtsv7M4_T_le_v4SPD16_eabi.lib : strcmp.c.obj (.text:strcmp)
                  00005d4e    00000016                                   : strchr.c.obj (.text:strchr)
                  00005d64    00000014                                   : strcpy.c.obj (.text:strcpy)
                  00005d78    00000014                                   : strlen.c.obj (.text:strlen)
                  00005d8c    00000012                                   : wcslen.c.obj (.text:wcslen)
                  00005d9e    00000010     driverlib.lib : interrupt.obj (.text:IntMasterEnable)
                  00005dae    00000010     lcd.obj (.text:lcd_clear)
                  00005dbe    0000000e     rtsv7M4_T_le_v4SPD16_eabi.lib : copy_decompress_none.c.obj (.text:decompress:none:__TI_decompress_none)
                  00005dcc    0000000c     driverlib.lib : cpu.obj (.text:CPUcpsie)
                  00005dd8    0000000c     tm4c123gh6pm_startup_ccs.obj (.text)
                  00005de4    0000000a     rtsv7M4_T_le_v4SPD16_eabi.lib : sprintf.c.obj (.text:_outc)
                  00005dee    00000002     --HOLE-- [fill = 0]
                  00005df0    00000008                                   : errno.c.obj (.text:__aeabi_errno_addr)
                  00005df8    00000008                                   : memory.c.obj (.text:malloc)
                  00005e00    00000004                                   : pre_init.c.obj (.text:_system_pre_init)
                  00005e04    00000004                                   : exit.c.obj (.text:abort:abort)

.const     0    00005e08    0000036d     
                  00005e08    00000158     rtsv7M4_T_le_v4SPD16_eabi.lib : k_rem_pio2.c.obj (.const:$O1$$)
                  00005f60    00000101                                   : ctype.c.obj (.const:.string:_ctypes_)
                  00006061    00000003     --HOLE-- [fill = 0]
                  00006064    00000028     scan.obj (.const:$P$T1$2)
                  0000608c    00000028     scan.obj (.const:$P$T2$3)
                  000060b4    00000028     scan.obj (.const:$P$T3$4)
                  000060dc    00000028     scan.obj (.const:$P$T4$5)
                  00006104    00000028     scan.obj (.const:$P$T5$6)
                  0000612c    00000028     scan.obj (.const:$P$T6$7)
                  00006154    0000000f     open_interface.obj (.const:.string:$P$T0$3)
                  00006163    0000000a     scan.obj (.const:.string:$P$T0$1)
                  0000616d    00000004     lcd.obj (.const:.string:lineAddress$1)
                  00006171    00000004     lcd.obj (.const:.string:lineAddresses$2)

.cinit     0    00006178    00000058     
                  00006178    00000020     (.cinit..data.load) [load image, compression = lzss]
                  00006198    0000000c     (__TI_handler_table)
                  000061a4    00000004     --HOLE-- [fill = 0]
                  000061a8    00000008     (.cinit..bss.load) [load image, compression = zero_init]
                  000061b0    00000008     (.cinit..vtable.load) [load image, compression = zero_init]
                  000061b8    00000018     (__TI_cinit_table)

.init_array 
*          0    00000000    00000000     UNINITIALIZED

.vtable    0    20000000    0000026c     UNINITIALIZED
                  20000000    0000026c     driverlib.lib : interrupt.obj (.vtable)

.stack     0    20000270    00001000     UNINITIALIZED
                  20000270    00000004     rtsv7M4_T_le_v4SPD16_eabi.lib : boot_cortex_m.c.obj (.stack)
                  20000274    00000ffc     --HOLE--

.sysmem    0    20001270    00001000     UNINITIALIZED
                  20001270    00000010     rtsv7M4_T_le_v4SPD16_eabi.lib : memory.c.obj (.sysmem)
                  20001280    00000ff0     --HOLE--

.bss       0    20002270    00000089     UNINITIALIZED
                  20002270    00000054     lcd.obj (.bss:lastbuffer$3)
                  200022c4    00000018     open_interface.obj (.bss:firmware$2)
                  200022dc    00000004     (.common:_timeout_ticks)
                  200022e0    00000004     (.common:fallingEdge)
                  200022e4    00000004     (.common:isr_int_value)
                  200022e8    00000004     (.common:left_calibration_value)
                  200022ec    00000004     (.common:pulseLength)
                  200022f0    00000004     (.common:right_calibration_value)
                  200022f4    00000004     (.common:risingEdge)
                  200022f8    00000001     (.common:isRisingEdge)

.data      0    200022fc    0000004d     UNINITIALIZED
                  200022fc    00000020     open_interface.obj (.data)
                  2000231c    0000000c     uart-interrupt.obj (.data)
                  20002328    00000008     rtsv7M4_T_le_v4SPD16_eabi.lib : _lock.c.obj (.data:$O1$$)
                  20002330    00000008                                   : memory.c.obj (.data:$O1$$)
                  20002338    00000008     scan.obj (.data)
                  20002340    00000004     libcybotScan.lib : cyBot_Scan.obj (.data)
                  20002344    00000004     rtsv7M4_T_le_v4SPD16_eabi.lib : errno.c.obj (.data)
                  20002348    00000001     Timer.obj (.data)

__llvm_prf_cnts 
*          0    20000000    00000000     UNINITIALIZED

MODULE SUMMARY

       Module                         code    ro data   rw data
       ------                         ----    -------   -------
    .\
       open_interface.obj             3128    15        56     
       scan.obj                       2032    250       8      
       lcd.obj                        900     8         84     
       movement.obj                   800     0         0      
       tm4c123gh6pm_startup_ccs.obj   12      620       0      
       Timer.obj                      584     0         5      
       uart-interrupt.obj             544     0         12     
       lab7.obj                       464     0         8      
    +--+------------------------------+-------+---------+---------+
       Total:                         8464    893       173    
                                                               
    ../libcybotScan.lib
       cyBot_Scan.obj                 608     0         4      
       ping.obj                       492     0         13     
       servo.obj                      344     0         0      
       ir.obj                         280     0         4      
    +--+------------------------------+-------+---------+---------+
       Total:                         1724    0         21     
                                                               
    C:/ti/TivaWare_C_Series-2.2.0.295/driverlib/ccs/Debug/driverlib.lib
       interrupt.obj                  68      0         620    
       cpu.obj                        12      0         0      
    +--+------------------------------+-------+---------+---------+
       Total:                         80      0         620    
                                                               
    C:\ti\ccs1230\ccs\tools\compiler\ti-cgt-arm_20.2.7.LTS\lib\rtsv7M4_T_le_v4SPD16_eabi.lib
       _printfi.c.obj                 4851    0         0      
       k_rem_pio2.c.obj               1848    344       0      
       s_sin.c.obj                    1504    0         0      
       memory.c.obj                   728     0         8      
       fd_add_t2.asm.obj              438     0         0      
       k_sin.c.obj                    372     0         0      
       k_cos.c.obj                    368     0         0      
       fd_div_t2.asm.obj              310     0         0      
       s_scalbn.c.obj                 272     0         0      
       fd_cmp_t2.asm.obj              268     0         0      
       ctype.c.obj                    0       257       0      
       fd_mul_t2.asm.obj              252     0         0      
       s_floor.c.obj                  248     0         0      
       memcpy_t2.asm.obj              156     0         0      
       ull_div_t2.asm.obj             150     0         0      
       vsnprintf.c.obj                136     0         0      
       memset_t2.asm.obj              122     0         0      
       fd_tos_t2.asm.obj              110     0         0      
       copy_decompress_lzss.c.obj     104     0         0      
       s_frexp.c.obj                  100     0         0      
       sprintf.c.obj                  98      0         0      
       _ltoa.c.obj                    84      0         0      
       atoi.c.obj                     76      0         0      
       fd_toi_t2.asm.obj              72      0         0      
       autoinit.c.obj                 68      0         0      
       u_divt2.asm.obj                64      0         0      
       fs_tod_t2.asm.obj              56      0         0      
       boot_cortex_m.c.obj            52      0         0      
       i_tofd_t2.asm.obj              46      0         0      
       copy_zero_init.c.obj           28      0         0      
       memccpy.c.obj                  28      0         0      
       s_copysign.c.obj               26      0         0      
       strcmp.c.obj                   24      0         0      
       strchr.c.obj                   22      0         0      
       strcpy.c.obj                   20      0         0      
       strlen.c.obj                   20      0         0      
       wcslen.c.obj                   18      0         0      
       copy_decompress_none.c.obj     14      0         0      
       errno.c.obj                    8       0         4      
       _lock.c.obj                    2       0         8      
       exit.c.obj                     4       0         0      
       pre_init.c.obj                 4       0         0      
       div0.asm.obj                   2       0         0      
    +--+------------------------------+-------+---------+---------+
       Total:                         13173   601       20     
                                                               
       Heap:                          0       0         4096   
       Stack:                         0       0         4096   
       Linker Generated:              0       84        0      
    +--+------------------------------+-------+---------+---------+
       Grand Total:                   23441   1578      9026   


LINKER GENERATED COPY TABLES

__TI_cinit_table @ 000061b8 records: 3, size/record: 8, table size: 24
	.data: load addr=00006178, load size=00000020 bytes, run addr=200022fc, run size=0000004d bytes, compression=lzss
	.bss: load addr=000061a8, load size=00000008 bytes, run addr=20002270, run size=00000089 bytes, compression=zero_init
	.vtable: load addr=000061b0, load size=00000008 bytes, run addr=20000000, run size=0000026c bytes, compression=zero_init


LINKER GENERATED HANDLER TABLE

__TI_handler_table @ 00006198 records: 3, size/record: 4, table size: 12
	index: 0, handler: __TI_zero_init
	index: 1, handler: __TI_decompress_lzss
	index: 2, handler: __TI_decompress_none


GLOBAL SYMBOLS: SORTED ALPHABETICALLY BY Name 

address   name                          
-------   ----                          
00004d61  ADC0SS0_Handler               
00005e05  C$$EXIT                       
00005dcd  CPUcpsie                      
00000bc3  GPIOF_Handler                 
00005d9f  IntMasterEnable               
00005b91  IntRegister                   
00005dd9  ResetISR                      
00003ea1  TIMER3B_Handler               
00003cf5  UART1_Handler                 
20001270  __STACK_END                   
00001000  __STACK_SIZE                  
20000470  __STACK_TOP                   
00001000  __SYSMEM_SIZE                 
000061b8  __TI_CINIT_Base               
000061d0  __TI_CINIT_Limit              
00006198  __TI_Handler_Table_Base       
000061a4  __TI_Handler_Table_Limit      
000059dd  __TI_auto_init_nobinit_nopinit
00005781  __TI_decompress_lzss          
00005dbf  __TI_decompress_none          
000058a3  __TI_ltoa                     
ffffffff  __TI_pprof_out_hndl           
00000e8d  __TI_printfi                  
ffffffff  __TI_prof_data_size           
ffffffff  __TI_prof_data_start          
00000000  __TI_static_base__            
00005c81  __TI_zero_init_nomemset       
000054ad  __aeabi_cdcmpeq               
000054ad  __aeabi_cdcmple               
00005533  __aeabi_cdrcmple              
00005713  __aeabi_d2f                   
00005995  __aeabi_d2iz                  
00004347  __aeabi_dadd                  
00004a6d  __aeabi_ddiv                  
00004ff1  __aeabi_dmul                  
0000433d  __aeabi_dsub                  
00005df1  __aeabi_errno_addr            
00005b59  __aeabi_f2d                   
00005c29  __aeabi_i2d                   
000044f3  __aeabi_idiv0                 
000044f3  __aeabi_ldiv0                 
000055b9  __aeabi_memclr                
000055b9  __aeabi_memclr4               
000055b9  __aeabi_memclr8               
0000537b  __aeabi_memcpy                
0000537b  __aeabi_memcpy4               
0000537b  __aeabi_memcpy8               
000055bb  __aeabi_memset                
000055bb  __aeabi_memset4               
000055bb  __aeabi_memset8               
00005a21  __aeabi_uidiv                 
00005a21  __aeabi_uidivmod              
00005417  __aeabi_uldivmod              
ffffffff  __binit__                     
ffffffff  __c_args__                    
00004669  __kernel_cos                  
000020cd  __kernel_rem_pio2             
000044f5  __kernel_sin                  
UNDEFED   __mpu_init                    
20000270  __stack                       
20000000  __start___llvm_prf_cnts       
20000000  __stop___llvm_prf_cnts        
00005bc5  _c_int00_noargs               
00005f60  _ctypes_                      
20002328  _lock                         
000018db  _nop                          
20002348  _running                      
20001270  _sys_memory                   
UNDEFED   _system_post_cinit            
00005e01  _system_pre_init              
200022dc  _timeout_ticks                
2000232c  _unlock                       
00005e05  abort                         
00004ef1  aligned_alloc                 
00005949  atoi                          
00001fd9  averageIRScan                 
00001f47  averagePINGScan               
ffffffff  binit                         
0000323f  bumper_triggered              
00005b21  calloc                        
2000231d  command_byte_g                
2000231c  command_byte_s                
20002324  command_flag_g                
20002320  command_flag_s                
00005cd5  copysign                      
00005cd5  copysignl                     
000037c1  cyBOT_SERVO_cal               
0000374f  cyBOT_Scan                    
000036f7  cyBOT_init_Scan               
000018dd  cyBOT_proxScan                
20002340  cyBOT_scan_features           
000036e9  cyBOT_scan_version            
20002344  errno                         
200022e0  fallingEdge                   
000050ed  floor                         
000050ed  floorl                        
000051e5  free                          
000057e9  frexp                         
000057e9  frexpl                        
20000000  g_pfnRAMVectors               
00000000  g_pfnVectors                  
0000097f  go_charge                     
00004d77  ir_enableInterrupt            
00004d59  ir_getDistance                
00004d31  ir_getValue                   
00004cc9  ir_init                       
200022f8  isRisingEdge                  
200022e4  isr_int_value                 
00005daf  lcd_clear                     
00002fff  lcd_gotoLine                  
00002e67  lcd_init                      
00003065  lcd_printf                    
00002f27  lcd_putc                      
00002f5f  lcd_puts                      
00002de5  lcd_reverseNibble             
00002e21  lcd_rotatingBanner            
00002f7d  lcd_sendCommand               
00002fbb  lcd_sendNibble                
00003027  lcd_setCursorPos              
00004de1  ldexp                         
00004de1  ldexpl                        
200022e8  left_calibration_value        
0000416d  main                          
00005df9  malloc                        
00004ef1  memalign                      
00005cb9  memccpy                       
0000537b  memcpy                        
000055c1  memset                        
200022fc  motor_cal_factor_L            
20002300  motor_cal_factor_R            
000032ff  move_backward                 
00003159  move_forward                  
0000026d  oi_alloc                      
00000aa9  oi_checkFirmware              
000002c7  oi_close                      
00000279  oi_free                       
00000ded  oi_getMotorCalibrationLeft    
00000e01  oi_getMotorCalibrationRight   
000002b1  oi_init                       
00000289  oi_init_noupdate              
00000915  oi_loadSong                   
00005d1f  oi_parseInt                   
0000032b  oi_parsePacket                
0000096b  oi_play_song                  
0000084b  oi_setLeds                    
00000db1  oi_setMotorCalibration        
0000088f  oi_setWheels                  
00000b51  oi_shutoff_init               
0000098d  oi_uartInit                   
00000a31  oi_uartReceive                
00000a77  oi_uartSendBuff               
00000a15  oi_uartSendChar               
00000a59  oi_uartSendStr                
000002d9  oi_update                     
00003ef3  ping_getDistance              
00003db1  ping_init                     
00003e37  ping_trigger                  
200022ec  pulseLength                   
200022f0  right_calibration_value       
200022f4  risingEdge                    
00004de1  scalbn                        
00004de1  scalbnl                       
000047d9  servo_init                    
00004869  servo_move                    
000048c9  servo_setPWM                  
0000485d  servo_stop                    
00002805  sin                           
00002805  sinl                          
20002338  smallestObjectCenterAngle     
2000233c  smallestObjectDistance        
00005a61  sprintf                       
00005d4f  strchr                        
00005d37  strcmp                        
00005d65  strcpy                        
00005d79  strlen                        
00003a67  timer_getMicros               
00003a0f  timer_getMillis               
00003949  timer_init                    
000039eb  timer_pause                   
000039fd  timer_resume                  
000039c1  timer_stop                    
00003ac1  timer_waitMicros              
00003af3  timer_waitMillis              
000033d5  turn_left                     
0000336b  turn_right                    
00003b91  uart_interrupt_init           
00003c87  uart_receive                  
00003cad  uart_recieve_nonblocking      
00003c6b  uart_sendChar                 
00003cd7  uart_sendStr                  
00005aa1  vsnprintf                     
00005d8d  wcslen                        


GLOBAL SYMBOLS: SORTED BY Symbol Address 

address   name                          
-------   ----                          
00000000  __TI_static_base__            
00000000  g_pfnVectors                  
0000026d  oi_alloc                      
00000279  oi_free                       
00000289  oi_init_noupdate              
000002b1  oi_init                       
000002c7  oi_close                      
000002d9  oi_update                     
0000032b  oi_parsePacket                
0000084b  oi_setLeds                    
0000088f  oi_setWheels                  
00000915  oi_loadSong                   
0000096b  oi_play_song                  
0000097f  go_charge                     
0000098d  oi_uartInit                   
00000a15  oi_uartSendChar               
00000a31  oi_uartReceive                
00000a59  oi_uartSendStr                
00000a77  oi_uartSendBuff               
00000aa9  oi_checkFirmware              
00000b51  oi_shutoff_init               
00000bc3  GPIOF_Handler                 
00000db1  oi_setMotorCalibration        
00000ded  oi_getMotorCalibrationLeft    
00000e01  oi_getMotorCalibrationRight   
00000e8d  __TI_printfi                  
00001000  __STACK_SIZE                  
00001000  __SYSMEM_SIZE                 
000018db  _nop                          
000018dd  cyBOT_proxScan                
00001f47  averagePINGScan               
00001fd9  averageIRScan                 
000020cd  __kernel_rem_pio2             
00002805  sin                           
00002805  sinl                          
00002de5  lcd_reverseNibble             
00002e21  lcd_rotatingBanner            
00002e67  lcd_init                      
00002f27  lcd_putc                      
00002f5f  lcd_puts                      
00002f7d  lcd_sendCommand               
00002fbb  lcd_sendNibble                
00002fff  lcd_gotoLine                  
00003027  lcd_setCursorPos              
00003065  lcd_printf                    
00003159  move_forward                  
0000323f  bumper_triggered              
000032ff  move_backward                 
0000336b  turn_right                    
000033d5  turn_left                     
000036e9  cyBOT_scan_version            
000036f7  cyBOT_init_Scan               
0000374f  cyBOT_Scan                    
000037c1  cyBOT_SERVO_cal               
00003949  timer_init                    
000039c1  timer_stop                    
000039eb  timer_pause                   
000039fd  timer_resume                  
00003a0f  timer_getMillis               
00003a67  timer_getMicros               
00003ac1  timer_waitMicros              
00003af3  timer_waitMillis              
00003b91  uart_interrupt_init           
00003c6b  uart_sendChar                 
00003c87  uart_receive                  
00003cad  uart_recieve_nonblocking      
00003cd7  uart_sendStr                  
00003cf5  UART1_Handler                 
00003db1  ping_init                     
00003e37  ping_trigger                  
00003ea1  TIMER3B_Handler               
00003ef3  ping_getDistance              
0000416d  main                          
0000433d  __aeabi_dsub                  
00004347  __aeabi_dadd                  
000044f3  __aeabi_idiv0                 
000044f3  __aeabi_ldiv0                 
000044f5  __kernel_sin                  
00004669  __kernel_cos                  
000047d9  servo_init                    
0000485d  servo_stop                    
00004869  servo_move                    
000048c9  servo_setPWM                  
00004a6d  __aeabi_ddiv                  
00004cc9  ir_init                       
00004d31  ir_getValue                   
00004d59  ir_getDistance                
00004d61  ADC0SS0_Handler               
00004d77  ir_enableInterrupt            
00004de1  ldexp                         
00004de1  ldexpl                        
00004de1  scalbn                        
00004de1  scalbnl                       
00004ef1  aligned_alloc                 
00004ef1  memalign                      
00004ff1  __aeabi_dmul                  
000050ed  floor                         
000050ed  floorl                        
000051e5  free                          
0000537b  __aeabi_memcpy                
0000537b  __aeabi_memcpy4               
0000537b  __aeabi_memcpy8               
0000537b  memcpy                        
00005417  __aeabi_uldivmod              
000054ad  __aeabi_cdcmpeq               
000054ad  __aeabi_cdcmple               
00005533  __aeabi_cdrcmple              
000055b9  __aeabi_memclr                
000055b9  __aeabi_memclr4               
000055b9  __aeabi_memclr8               
000055bb  __aeabi_memset                
000055bb  __aeabi_memset4               
000055bb  __aeabi_memset8               
000055c1  memset                        
00005713  __aeabi_d2f                   
00005781  __TI_decompress_lzss          
000057e9  frexp                         
000057e9  frexpl                        
000058a3  __TI_ltoa                     
00005949  atoi                          
00005995  __aeabi_d2iz                  
000059dd  __TI_auto_init_nobinit_nopinit
00005a21  __aeabi_uidiv                 
00005a21  __aeabi_uidivmod              
00005a61  sprintf                       
00005aa1  vsnprintf                     
00005b21  calloc                        
00005b59  __aeabi_f2d                   
00005b91  IntRegister                   
00005bc5  _c_int00_noargs               
00005c29  __aeabi_i2d                   
00005c81  __TI_zero_init_nomemset       
00005cb9  memccpy                       
00005cd5  copysign                      
00005cd5  copysignl                     
00005d1f  oi_parseInt                   
00005d37  strcmp                        
00005d4f  strchr                        
00005d65  strcpy                        
00005d79  strlen                        
00005d8d  wcslen                        
00005d9f  IntMasterEnable               
00005daf  lcd_clear                     
00005dbf  __TI_decompress_none          
00005dcd  CPUcpsie                      
00005dd9  ResetISR                      
00005df1  __aeabi_errno_addr            
00005df9  malloc                        
00005e01  _system_pre_init              
00005e05  C$$EXIT                       
00005e05  abort                         
00005f60  _ctypes_                      
00006198  __TI_Handler_Table_Base       
000061a4  __TI_Handler_Table_Limit      
000061b8  __TI_CINIT_Base               
000061d0  __TI_CINIT_Limit              
20000000  __start___llvm_prf_cnts       
20000000  __stop___llvm_prf_cnts        
20000000  g_pfnRAMVectors               
20000270  __stack                       
20000470  __STACK_TOP                   
20001270  __STACK_END                   
20001270  _sys_memory                   
200022dc  _timeout_ticks                
200022e0  fallingEdge                   
200022e4  isr_int_value                 
200022e8  left_calibration_value        
200022ec  pulseLength                   
200022f0  right_calibration_value       
200022f4  risingEdge                    
200022f8  isRisingEdge                  
200022fc  motor_cal_factor_L            
20002300  motor_cal_factor_R            
2000231c  command_byte_s                
2000231d  command_byte_g                
20002320  command_flag_s                
20002324  command_flag_g                
20002328  _lock                         
2000232c  _unlock                       
20002338  smallestObjectCenterAngle     
2000233c  smallestObjectDistance        
20002340  cyBOT_scan_features           
20002344  errno                         
20002348  _running                      
ffffffff  __TI_pprof_out_hndl           
ffffffff  __TI_prof_data_size           
ffffffff  __TI_prof_data_start          
ffffffff  __binit__                     
ffffffff  __c_args__                    
ffffffff  binit                         
UNDEFED   __mpu_init                    
UNDEFED   _system_post_cinit            

[192 symbols]
