******************************************************************************
                  TI ARM Linker PC v20.2.7                     
******************************************************************************
>> Linked Mon Apr  8 18:02:07 2024

OUTPUT FILE NAME:   <Lab7.out>
ENTRY POINT SYMBOL: "_c_int00_noargs"  address: 00006849


MEMORY CONFIGURATION

         name            origin    length      used     unused   attr    fill
----------------------  --------  ---------  --------  --------  ----  --------
  FLASH                 00000000   00040000  00006ea1  0003915f  R  X
  SRAM                  20000000   00008000  00002342  00005cbe  RW X


SEGMENT ALLOCATION MAP

run origin  load origin   length   init length attrs members
----------  ----------- ---------- ----------- ----- -------
00000000    00000000    00006ea8   00006ea8    r-x
  00000000    00000000    0000026c   0000026c    r-- .intvecs
  0000026c    0000026c    00006840   00006840    r-x .text
  00006ab0    00006ab0    0000039d   0000039d    r-- .const
  00006e50    00006e50    00000058   00000058    r-- .cinit
20000000    20000000    00002349   00000000    rw-
  20000000    20000000    0000026c   00000000    rw- .vtable
  20000270    20000270    00001000   00000000    rw- .stack
  20001270    20001270    00001000   00000000    rw- .sysmem
  20002270    20002270    00000089   00000000    rw- .bss
  200022fc    200022fc    0000004d   00000000    rw- .data


SECTION ALLOCATION MAP

 output                                  attributes/
section   page    origin      length       input sections
--------  ----  ----------  ----------   ----------------
.intvecs   0    00000000    0000026c     
                  00000000    0000026c     tm4c123gh6pm_startup_ccs.obj (.intvecs)

.text      0    0000026c    00006840     
                  0000026c    00000c20     open_interface.obj (.text)
                  00000e8c    00000a4e     rtsv7M4_T_le_v4SPD16_eabi.lib : _printfi.c.obj (.text:__TI_printfi)
                  000018da    00000002                                   : _lock.c.obj (.text:_nop)
                  000018dc    000009d0                                   : e_pow.c.obj (.text:pow)
                  000022ac    00000800     scan.obj (.text)
                  00002aac    00000738     rtsv7M4_T_le_v4SPD16_eabi.lib : k_rem_pio2.c.obj (.text:__kernel_rem_pio2)
                  000031e4    000005e0                                   : s_sin.c.obj (.text:sin)
                  000037c4    00000374     lcd.obj (.text)
                  00003b38    00000320     movement.obj (.text)
                  00003e58    00000270     rtsv7M4_T_le_v4SPD16_eabi.lib : _printfi.c.obj (.text:_pconv_a)
                  000040c8    00000260     libcybotScan.lib : cyBot_Scan.obj (.text)
                  00004328    00000248     Timer.obj (.text)
                  00004570    00000220     uart-interrupt.obj (.text)
                  00004790    000001ec     libcybotScan.lib : ping.obj (.text)
                  0000497c    000001d8     lab7.obj (.text)
                  00004b54    000001d0     rtsv7M4_T_le_v4SPD16_eabi.lib : _printfi.c.obj (.text:_pconv_g)
                  00004d24    000001b6                                   : fd_add_t2.asm.obj (.text)
                  00004eda    00000002                                   : div0.asm.obj (.text)
                  00004edc    00000174                                   : k_sin.c.obj (.text:__kernel_sin)
                  00005050    00000170                                   : k_cos.c.obj (.text:__kernel_cos)
                  000051c0    00000158     libcybotScan.lib : servo.obj (.text)
                  00005318    00000158     rtsv7M4_T_le_v4SPD16_eabi.lib : e_sqrt.c.obj (.text:sqrt)
                  00005470    00000144     adc.obj (.text)
                  000055b4    0000013c     rtsv7M4_T_le_v4SPD16_eabi.lib : _printfi.c.obj (.text:_pconv_e)
                  000056f0    00000136                                   : fd_div_t2.asm.obj (.text)
                  00005826    00000002     --HOLE-- [fill = 0]
                  00005828    00000124                                   : _printfi.c.obj (.text:fcvt)
                  0000594c    00000118     libcybotScan.lib : ir.obj (.text)
                  00005a64    00000110     rtsv7M4_T_le_v4SPD16_eabi.lib : s_scalbn.c.obj (.text:scalbn)
                  00005b74    00000100                                   : memory.c.obj (.text:aligned_alloc)
                  00005c74    000000fc                                   : fd_mul_t2.asm.obj (.text)
                  00005d70    000000f8                                   : s_floor.c.obj (.text:floor)
                  00005e68    000000e4                                   : memory.c.obj (.text:free)
                  00005f4c    000000b1                                   : _printfi.c.obj (.text:_ltostr)
                  00005ffd    00000001     --HOLE-- [fill = 0]
                  00005ffe    0000009c                                   : memcpy_t2.asm.obj (.text)
                  0000609a    00000096                                   : ull_div_t2.asm.obj (.text)
                  00006130    00000086                                   : fd_cmp_t2.asm.obj (.text:__aeabi_cdcmple)
                  000061b6    00000086                                   : fd_cmp_t2.asm.obj (.text:__aeabi_cdrcmple)
                  0000623c    0000007a                                   : memset_t2.asm.obj (.text)
                  000062b6    00000002     --HOLE-- [fill = 0]
                  000062b8    00000070                                   : memory.c.obj (.text:split)
                  00006328    0000006e                                   : _printfi.c.obj (.text:_mcpy)
                  00006396    0000006e                                   : fd_tos_t2.asm.obj (.text)
                  00006404    00000068                                   : copy_decompress_lzss.c.obj (.text:decompress:lzss:__TI_decompress_lzss)
                  0000646c    00000064                                   : s_frexp.c.obj (.text:frexp)
                  000064d0    00000056                                   : _printfi.c.obj (.text:_pconv_f)
                  00006526    00000054                                   : _ltoa.c.obj (.text:__TI_ltoa)
                  0000657a    00000052                                   : _printfi.c.obj (.text:_ecpy)
                  000065cc    0000004c                                   : atoi.c.obj (.text:atoi)
                  00006618    00000048                                   : fd_toi_t2.asm.obj (.text)
                  00006660    00000044                                   : autoinit.c.obj (.text:__TI_auto_init_nobinit_nopinit:__TI_auto_init_nobinit_nopinit)
                  000066a4    00000040                                   : u_divt2.asm.obj (.text)
                  000066e4    00000040                                   : sprintf.c.obj (.text:sprintf)
                  00006724    00000040                                   : vsnprintf.c.obj (.text:vsnprintf)
                  00006764    0000003e                                   : _printfi.c.obj (.text:_fcpy)
                  000067a2    00000002     --HOLE-- [fill = 0]
                  000067a4    00000038                                   : memory.c.obj (.text:calloc)
                  000067dc    00000038                                   : fs_tod_t2.asm.obj (.text)
                  00006814    00000034     driverlib.lib : interrupt.obj (.text:IntRegister)
                  00006848    00000034     rtsv7M4_T_le_v4SPD16_eabi.lib : boot_cortex_m.c.obj (.text:_c_int00_noargs:_c_int00_noargs)
                  0000687c    00000030                                   : vsnprintf.c.obj (.text:_outs)
                  000068ac    0000002e                                   : i_tofd_t2.asm.obj (.text)
                  000068da    00000002     --HOLE-- [fill = 0]
                  000068dc    00000028                                   : memory.c.obj (.text:free_list_insert)
                  00006904    00000020                                   : u_tofd_t2.asm.obj (.text)
                  00006924    0000001c                                   : copy_zero_init.c.obj (.text:decompress:ZI:__TI_zero_init_nomemset:__TI_zero_init_nomemset)
                  00006940    0000001c                                   : memory.c.obj (.text:free_list_remove)
                  0000695c    0000001c                                   : memccpy.c.obj (.text:memccpy)
                  00006978    0000001a                                   : s_copysign.c.obj (.text:copysign)
                  00006992    00000018                                   : vsnprintf.c.obj (.text:_outc)
                  000069aa    00000018                                   : sprintf.c.obj (.text:_outs)
                  000069c2    00000018     open_interface.obj (.text:oi_parseInt)
                  000069da    00000018     rtsv7M4_T_le_v4SPD16_eabi.lib : strcmp.c.obj (.text:strcmp)
                  000069f2    00000016                                   : strchr.c.obj (.text:strchr)
                  00006a08    00000014                                   : strcpy.c.obj (.text:strcpy)
                  00006a1c    00000014                                   : strlen.c.obj (.text:strlen)
                  00006a30    00000012                                   : wcslen.c.obj (.text:wcslen)
                  00006a42    00000010     driverlib.lib : interrupt.obj (.text:IntMasterEnable)
                  00006a52    00000010     lcd.obj (.text:lcd_clear)
                  00006a62    0000000e     rtsv7M4_T_le_v4SPD16_eabi.lib : copy_decompress_none.c.obj (.text:decompress:none:__TI_decompress_none)
                  00006a70    0000000c     driverlib.lib : cpu.obj (.text:CPUcpsie)
                  00006a7c    0000000c     tm4c123gh6pm_startup_ccs.obj (.text)
                  00006a88    0000000a     rtsv7M4_T_le_v4SPD16_eabi.lib : sprintf.c.obj (.text:_outc)
                  00006a92    00000002     --HOLE-- [fill = 0]
                  00006a94    00000008                                   : errno.c.obj (.text:__aeabi_errno_addr)
                  00006a9c    00000008                                   : memory.c.obj (.text:malloc)
                  00006aa4    00000004                                   : pre_init.c.obj (.text:_system_pre_init)
                  00006aa8    00000004                                   : exit.c.obj (.text:abort:abort)

.const     0    00006ab0    0000039d     
                  00006ab0    00000158     rtsv7M4_T_le_v4SPD16_eabi.lib : k_rem_pio2.c.obj (.const:$O1$$)
                  00006c08    00000101                                   : ctype.c.obj (.const:.string:_ctypes_)
                  00006d09    00000004     lcd.obj (.const:.string:lineAddress$1)
                  00006d0d    00000003     --HOLE-- [fill = 0]
                  00006d10    00000030     rtsv7M4_T_le_v4SPD16_eabi.lib : e_pow.c.obj (.const:$O1$$)
                  00006d40    00000028     scan.obj (.const:$P$T1$2)
                  00006d68    00000028     scan.obj (.const:$P$T2$3)
                  00006d90    00000028     scan.obj (.const:$P$T3$4)
                  00006db8    00000028     scan.obj (.const:$P$T4$5)
                  00006de0    00000028     scan.obj (.const:$P$T5$6)
                  00006e08    00000028     scan.obj (.const:$P$T6$7)
                  00006e30    0000000f     open_interface.obj (.const:.string:$P$T0$3)
                  00006e3f    0000000a     scan.obj (.const:.string:$P$T0$1)
                  00006e49    00000004     lcd.obj (.const:.string:lineAddresses$2)

.cinit     0    00006e50    00000058     
                  00006e50    00000020     (.cinit..data.load) [load image, compression = lzss]
                  00006e70    0000000c     (__TI_handler_table)
                  00006e7c    00000004     --HOLE-- [fill = 0]
                  00006e80    00000008     (.cinit..bss.load) [load image, compression = zero_init]
                  00006e88    00000008     (.cinit..vtable.load) [load image, compression = zero_init]
                  00006e90    00000018     (__TI_cinit_table)

.init_array 
*          0    00000000    00000000     UNINITIALIZED

.vtable    0    20000000    0000026c     UNINITIALIZED
                  20000000    0000026c     driverlib.lib : interrupt.obj (.vtable)

.stack     0    20000270    00001000     UNINITIALIZED
                  20000270    00000004     rtsv7M4_T_le_v4SPD16_eabi.lib : boot_cortex_m.c.obj (.stack)
                  20000274    00000ffc     --HOLE--

.sysmem    0    20001270    00001000     UNINITIALIZED
                  20001270    00000010     rtsv7M4_T_le_v4SPD16_eabi.lib : memory.c.obj (.sysmem)
                  20001280    00000ff0     --HOLE--

.bss       0    20002270    00000089     UNINITIALIZED
                  20002270    00000054     lcd.obj (.bss:lastbuffer$3)
                  200022c4    00000018     open_interface.obj (.bss:firmware$2)
                  200022dc    00000004     (.common:_timeout_ticks)
                  200022e0    00000004     (.common:fallingEdge)
                  200022e4    00000004     (.common:isr_int_value)
                  200022e8    00000004     (.common:left_calibration_value)
                  200022ec    00000004     (.common:pulseLength)
                  200022f0    00000004     (.common:right_calibration_value)
                  200022f4    00000004     (.common:risingEdge)
                  200022f8    00000001     (.common:isRisingEdge)

.data      0    200022fc    0000004d     UNINITIALIZED
                  200022fc    00000020     open_interface.obj (.data)
                  2000231c    0000000c     uart-interrupt.obj (.data)
                  20002328    00000008     rtsv7M4_T_le_v4SPD16_eabi.lib : _lock.c.obj (.data:$O1$$)
                  20002330    00000008                                   : memory.c.obj (.data:$O1$$)
                  20002338    00000008     scan.obj (.data)
                  20002340    00000004     libcybotScan.lib : cyBot_Scan.obj (.data)
                  20002344    00000004     rtsv7M4_T_le_v4SPD16_eabi.lib : errno.c.obj (.data)
                  20002348    00000001     Timer.obj (.data)

__llvm_prf_cnts 
*          0    20000000    00000000     UNINITIALIZED

MODULE SUMMARY

       Module                         code    ro data   rw data
       ------                         ----    -------   -------
    .\
       open_interface.obj             3128    15        56     
       scan.obj                       2048    250       8      
       lcd.obj                        900     8         84     
       movement.obj                   800     0         0      
       tm4c123gh6pm_startup_ccs.obj   12      620       0      
       Timer.obj                      584     0         5      
       uart-interrupt.obj             544     0         12     
       lab7.obj                       472     0         8      
       adc.obj                        324     0         0      
    +--+------------------------------+-------+---------+---------+
       Total:                         8812    893       173    
                                                               
    ../libcybotScan.lib
       cyBot_Scan.obj                 608     0         4      
       ping.obj                       492     0         13     
       servo.obj                      344     0         0      
       ir.obj                         280     0         4      
    +--+------------------------------+-------+---------+---------+
       Total:                         1724    0         21     
                                                               
    C:/ti/TivaWare_C_Series-2.2.0.295/driverlib/ccs/Debug/driverlib.lib
       interrupt.obj                  68      0         620    
       cpu.obj                        12      0         0      
    +--+------------------------------+-------+---------+---------+
       Total:                         80      0         620    
                                                               
    C:\ti\ccs1230\ccs\tools\compiler\ti-cgt-arm_20.2.7.LTS\lib\rtsv7M4_T_le_v4SPD16_eabi.lib
       _printfi.c.obj                 4851    0         0      
       e_pow.c.obj                    2512    48        0      
       k_rem_pio2.c.obj               1848    344       0      
       s_sin.c.obj                    1504    0         0      
       memory.c.obj                   728     0         8      
       fd_add_t2.asm.obj              438     0         0      
       k_sin.c.obj                    372     0         0      
       k_cos.c.obj                    368     0         0      
       e_sqrt.c.obj                   344     0         0      
       fd_div_t2.asm.obj              310     0         0      
       s_scalbn.c.obj                 272     0         0      
       fd_cmp_t2.asm.obj              268     0         0      
       ctype.c.obj                    0       257       0      
       fd_mul_t2.asm.obj              252     0         0      
       s_floor.c.obj                  248     0         0      
       memcpy_t2.asm.obj              156     0         0      
       ull_div_t2.asm.obj             150     0         0      
       vsnprintf.c.obj                136     0         0      
       memset_t2.asm.obj              122     0         0      
       fd_tos_t2.asm.obj              110     0         0      
       copy_decompress_lzss.c.obj     104     0         0      
       s_frexp.c.obj                  100     0         0      
       sprintf.c.obj                  98      0         0      
       _ltoa.c.obj                    84      0         0      
       atoi.c.obj                     76      0         0      
       fd_toi_t2.asm.obj              72      0         0      
       autoinit.c.obj                 68      0         0      
       u_divt2.asm.obj                64      0         0      
       fs_tod_t2.asm.obj              56      0         0      
       boot_cortex_m.c.obj            52      0         0      
       i_tofd_t2.asm.obj              46      0         0      
       u_tofd_t2.asm.obj              32      0         0      
       copy_zero_init.c.obj           28      0         0      
       memccpy.c.obj                  28      0         0      
       s_copysign.c.obj               26      0         0      
       strcmp.c.obj                   24      0         0      
       strchr.c.obj                   22      0         0      
       strcpy.c.obj                   20      0         0      
       strlen.c.obj                   20      0         0      
       wcslen.c.obj                   18      0         0      
       copy_decompress_none.c.obj     14      0         0      
       errno.c.obj                    8       0         4      
       _lock.c.obj                    2       0         8      
       exit.c.obj                     4       0         0      
       pre_init.c.obj                 4       0         0      
       div0.asm.obj                   2       0         0      
    +--+------------------------------+-------+---------+---------+
       Total:                         16061   649       20     
                                                               
       Heap:                          0       0         4096   
       Stack:                         0       0         4096   
       Linker Generated:              0       84        0      
    +--+------------------------------+-------+---------+---------+
       Grand Total:                   26677   1626      9026   


LINKER GENERATED COPY TABLES

__TI_cinit_table @ 00006e90 records: 3, size/record: 8, table size: 24
	.data: load addr=00006e50, load size=00000020 bytes, run addr=200022fc, run size=0000004d bytes, compression=lzss
	.bss: load addr=00006e80, load size=00000008 bytes, run addr=20002270, run size=00000089 bytes, compression=zero_init
	.vtable: load addr=00006e88, load size=00000008 bytes, run addr=20000000, run size=0000026c bytes, compression=zero_init


LINKER GENERATED HANDLER TABLE

__TI_handler_table @ 00006e70 records: 3, size/record: 4, table size: 12
	index: 0, handler: __TI_zero_init
	index: 1, handler: __TI_decompress_lzss
	index: 2, handler: __TI_decompress_none


GLOBAL SYMBOLS: SORTED ALPHABETICALLY BY Name 

address   name                          
-------   ----                          
000059e5  ADC0SS0_Handler               
00006aa9  C$$EXIT                       
00006a71  CPUcpsie                      
00000bc3  GPIOF_Handler                 
00006a43  IntMasterEnable               
00006815  IntRegister                   
00006a7d  ResetISR                      
00004881  TIMER3B_Handler               
000046d5  UART1_Handler                 
20001270  __STACK_END                   
00001000  __STACK_SIZE                  
20000470  __STACK_TOP                   
00001000  __SYSMEM_SIZE                 
00006e90  __TI_CINIT_Base               
00006ea8  __TI_CINIT_Limit              
00006e70  __TI_Handler_Table_Base       
00006e7c  __TI_Handler_Table_Limit      
00006661  __TI_auto_init_nobinit_nopinit
00006405  __TI_decompress_lzss          
00006a63  __TI_decompress_none          
00006527  __TI_ltoa                     
ffffffff  __TI_pprof_out_hndl           
00000e8d  __TI_printfi                  
ffffffff  __TI_prof_data_size           
ffffffff  __TI_prof_data_start          
00000000  __TI_static_base__            
00006925  __TI_zero_init_nomemset       
00006131  __aeabi_cdcmpeq               
00006131  __aeabi_cdcmple               
000061b7  __aeabi_cdrcmple              
00006397  __aeabi_d2f                   
00006619  __aeabi_d2iz                  
00004d2f  __aeabi_dadd                  
000056f1  __aeabi_ddiv                  
00005c75  __aeabi_dmul                  
00004d25  __aeabi_dsub                  
00006a95  __aeabi_errno_addr            
000067dd  __aeabi_f2d                   
000068ad  __aeabi_i2d                   
00004edb  __aeabi_idiv0                 
00004edb  __aeabi_ldiv0                 
0000623d  __aeabi_memclr                
0000623d  __aeabi_memclr4               
0000623d  __aeabi_memclr8               
00005fff  __aeabi_memcpy                
00005fff  __aeabi_memcpy4               
00005fff  __aeabi_memcpy8               
0000623f  __aeabi_memset                
0000623f  __aeabi_memset4               
0000623f  __aeabi_memset8               
00006905  __aeabi_ui2d                  
000066a5  __aeabi_uidiv                 
000066a5  __aeabi_uidivmod              
0000609b  __aeabi_uldivmod              
ffffffff  __binit__                     
ffffffff  __c_args__                    
00005051  __kernel_cos                  
00002aad  __kernel_rem_pio2             
00004edd  __kernel_sin                  
UNDEFED   __mpu_init                    
20000270  __stack                       
20000000  __start___llvm_prf_cnts       
20000000  __stop___llvm_prf_cnts        
00006849  _c_int00_noargs               
00006c08  _ctypes_                      
20002328  _lock                         
000018db  _nop                          
20002348  _running                      
20001270  _sys_memory                   
UNDEFED   _system_post_cinit            
00006aa5  _system_pre_init              
200022dc  _timeout_ticks                
2000232c  _unlock                       
00006aa9  abort                         
00005471  adc_init                      
000054ff  adc_read                      
00005b75  aligned_alloc                 
000065cd  atoi                          
00002917  averagePINGScan               
000029a9  averageRawIRScan              
ffffffff  binit                         
00003c1f  bumper_triggered              
0000552b  calcIRDistance                
000067a5  calloc                        
2000231d  command_byte_g                
2000231c  command_byte_s                
20002324  command_flag_g                
20002320  command_flag_s                
00006979  copysign                      
00006979  copysignl                     
000041a1  cyBOT_SERVO_cal               
0000412f  cyBOT_Scan                    
000040d7  cyBOT_init_Scan               
000022ad  cyBOT_proxScan                
20002340  cyBOT_scan_features           
000040c9  cyBOT_scan_version            
20002344  errno                         
200022e0  fallingEdge                   
00005d71  floor                         
00005d71  floorl                        
00005e69  free                          
0000646d  frexp                         
0000646d  frexpl                        
20000000  g_pfnRAMVectors               
00000000  g_pfnVectors                  
0000097f  go_charge                     
000059fb  ir_enableInterrupt            
000059dd  ir_getDistance                
000059b5  ir_getValue                   
0000594d  ir_init                       
200022f8  isRisingEdge                  
200022e4  isr_int_value                 
00006a53  lcd_clear                     
000039df  lcd_gotoLine                  
00003847  lcd_init                      
00003a45  lcd_printf                    
00003907  lcd_putc                      
0000393f  lcd_puts                      
000037c5  lcd_reverseNibble             
00003801  lcd_rotatingBanner            
0000395d  lcd_sendCommand               
0000399b  lcd_sendNibble                
00003a07  lcd_setCursorPos              
00005a65  ldexp                         
00005a65  ldexpl                        
200022e8  left_calibration_value        
0000497d  main                          
00006a9d  malloc                        
00005b75  memalign                      
0000695d  memccpy                       
00005fff  memcpy                        
00006245  memset                        
200022fc  motor_cal_factor_L            
20002300  motor_cal_factor_R            
00003cdf  move_backward                 
00003b39  move_forward                  
0000026d  oi_alloc                      
00000aa9  oi_checkFirmware              
000002c7  oi_close                      
00000279  oi_free                       
00000ded  oi_getMotorCalibrationLeft    
00000e01  oi_getMotorCalibrationRight   
000002b1  oi_init                       
00000289  oi_init_noupdate              
00000915  oi_loadSong                   
000069c3  oi_parseInt                   
0000032b  oi_parsePacket                
0000096b  oi_play_song                  
0000084b  oi_setLeds                    
00000db1  oi_setMotorCalibration        
0000088f  oi_setWheels                  
00000b51  oi_shutoff_init               
0000098d  oi_uartInit                   
00000a31  oi_uartReceive                
00000a77  oi_uartSendBuff               
00000a15  oi_uartSendChar               
00000a59  oi_uartSendStr                
000002d9  oi_update                     
000048d3  ping_getDistance              
00004791  ping_init                     
00004817  ping_trigger                  
000018dd  pow                           
000018dd  powl                          
200022ec  pulseLength                   
200022f0  right_calibration_value       
200022f4  risingEdge                    
00005a65  scalbn                        
00005a65  scalbnl                       
000051c1  servo_init                    
00005251  servo_move                    
000052b1  servo_setPWM                  
00005245  servo_stop                    
000031e5  sin                           
000031e5  sinl                          
20002338  smallestObjectCenterAngle     
2000233c  smallestObjectDistance        
000066e5  sprintf                       
00005319  sqrt                          
00005319  sqrtl                         
000069f3  strchr                        
000069db  strcmp                        
00006a09  strcpy                        
00006a1d  strlen                        
00004447  timer_getMicros               
000043ef  timer_getMillis               
00004329  timer_init                    
000043cb  timer_pause                   
000043dd  timer_resume                  
000043a1  timer_stop                    
000044a1  timer_waitMicros              
000044d3  timer_waitMillis              
00003db5  turn_left                     
00003d4b  turn_right                    
00004571  uart_interrupt_init           
00004667  uart_receive                  
0000468d  uart_recieve_nonblocking      
0000464b  uart_sendChar                 
000046b7  uart_sendStr                  
00006725  vsnprintf                     
00006a31  wcslen                        


GLOBAL SYMBOLS: SORTED BY Symbol Address 

address   name                          
-------   ----                          
00000000  __TI_static_base__            
00000000  g_pfnVectors                  
0000026d  oi_alloc                      
00000279  oi_free                       
00000289  oi_init_noupdate              
000002b1  oi_init                       
000002c7  oi_close                      
000002d9  oi_update                     
0000032b  oi_parsePacket                
0000084b  oi_setLeds                    
0000088f  oi_setWheels                  
00000915  oi_loadSong                   
0000096b  oi_play_song                  
0000097f  go_charge                     
0000098d  oi_uartInit                   
00000a15  oi_uartSendChar               
00000a31  oi_uartReceive                
00000a59  oi_uartSendStr                
00000a77  oi_uartSendBuff               
00000aa9  oi_checkFirmware              
00000b51  oi_shutoff_init               
00000bc3  GPIOF_Handler                 
00000db1  oi_setMotorCalibration        
00000ded  oi_getMotorCalibrationLeft    
00000e01  oi_getMotorCalibrationRight   
00000e8d  __TI_printfi                  
00001000  __STACK_SIZE                  
00001000  __SYSMEM_SIZE                 
000018db  _nop                          
000018dd  pow                           
000018dd  powl                          
000022ad  cyBOT_proxScan                
00002917  averagePINGScan               
000029a9  averageRawIRScan              
00002aad  __kernel_rem_pio2             
000031e5  sin                           
000031e5  sinl                          
000037c5  lcd_reverseNibble             
00003801  lcd_rotatingBanner            
00003847  lcd_init                      
00003907  lcd_putc                      
0000393f  lcd_puts                      
0000395d  lcd_sendCommand               
0000399b  lcd_sendNibble                
000039df  lcd_gotoLine                  
00003a07  lcd_setCursorPos              
00003a45  lcd_printf                    
00003b39  move_forward                  
00003c1f  bumper_triggered              
00003cdf  move_backward                 
00003d4b  turn_right                    
00003db5  turn_left                     
000040c9  cyBOT_scan_version            
000040d7  cyBOT_init_Scan               
0000412f  cyBOT_Scan                    
000041a1  cyBOT_SERVO_cal               
00004329  timer_init                    
000043a1  timer_stop                    
000043cb  timer_pause                   
000043dd  timer_resume                  
000043ef  timer_getMillis               
00004447  timer_getMicros               
000044a1  timer_waitMicros              
000044d3  timer_waitMillis              
00004571  uart_interrupt_init           
0000464b  uart_sendChar                 
00004667  uart_receive                  
0000468d  uart_recieve_nonblocking      
000046b7  uart_sendStr                  
000046d5  UART1_Handler                 
00004791  ping_init                     
00004817  ping_trigger                  
00004881  TIMER3B_Handler               
000048d3  ping_getDistance              
0000497d  main                          
00004d25  __aeabi_dsub                  
00004d2f  __aeabi_dadd                  
00004edb  __aeabi_idiv0                 
00004edb  __aeabi_ldiv0                 
00004edd  __kernel_sin                  
00005051  __kernel_cos                  
000051c1  servo_init                    
00005245  servo_stop                    
00005251  servo_move                    
000052b1  servo_setPWM                  
00005319  sqrt                          
00005319  sqrtl                         
00005471  adc_init                      
000054ff  adc_read                      
0000552b  calcIRDistance                
000056f1  __aeabi_ddiv                  
0000594d  ir_init                       
000059b5  ir_getValue                   
000059dd  ir_getDistance                
000059e5  ADC0SS0_Handler               
000059fb  ir_enableInterrupt            
00005a65  ldexp                         
00005a65  ldexpl                        
00005a65  scalbn                        
00005a65  scalbnl                       
00005b75  aligned_alloc                 
00005b75  memalign                      
00005c75  __aeabi_dmul                  
00005d71  floor                         
00005d71  floorl                        
00005e69  free                          
00005fff  __aeabi_memcpy                
00005fff  __aeabi_memcpy4               
00005fff  __aeabi_memcpy8               
00005fff  memcpy                        
0000609b  __aeabi_uldivmod              
00006131  __aeabi_cdcmpeq               
00006131  __aeabi_cdcmple               
000061b7  __aeabi_cdrcmple              
0000623d  __aeabi_memclr                
0000623d  __aeabi_memclr4               
0000623d  __aeabi_memclr8               
0000623f  __aeabi_memset                
0000623f  __aeabi_memset4               
0000623f  __aeabi_memset8               
00006245  memset                        
00006397  __aeabi_d2f                   
00006405  __TI_decompress_lzss          
0000646d  frexp                         
0000646d  frexpl                        
00006527  __TI_ltoa                     
000065cd  atoi                          
00006619  __aeabi_d2iz                  
00006661  __TI_auto_init_nobinit_nopinit
000066a5  __aeabi_uidiv                 
000066a5  __aeabi_uidivmod              
000066e5  sprintf                       
00006725  vsnprintf                     
000067a5  calloc                        
000067dd  __aeabi_f2d                   
00006815  IntRegister                   
00006849  _c_int00_noargs               
000068ad  __aeabi_i2d                   
00006905  __aeabi_ui2d                  
00006925  __TI_zero_init_nomemset       
0000695d  memccpy                       
00006979  copysign                      
00006979  copysignl                     
000069c3  oi_parseInt                   
000069db  strcmp                        
000069f3  strchr                        
00006a09  strcpy                        
00006a1d  strlen                        
00006a31  wcslen                        
00006a43  IntMasterEnable               
00006a53  lcd_clear                     
00006a63  __TI_decompress_none          
00006a71  CPUcpsie                      
00006a7d  ResetISR                      
00006a95  __aeabi_errno_addr            
00006a9d  malloc                        
00006aa5  _system_pre_init              
00006aa9  C$$EXIT                       
00006aa9  abort                         
00006c08  _ctypes_                      
00006e70  __TI_Handler_Table_Base       
00006e7c  __TI_Handler_Table_Limit      
00006e90  __TI_CINIT_Base               
00006ea8  __TI_CINIT_Limit              
20000000  __start___llvm_prf_cnts       
20000000  __stop___llvm_prf_cnts        
20000000  g_pfnRAMVectors               
20000270  __stack                       
20000470  __STACK_TOP                   
20001270  __STACK_END                   
20001270  _sys_memory                   
200022dc  _timeout_ticks                
200022e0  fallingEdge                   
200022e4  isr_int_value                 
200022e8  left_calibration_value        
200022ec  pulseLength                   
200022f0  right_calibration_value       
200022f4  risingEdge                    
200022f8  isRisingEdge                  
200022fc  motor_cal_factor_L            
20002300  motor_cal_factor_R            
2000231c  command_byte_s                
2000231d  command_byte_g                
20002320  command_flag_s                
20002324  command_flag_g                
20002328  _lock                         
2000232c  _unlock                       
20002338  smallestObjectCenterAngle     
2000233c  smallestObjectDistance        
20002340  cyBOT_scan_features           
20002344  errno                         
20002348  _running                      
ffffffff  __TI_pprof_out_hndl           
ffffffff  __TI_prof_data_size           
ffffffff  __TI_prof_data_start          
ffffffff  __binit__                     
ffffffff  __c_args__                    
ffffffff  binit                         
UNDEFED   __mpu_init                    
UNDEFED   _system_post_cinit            

[200 symbols]
