******************************************************************************
                  TI ARM Linker PC v20.2.7                     
******************************************************************************
>> Linked Thu Mar  7 16:32:51 2024

OUTPUT FILE NAME:   <Lab5.out>
ENTRY POINT SYMBOL: "_c_int00_noargs"  address: 000027b1


MEMORY CONFIGURATION

         name            origin    length      used     unused   attr    fill
----------------------  --------  ---------  --------  --------  ----  --------
  FLASH                 00000000   00040000  00002ac5  0003d53b  R  X
  SRAM                  20000000   00008000  000022ca  00005d36  RW X


SEGMENT ALLOCATION MAP

run origin  load origin   length   init length attrs members
----------  ----------- ---------- ----------- ----- -------
00000000    00000000    00002ac8   00002ac8    r-x
  00000000    00000000    0000026c   0000026c    r-- .intvecs
  0000026c    0000026c    000026fc   000026fc    r-x .text
  00002968    00002968    0000011d   0000011d    r-- .const
  00002a88    00002a88    00000040   00000040    r-- .cinit
20000000    20000000    000022ce   00000000    rw-
  20000000    20000000    0000026c   00000000    rw- .vtable
  20000270    20000270    00001000   00000000    rw- .stack
  20001270    20001270    00001000   00000000    rw- .sysmem
  20002270    20002270    00000058   00000000    rw- .bss
  200022c8    200022c8    00000006   00000000    rw- .data


SECTION ALLOCATION MAP

 output                                  attributes/
section   page    origin      length       input sections
--------  ----  ----------  ----------   ----------------
.intvecs   0    00000000    0000026c     
                  00000000    0000026c     tm4c123gh6pm_startup_ccs.obj (.intvecs)

.text      0    0000026c    000026fc     
                  0000026c    00000a4e     rtsv7M4_T_le_v4SPD16_eabi.lib : _printfi.c.obj (.text:__TI_printfi)
                  00000cba    00000002                                   : div0.asm.obj (.text)
                  00000cbc    00000374     lcd.obj (.text)
                  00001030    00000270     rtsv7M4_T_le_v4SPD16_eabi.lib : _printfi.c.obj (.text:_pconv_a)
                  000012a0    00000248     Timer.obj (.text)
                  000014e8    000001d0     rtsv7M4_T_le_v4SPD16_eabi.lib : _printfi.c.obj (.text:_pconv_g)
                  000016b8    000001b6                                   : fd_add_t2.asm.obj (.text)
                  0000186e    00000002     --HOLE-- [fill = 0]
                  00001870    000001ac     uart.obj (.text)
                  00001a1c    0000013c     rtsv7M4_T_le_v4SPD16_eabi.lib : _printfi.c.obj (.text:_pconv_e)
                  00001b58    00000136                                   : fd_div_t2.asm.obj (.text)
                  00001c8e    00000002     --HOLE-- [fill = 0]
                  00001c90    00000124                                   : _printfi.c.obj (.text:fcvt)
                  00001db4    00000110                                   : s_scalbn.c.obj (.text:scalbn)
                  00001ec4    000000fc                                   : fd_mul_t2.asm.obj (.text)
                  00001fc0    000000b1                                   : _printfi.c.obj (.text:_ltostr)
                  00002071    00000001     --HOLE-- [fill = 0]
                  00002072    0000009c                                   : memcpy_t2.asm.obj (.text)
                  0000210e    00000096                                   : ull_div_t2.asm.obj (.text)
                  000021a4    00000086                                   : fd_cmp_t2.asm.obj (.text:__aeabi_cdcmple)
                  0000222a    00000086                                   : fd_cmp_t2.asm.obj (.text:__aeabi_cdrcmple)
                  000022b0    00000084     button.obj (.text)
                  00002334    0000007a     rtsv7M4_T_le_v4SPD16_eabi.lib : memset_t2.asm.obj (.text)
                  000023ae    0000006e                                   : _printfi.c.obj (.text:_mcpy)
                  0000241c    00000068                                   : copy_decompress_lzss.c.obj (.text:decompress:lzss:__TI_decompress_lzss)
                  00002484    00000064                                   : s_frexp.c.obj (.text:frexp)
                  000024e8    00000056                                   : _printfi.c.obj (.text:_pconv_f)
                  0000253e    00000054                                   : _ltoa.c.obj (.text:__TI_ltoa)
                  00002592    00000052                                   : _printfi.c.obj (.text:_ecpy)
                  000025e4    0000004c                                   : atoi.c.obj (.text:atoi)
                  00002630    00000048                                   : fd_toi_t2.asm.obj (.text)
                  00002678    00000044                                   : autoinit.c.obj (.text:__TI_auto_init_nobinit_nopinit:__TI_auto_init_nobinit_nopinit)
                  000026bc    00000040                                   : u_divt2.asm.obj (.text)
                  000026fc    00000040                                   : vsnprintf.c.obj (.text:vsnprintf)
                  0000273c    0000003e                                   : _printfi.c.obj (.text:_fcpy)
                  0000277a    00000002     --HOLE-- [fill = 0]
                  0000277c    00000034     driverlib.lib : interrupt.obj (.text:IntRegister)
                  000027b0    00000034     rtsv7M4_T_le_v4SPD16_eabi.lib : boot_cortex_m.c.obj (.text:_c_int00_noargs:_c_int00_noargs)
                  000027e4    00000030                                   : vsnprintf.c.obj (.text:_outs)
                  00002814    0000002e                                   : i_tofd_t2.asm.obj (.text)
                  00002842    0000001c                                   : copy_zero_init.c.obj (.text:decompress:ZI:__TI_zero_init_nomemset:__TI_zero_init_nomemset)
                  0000285e    0000001c                                   : memccpy.c.obj (.text:memccpy)
                  0000287a    0000001a                                   : s_copysign.c.obj (.text:copysign)
                  00002894    0000001a     lab5_template.obj (.text)
                  000028ae    00000018     rtsv7M4_T_le_v4SPD16_eabi.lib : vsnprintf.c.obj (.text:_outc)
                  000028c6    00000018                                   : strcmp.c.obj (.text:strcmp)
                  000028de    00000016                                   : strchr.c.obj (.text:strchr)
                  000028f4    00000014                                   : strcpy.c.obj (.text:strcpy)
                  00002908    00000014                                   : strlen.c.obj (.text:strlen)
                  0000291c    00000012                                   : wcslen.c.obj (.text:wcslen)
                  0000292e    00000010     lcd.obj (.text:lcd_clear)
                  0000293e    0000000e     rtsv7M4_T_le_v4SPD16_eabi.lib : copy_decompress_none.c.obj (.text:decompress:none:__TI_decompress_none)
                  0000294c    0000000c     tm4c123gh6pm_startup_ccs.obj (.text)
                  00002958    00000008     rtsv7M4_T_le_v4SPD16_eabi.lib : errno.c.obj (.text:__aeabi_errno_addr)
                  00002960    00000004                                   : pre_init.c.obj (.text:_system_pre_init)
                  00002964    00000004                                   : exit.c.obj (.text:abort:abort)

.const     0    00002968    0000011d     
                  00002968    00000101     rtsv7M4_T_le_v4SPD16_eabi.lib : ctype.c.obj (.const:.string:_ctypes_)
                  00002a69    00000014     uart.obj (.const:.string:$P$T0$1)
                  00002a7d    00000004     lcd.obj (.const:.string:lineAddress$1)
                  00002a81    00000004     lcd.obj (.const:.string:lineAddresses$2)

.cinit     0    00002a88    00000040     
                  00002a88    0000000c     (__TI_handler_table)
                  00002a94    00000004     --HOLE-- [fill = 0]
                  00002a98    00000008     (.cinit..bss.load) [load image, compression = zero_init]
                  00002aa0    00000008     (.cinit..vtable.load) [load image, compression = zero_init]
                  00002aa8    00000007     (.cinit..data.load) [load image, compression = lzss]
                  00002aaf    00000001     --HOLE-- [fill = 0]
                  00002ab0    00000018     (__TI_cinit_table)

.init_array 
*          0    00000000    00000000     UNINITIALIZED

.vtable    0    20000000    0000026c     UNINITIALIZED
                  20000000    0000026c     driverlib.lib : interrupt.obj (.vtable)

.stack     0    20000270    00001000     UNINITIALIZED
                  20000270    00000004     rtsv7M4_T_le_v4SPD16_eabi.lib : boot_cortex_m.c.obj (.stack)
                  20000274    00000ffc     --HOLE--

.sysmem    0    20001270    00001000     UNINITIALIZED
                  20001270    00000010     rtsv7M4_T_le_v4SPD16_eabi.lib : memory.c.obj (.sysmem)
                  20001280    00000ff0     --HOLE--

.bss       0    20002270    00000058     UNINITIALIZED
                  20002270    00000054     lcd.obj (.bss:lastbuffer$3)
                  200022c4    00000004     (.common:_timeout_ticks)

.data      0    200022c8    00000006     UNINITIALIZED
                  200022c8    00000004     rtsv7M4_T_le_v4SPD16_eabi.lib : errno.c.obj (.data)
                  200022cc    00000001     Timer.obj (.data)
                  200022cd    00000001     button.obj (.data)

__llvm_prf_cnts 
*          0    20000000    00000000     UNINITIALIZED

MODULE SUMMARY

       Module                         code   ro data   rw data
       ------                         ----   -------   -------
    .\
       lcd.obj                        900    8         84     
       tm4c123gh6pm_startup_ccs.obj   12     620       0      
       Timer.obj                      584    0         5      
       uart.obj                       428    20        0      
       button.obj                     132    0         1      
       lab5_template.obj              26     0         0      
    +--+------------------------------+------+---------+---------+
       Total:                         2082   648       90     
                                                              
    C:/ti/TivaWare_C_Series-2.2.0.295/driverlib/ccs/Debug/driverlib.lib
       interrupt.obj                  52     0         620    
    +--+------------------------------+------+---------+---------+
       Total:                         52     0         620    
                                                              
    C:\ti\ccs1230\ccs\tools\compiler\ti-cgt-arm_20.2.7.LTS\lib\rtsv7M4_T_le_v4SPD16_eabi.lib
       _printfi.c.obj                 4851   0         0      
       fd_add_t2.asm.obj              438    0         0      
       fd_div_t2.asm.obj              310    0         0      
       s_scalbn.c.obj                 272    0         0      
       fd_cmp_t2.asm.obj              268    0         0      
       ctype.c.obj                    0      257       0      
       fd_mul_t2.asm.obj              252    0         0      
       memcpy_t2.asm.obj              156    0         0      
       ull_div_t2.asm.obj             150    0         0      
       vsnprintf.c.obj                136    0         0      
       memset_t2.asm.obj              122    0         0      
       copy_decompress_lzss.c.obj     104    0         0      
       s_frexp.c.obj                  100    0         0      
       _ltoa.c.obj                    84     0         0      
       atoi.c.obj                     76     0         0      
       fd_toi_t2.asm.obj              72     0         0      
       autoinit.c.obj                 68     0         0      
       u_divt2.asm.obj                64     0         0      
       boot_cortex_m.c.obj            52     0         0      
       i_tofd_t2.asm.obj              46     0         0      
       copy_zero_init.c.obj           28     0         0      
       memccpy.c.obj                  28     0         0      
       s_copysign.c.obj               26     0         0      
       strcmp.c.obj                   24     0         0      
       strchr.c.obj                   22     0         0      
       strcpy.c.obj                   20     0         0      
       strlen.c.obj                   20     0         0      
       wcslen.c.obj                   18     0         0      
       copy_decompress_none.c.obj     14     0         0      
       errno.c.obj                    8      0         4      
       exit.c.obj                     4      0         0      
       pre_init.c.obj                 4      0         0      
       div0.asm.obj                   2      0         0      
    +--+------------------------------+------+---------+---------+
       Total:                         7839   257       4      
                                                              
       Heap:                          0      0         4096   
       Stack:                         0      0         4096   
       Linker Generated:              0      59        0      
    +--+------------------------------+------+---------+---------+
       Grand Total:                   9973   964       8906   


LINKER GENERATED COPY TABLES

__TI_cinit_table @ 00002ab0 records: 3, size/record: 8, table size: 24
	.bss: load addr=00002a98, load size=00000008 bytes, run addr=20002270, run size=00000058 bytes, compression=zero_init
	.vtable: load addr=00002aa0, load size=00000008 bytes, run addr=20000000, run size=0000026c bytes, compression=zero_init
	.data: load addr=00002aa8, load size=00000007 bytes, run addr=200022c8, run size=00000006 bytes, compression=lzss


LINKER GENERATED HANDLER TABLE

__TI_handler_table @ 00002a88 records: 3, size/record: 4, table size: 12
	index: 0, handler: __TI_zero_init
	index: 1, handler: __TI_decompress_lzss
	index: 2, handler: __TI_decompress_none


GLOBAL SYMBOLS: SORTED ALPHABETICALLY BY Name 

address   name                          
-------   ----                          
00002965  C$$EXIT                       
0000277d  IntRegister                   
0000294d  ResetISR                      
20001270  __STACK_END                   
00001000  __STACK_SIZE                  
20000470  __STACK_TOP                   
00001000  __SYSMEM_SIZE                 
00002ab0  __TI_CINIT_Base               
00002ac8  __TI_CINIT_Limit              
00002a88  __TI_Handler_Table_Base       
00002a94  __TI_Handler_Table_Limit      
00002679  __TI_auto_init_nobinit_nopinit
0000241d  __TI_decompress_lzss          
0000293f  __TI_decompress_none          
0000253f  __TI_ltoa                     
ffffffff  __TI_pprof_out_hndl           
0000026d  __TI_printfi                  
ffffffff  __TI_prof_data_size           
ffffffff  __TI_prof_data_start          
00000000  __TI_static_base__            
00002843  __TI_zero_init_nomemset       
000021a5  __aeabi_cdcmpeq               
000021a5  __aeabi_cdcmple               
0000222b  __aeabi_cdrcmple              
00002631  __aeabi_d2iz                  
000016c3  __aeabi_dadd                  
00001b59  __aeabi_ddiv                  
00001ec5  __aeabi_dmul                  
000016b9  __aeabi_dsub                  
00002959  __aeabi_errno_addr            
00002815  __aeabi_i2d                   
00000cbb  __aeabi_idiv0                 
00000cbb  __aeabi_ldiv0                 
00002335  __aeabi_memclr                
00002335  __aeabi_memclr4               
00002335  __aeabi_memclr8               
00002073  __aeabi_memcpy                
00002073  __aeabi_memcpy4               
00002073  __aeabi_memcpy8               
00002337  __aeabi_memset                
00002337  __aeabi_memset4               
00002337  __aeabi_memset8               
000026bd  __aeabi_uidiv                 
000026bd  __aeabi_uidivmod              
0000210f  __aeabi_uldivmod              
ffffffff  __binit__                     
ffffffff  __c_args__                    
UNDEFED   __mpu_init                    
20000270  __stack                       
20000000  __start___llvm_prf_cnts       
20000000  __stop___llvm_prf_cnts        
000027b1  _c_int00_noargs               
00002968  _ctypes_                      
200022cc  _running                      
20001270  _sys_memory                   
UNDEFED   _system_post_cinit            
00002961  _system_pre_init              
200022c4  _timeout_ticks                
00002965  abort                         
000025e5  atoi                          
ffffffff  binit                         
000022e5  button_getButton              
000022b1  button_init                   
0000287b  copysign                      
0000287b  copysignl                     
200022c8  errno                         
00002485  frexp                         
00002485  frexpl                        
20000000  g_pfnRAMVectors               
00000000  g_pfnVectors                  
0000292f  lcd_clear                     
00000ed7  lcd_gotoLine                  
00000d3f  lcd_init                      
00000f3d  lcd_printf                    
00000dff  lcd_putc                      
00000e37  lcd_puts                      
00000cbd  lcd_reverseNibble             
00000cf9  lcd_rotatingBanner            
00000e55  lcd_sendCommand               
00000e93  lcd_sendNibble                
00000eff  lcd_setCursorPos              
00001db5  ldexp                         
00001db5  ldexpl                        
00002895  main                          
0000285f  memccpy                       
00002073  memcpy                        
0000233d  memset                        
00001db5  scalbn                        
00001db5  scalbnl                       
000028df  strchr                        
000028c7  strcmp                        
000028f5  strcpy                        
00002909  strlen                        
000013bf  timer_getMicros               
00001367  timer_getMillis               
000012a1  timer_init                    
00001343  timer_pause                   
00001355  timer_resume                  
00001319  timer_stop                    
00001419  timer_waitMicros              
0000144b  timer_waitMillis              
00001951  uart_formattedStringToCybot   
00001871  uart_init                     
0000192b  uart_receive                  
0000190f  uart_sendChar                 
000019b5  uart_sendStr                  
000026fd  vsnprintf                     
0000291d  wcslen                        


GLOBAL SYMBOLS: SORTED BY Symbol Address 

address   name                          
-------   ----                          
00000000  __TI_static_base__            
00000000  g_pfnVectors                  
0000026d  __TI_printfi                  
00000cbb  __aeabi_idiv0                 
00000cbb  __aeabi_ldiv0                 
00000cbd  lcd_reverseNibble             
00000cf9  lcd_rotatingBanner            
00000d3f  lcd_init                      
00000dff  lcd_putc                      
00000e37  lcd_puts                      
00000e55  lcd_sendCommand               
00000e93  lcd_sendNibble                
00000ed7  lcd_gotoLine                  
00000eff  lcd_setCursorPos              
00000f3d  lcd_printf                    
00001000  __STACK_SIZE                  
00001000  __SYSMEM_SIZE                 
000012a1  timer_init                    
00001319  timer_stop                    
00001343  timer_pause                   
00001355  timer_resume                  
00001367  timer_getMillis               
000013bf  timer_getMicros               
00001419  timer_waitMicros              
0000144b  timer_waitMillis              
000016b9  __aeabi_dsub                  
000016c3  __aeabi_dadd                  
00001871  uart_init                     
0000190f  uart_sendChar                 
0000192b  uart_receive                  
00001951  uart_formattedStringToCybot   
000019b5  uart_sendStr                  
00001b59  __aeabi_ddiv                  
00001db5  ldexp                         
00001db5  ldexpl                        
00001db5  scalbn                        
00001db5  scalbnl                       
00001ec5  __aeabi_dmul                  
00002073  __aeabi_memcpy                
00002073  __aeabi_memcpy4               
00002073  __aeabi_memcpy8               
00002073  memcpy                        
0000210f  __aeabi_uldivmod              
000021a5  __aeabi_cdcmpeq               
000021a5  __aeabi_cdcmple               
0000222b  __aeabi_cdrcmple              
000022b1  button_init                   
000022e5  button_getButton              
00002335  __aeabi_memclr                
00002335  __aeabi_memclr4               
00002335  __aeabi_memclr8               
00002337  __aeabi_memset                
00002337  __aeabi_memset4               
00002337  __aeabi_memset8               
0000233d  memset                        
0000241d  __TI_decompress_lzss          
00002485  frexp                         
00002485  frexpl                        
0000253f  __TI_ltoa                     
000025e5  atoi                          
00002631  __aeabi_d2iz                  
00002679  __TI_auto_init_nobinit_nopinit
000026bd  __aeabi_uidiv                 
000026bd  __aeabi_uidivmod              
000026fd  vsnprintf                     
0000277d  IntRegister                   
000027b1  _c_int00_noargs               
00002815  __aeabi_i2d                   
00002843  __TI_zero_init_nomemset       
0000285f  memccpy                       
0000287b  copysign                      
0000287b  copysignl                     
00002895  main                          
000028c7  strcmp                        
000028df  strchr                        
000028f5  strcpy                        
00002909  strlen                        
0000291d  wcslen                        
0000292f  lcd_clear                     
0000293f  __TI_decompress_none          
0000294d  ResetISR                      
00002959  __aeabi_errno_addr            
00002961  _system_pre_init              
00002965  C$$EXIT                       
00002965  abort                         
00002968  _ctypes_                      
00002a88  __TI_Handler_Table_Base       
00002a94  __TI_Handler_Table_Limit      
00002ab0  __TI_CINIT_Base               
00002ac8  __TI_CINIT_Limit              
20000000  __start___llvm_prf_cnts       
20000000  __stop___llvm_prf_cnts        
20000000  g_pfnRAMVectors               
20000270  __stack                       
20000470  __STACK_TOP                   
20001270  __STACK_END                   
20001270  _sys_memory                   
200022c4  _timeout_ticks                
200022c8  errno                         
200022cc  _running                      
ffffffff  __TI_pprof_out_hndl           
ffffffff  __TI_prof_data_size           
ffffffff  __TI_prof_data_start          
ffffffff  __binit__                     
ffffffff  __c_args__                    
ffffffff  binit                         
UNDEFED   __mpu_init                    
UNDEFED   _system_post_cinit            

[108 symbols]
