******************************************************************************
                  TI ARM Linker PC v20.2.7                     
******************************************************************************
>> Linked Thu Mar  7 16:32:45 2024

OUTPUT FILE NAME:   <Lab3.out>
ENTRY POINT SYMBOL: "_c_int00_noargs"  address: 000045e9


MEMORY CONFIGURATION

         name            origin    length      used     unused   attr    fill
----------------------  --------  ---------  --------  --------  ----  --------
  FLASH                 00000000   00040000  000049b7  0003b649  R  X
  SRAM                  20000000   00008000  00002366  00005c9a  RW X


SEGMENT ALLOCATION MAP

run origin  load origin   length   init length attrs members
----------  ----------- ---------- ----------- ----- -------
00000000    00000000    000049b8   000049b8    r-x
  00000000    00000000    0000026c   0000026c    r-- .intvecs
  0000026c    0000026c    000045c0   000045c0    r-x .text
  0000482c    0000482c    0000013b   0000013b    r-- .const
  00004968    00004968    00000050   00000050    r-- .cinit
20000000    20000000    0000236d   00000000    rw-
  20000000    20000000    0000026c   00000000    rw- .vtable
  20000270    20000270    00001000   00000000    rw- .stack
  20001270    20001270    00001000   00000000    rw- .sysmem
  20002270    20002270    000000bd   00000000    rw- .bss
  20002330    20002330    0000003d   00000000    rw- .data


SECTION ALLOCATION MAP

 output                                  attributes/
section   page    origin      length       input sections
--------  ----  ----------  ----------   ----------------
.intvecs   0    00000000    0000026c     
                  00000000    0000026c     tm4c123gh6pm_startup_ccs.obj (.intvecs)

.text      0    0000026c    000045c0     
                  0000026c    00000c20     open_interface.obj (.text)
                  00000e8c    00000a4e     rtsv7M4_T_le_v4SPD16_eabi.lib : _printfi.c.obj (.text:__TI_printfi)
                  000018da    00000002                                   : _lock.c.obj (.text:_nop)
                  000018dc    000007e0     scan.obj (.text)
                  000020bc    00000374     lcd.obj (.text)
                  00002430    00000270     rtsv7M4_T_le_v4SPD16_eabi.lib : _printfi.c.obj (.text:_pconv_a)
                  000026a0    00000260     libcybotScan.lib : cyBot_Scan.obj (.text)
                  00002900    00000248     Timer.obj (.text)
                  00002b48    000001ec     libcybotScan.lib : ping.obj (.text)
                  00002d34    000001d0     rtsv7M4_T_le_v4SPD16_eabi.lib : _printfi.c.obj (.text:_pconv_g)
                  00002f04    000001b6                                   : fd_add_t2.asm.obj (.text)
                  000030ba    00000002                                   : div0.asm.obj (.text)
                  000030bc    0000015c     libcybotUART.lib : uart.obj (.text)
                  00003218    00000158     libcybotScan.lib : servo.obj (.text)
                  00003370    0000013c     rtsv7M4_T_le_v4SPD16_eabi.lib : _printfi.c.obj (.text:_pconv_e)
                  000034ac    00000136                                   : fd_div_t2.asm.obj (.text)
                  000035e2    00000002     --HOLE-- [fill = 0]
                  000035e4    00000124                                   : _printfi.c.obj (.text:fcvt)
                  00003708    00000118     libcybotScan.lib : ir.obj (.text)
                  00003820    00000110     rtsv7M4_T_le_v4SPD16_eabi.lib : s_scalbn.c.obj (.text:scalbn)
                  00003930    00000100                                   : memory.c.obj (.text:aligned_alloc)
                  00003a30    000000fc                                   : fd_mul_t2.asm.obj (.text)
                  00003b2c    000000e4                                   : memory.c.obj (.text:free)
                  00003c10    000000dc     main.obj (.text)
                  00003cec    000000b1     rtsv7M4_T_le_v4SPD16_eabi.lib : _printfi.c.obj (.text:_ltostr)
                  00003d9d    00000001     --HOLE-- [fill = 0]
                  00003d9e    0000009c                                   : memcpy_t2.asm.obj (.text)
                  00003e3a    00000096                                   : ull_div_t2.asm.obj (.text)
                  00003ed0    00000086                                   : fd_cmp_t2.asm.obj (.text:__aeabi_cdcmple)
                  00003f56    00000086                                   : fd_cmp_t2.asm.obj (.text:__aeabi_cdrcmple)
                  00003fdc    0000007a                                   : memset_t2.asm.obj (.text)
                  00004056    00000002     --HOLE-- [fill = 0]
                  00004058    00000070                                   : memory.c.obj (.text:split)
                  000040c8    0000006e                                   : _printfi.c.obj (.text:_mcpy)
                  00004136    0000006e                                   : fd_tos_t2.asm.obj (.text)
                  000041a4    00000068                                   : copy_decompress_lzss.c.obj (.text:decompress:lzss:__TI_decompress_lzss)
                  0000420c    00000064                                   : s_frexp.c.obj (.text:frexp)
                  00004270    00000056                                   : _printfi.c.obj (.text:_pconv_f)
                  000042c6    00000054                                   : _ltoa.c.obj (.text:__TI_ltoa)
                  0000431a    00000052                                   : _printfi.c.obj (.text:_ecpy)
                  0000436c    0000004c                                   : atoi.c.obj (.text:atoi)
                  000043b8    00000048                                   : fd_toi_t2.asm.obj (.text)
                  00004400    00000044                                   : autoinit.c.obj (.text:__TI_auto_init_nobinit_nopinit:__TI_auto_init_nobinit_nopinit)
                  00004444    00000040                                   : u_divt2.asm.obj (.text)
                  00004484    00000040                                   : sprintf.c.obj (.text:sprintf)
                  000044c4    00000040                                   : vsnprintf.c.obj (.text:vsnprintf)
                  00004504    0000003e                                   : _printfi.c.obj (.text:_fcpy)
                  00004542    00000002     --HOLE-- [fill = 0]
                  00004544    00000038                                   : memory.c.obj (.text:calloc)
                  0000457c    00000038                                   : fs_tod_t2.asm.obj (.text)
                  000045b4    00000034     driverlib.lib : interrupt.obj (.text:IntRegister)
                  000045e8    00000034     rtsv7M4_T_le_v4SPD16_eabi.lib : boot_cortex_m.c.obj (.text:_c_int00_noargs:_c_int00_noargs)
                  0000461c    00000030                                   : vsnprintf.c.obj (.text:_outs)
                  0000464c    0000002e                                   : i_tofd_t2.asm.obj (.text)
                  0000467a    00000002     --HOLE-- [fill = 0]
                  0000467c    00000028                                   : memory.c.obj (.text:free_list_insert)
                  000046a4    0000001c                                   : copy_zero_init.c.obj (.text:decompress:ZI:__TI_zero_init_nomemset:__TI_zero_init_nomemset)
                  000046c0    0000001c                                   : memory.c.obj (.text:free_list_remove)
                  000046dc    0000001c                                   : memccpy.c.obj (.text:memccpy)
                  000046f8    0000001a                                   : s_copysign.c.obj (.text:copysign)
                  00004712    00000018                                   : vsnprintf.c.obj (.text:_outc)
                  0000472a    00000018                                   : sprintf.c.obj (.text:_outs)
                  00004742    00000018     open_interface.obj (.text:oi_parseInt)
                  0000475a    00000018     rtsv7M4_T_le_v4SPD16_eabi.lib : strcmp.c.obj (.text:strcmp)
                  00004772    00000016                                   : strchr.c.obj (.text:strchr)
                  00004788    00000014                                   : strcpy.c.obj (.text:strcpy)
                  0000479c    00000014                                   : strlen.c.obj (.text:strlen)
                  000047b0    00000012                                   : wcslen.c.obj (.text:wcslen)
                  000047c2    00000010     driverlib.lib : interrupt.obj (.text:IntMasterEnable)
                  000047d2    00000010     lcd.obj (.text:lcd_clear)
                  000047e2    0000000e     rtsv7M4_T_le_v4SPD16_eabi.lib : copy_decompress_none.c.obj (.text:decompress:none:__TI_decompress_none)
                  000047f0    0000000c     driverlib.lib : cpu.obj (.text:CPUcpsie)
                  000047fc    0000000c     tm4c123gh6pm_startup_ccs.obj (.text)
                  00004808    0000000a     rtsv7M4_T_le_v4SPD16_eabi.lib : sprintf.c.obj (.text:_outc)
                  00004812    00000002     --HOLE-- [fill = 0]
                  00004814    00000008                                   : errno.c.obj (.text:__aeabi_errno_addr)
                  0000481c    00000008                                   : memory.c.obj (.text:malloc)
                  00004824    00000004                                   : pre_init.c.obj (.text:_system_pre_init)
                  00004828    00000004                                   : exit.c.obj (.text:abort:abort)

.const     0    0000482c    0000013b     
                  0000482c    00000101     rtsv7M4_T_le_v4SPD16_eabi.lib : ctype.c.obj (.const:.string:_ctypes_)
                  0000492d    00000003     scan.obj (.const:.string:$P$T1$2)
                  00004930    00000020     scan.obj (.const:$P$T0$1)
                  00004950    0000000f     open_interface.obj (.const:.string:$P$T0$3)
                  0000495f    00000004     lcd.obj (.const:.string:lineAddress$1)
                  00004963    00000004     lcd.obj (.const:.string:lineAddresses$2)

.cinit     0    00004968    00000050     
                  00004968    00000019     (.cinit..data.load) [load image, compression = lzss]
                  00004981    00000003     --HOLE-- [fill = 0]
                  00004984    0000000c     (__TI_handler_table)
                  00004990    00000008     (.cinit..bss.load) [load image, compression = zero_init]
                  00004998    00000008     (.cinit..vtable.load) [load image, compression = zero_init]
                  000049a0    00000018     (__TI_cinit_table)

.init_array 
*          0    00000000    00000000     UNINITIALIZED

.vtable    0    20000000    0000026c     UNINITIALIZED
                  20000000    0000026c     driverlib.lib : interrupt.obj (.vtable)

.stack     0    20000270    00001000     UNINITIALIZED
                  20000270    00000004     rtsv7M4_T_le_v4SPD16_eabi.lib : boot_cortex_m.c.obj (.stack)
                  20000274    00000ffc     --HOLE--

.sysmem    0    20001270    00001000     UNINITIALIZED
                  20001270    00000010     rtsv7M4_T_le_v4SPD16_eabi.lib : memory.c.obj (.sysmem)
                  20001280    00000ff0     --HOLE--

.bss       0    20002270    000000bd     UNINITIALIZED
                  20002270    00000054     lcd.obj (.bss:lastbuffer$3)
                  200022c4    00000034     (.common:isr_char_buffer)
                  200022f8    00000018     open_interface.obj (.bss:firmware$2)
                  20002310    00000004     (.common:_timeout_ticks)
                  20002314    00000004     (.common:fallingEdge)
                  20002318    00000004     (.common:isr_int_value)
                  2000231c    00000004     (.common:left_calibration_value)
                  20002320    00000004     (.common:pulseLength)
                  20002324    00000004     (.common:right_calibration_value)
                  20002328    00000004     (.common:risingEdge)
                  2000232c    00000001     (.common:isRisingEdge)

.data      0    20002330    0000003d     UNINITIALIZED
                  20002330    00000020     open_interface.obj (.data)
                  20002350    00000008     rtsv7M4_T_le_v4SPD16_eabi.lib : _lock.c.obj (.data:$O1$$)
                  20002358    00000008                                   : memory.c.obj (.data:$O1$$)
                  20002360    00000004     libcybotScan.lib : cyBot_Scan.obj (.data)
                  20002364    00000004     libcybotUART.lib : uart.obj (.data)
                  20002368    00000004     rtsv7M4_T_le_v4SPD16_eabi.lib : errno.c.obj (.data)
                  2000236c    00000001     Timer.obj (.data)

__llvm_prf_cnts 
*          0    20000000    00000000     UNINITIALIZED

MODULE SUMMARY

       Module                         code    ro data   rw data
       ------                         ----    -------   -------
    .\
       open_interface.obj             3128    15        56     
       scan.obj                       2016    35        0      
       lcd.obj                        900     8         84     
       tm4c123gh6pm_startup_ccs.obj   12      620       0      
       Timer.obj                      584     0         5      
       main.obj                       220     0         8      
    +--+------------------------------+-------+---------+---------+
       Total:                         6860    678       153    
                                                               
    ../libcybotScan.lib
       cyBot_Scan.obj                 608     0         4      
       ping.obj                       492     0         13     
       servo.obj                      344     0         0      
       ir.obj                         280     0         4      
    +--+------------------------------+-------+---------+---------+
       Total:                         1724    0         21     
                                                               
    ../libcybotUART.lib
       uart.obj                       348     0         56     
    +--+------------------------------+-------+---------+---------+
       Total:                         348     0         56     
                                                               
    C:/ti/TivaWare_C_Series-2.2.0.295/driverlib/ccs/Debug/driverlib.lib
       interrupt.obj                  68      0         620    
       cpu.obj                        12      0         0      
    +--+------------------------------+-------+---------+---------+
       Total:                         80      0         620    
                                                               
    C:\ti\ccs1230\ccs\tools\compiler\ti-cgt-arm_20.2.7.LTS\lib\rtsv7M4_T_le_v4SPD16_eabi.lib
       _printfi.c.obj                 4851    0         0      
       memory.c.obj                   728     0         8      
       fd_add_t2.asm.obj              438     0         0      
       fd_div_t2.asm.obj              310     0         0      
       s_scalbn.c.obj                 272     0         0      
       fd_cmp_t2.asm.obj              268     0         0      
       ctype.c.obj                    0       257       0      
       fd_mul_t2.asm.obj              252     0         0      
       memcpy_t2.asm.obj              156     0         0      
       ull_div_t2.asm.obj             150     0         0      
       vsnprintf.c.obj                136     0         0      
       memset_t2.asm.obj              122     0         0      
       fd_tos_t2.asm.obj              110     0         0      
       copy_decompress_lzss.c.obj     104     0         0      
       s_frexp.c.obj                  100     0         0      
       sprintf.c.obj                  98      0         0      
       _ltoa.c.obj                    84      0         0      
       atoi.c.obj                     76      0         0      
       fd_toi_t2.asm.obj              72      0         0      
       autoinit.c.obj                 68      0         0      
       u_divt2.asm.obj                64      0         0      
       fs_tod_t2.asm.obj              56      0         0      
       boot_cortex_m.c.obj            52      0         0      
       i_tofd_t2.asm.obj              46      0         0      
       copy_zero_init.c.obj           28      0         0      
       memccpy.c.obj                  28      0         0      
       s_copysign.c.obj               26      0         0      
       strcmp.c.obj                   24      0         0      
       strchr.c.obj                   22      0         0      
       strcpy.c.obj                   20      0         0      
       strlen.c.obj                   20      0         0      
       wcslen.c.obj                   18      0         0      
       copy_decompress_none.c.obj     14      0         0      
       errno.c.obj                    8       0         4      
       _lock.c.obj                    2       0         8      
       exit.c.obj                     4       0         0      
       pre_init.c.obj                 4       0         0      
       div0.asm.obj                   2       0         0      
    +--+------------------------------+-------+---------+---------+
       Total:                         8833    257       20     
                                                               
       Heap:                          0       0         4096   
       Stack:                         0       0         4096   
       Linker Generated:              0       77        0      
    +--+------------------------------+-------+---------+---------+
       Grand Total:                   17845   1012      9062   


LINKER GENERATED COPY TABLES

__TI_cinit_table @ 000049a0 records: 3, size/record: 8, table size: 24
	.data: load addr=00004968, load size=00000019 bytes, run addr=20002330, run size=0000003d bytes, compression=lzss
	.bss: load addr=00004990, load size=00000008 bytes, run addr=20002270, run size=000000bd bytes, compression=zero_init
	.vtable: load addr=00004998, load size=00000008 bytes, run addr=20000000, run size=0000026c bytes, compression=zero_init


LINKER GENERATED HANDLER TABLE

__TI_handler_table @ 00004984 records: 3, size/record: 4, table size: 12
	index: 0, handler: __TI_zero_init
	index: 1, handler: __TI_decompress_lzss
	index: 2, handler: __TI_decompress_none


GLOBAL SYMBOLS: SORTED ALPHABETICALLY BY Name 

address   name                          
-------   ----                          
000037a1  ADC0SS0_Handler               
00004829  C$$EXIT                       
000047f1  CPUcpsie                      
00000bc3  GPIOF_Handler                 
000047c3  IntMasterEnable               
000045b5  IntRegister                   
000047fd  ResetISR                      
00002c39  TIMER3B_Handler               
20001270  __STACK_END                   
00001000  __STACK_SIZE                  
20000470  __STACK_TOP                   
00001000  __SYSMEM_SIZE                 
000049a0  __TI_CINIT_Base               
000049b8  __TI_CINIT_Limit              
00004984  __TI_Handler_Table_Base       
00004990  __TI_Handler_Table_Limit      
00004401  __TI_auto_init_nobinit_nopinit
000041a5  __TI_decompress_lzss          
000047e3  __TI_decompress_none          
000042c7  __TI_ltoa                     
ffffffff  __TI_pprof_out_hndl           
00000e8d  __TI_printfi                  
ffffffff  __TI_prof_data_size           
ffffffff  __TI_prof_data_start          
00000000  __TI_static_base__            
000046a5  __TI_zero_init_nomemset       
00003ed1  __aeabi_cdcmpeq               
00003ed1  __aeabi_cdcmple               
00003f57  __aeabi_cdrcmple              
00004137  __aeabi_d2f                   
000043b9  __aeabi_d2iz                  
00002f0f  __aeabi_dadd                  
000034ad  __aeabi_ddiv                  
00003a31  __aeabi_dmul                  
00002f05  __aeabi_dsub                  
00004815  __aeabi_errno_addr            
0000457d  __aeabi_f2d                   
0000464d  __aeabi_i2d                   
000030bb  __aeabi_idiv0                 
000030bb  __aeabi_ldiv0                 
00003fdd  __aeabi_memclr                
00003fdd  __aeabi_memclr4               
00003fdd  __aeabi_memclr8               
00003d9f  __aeabi_memcpy                
00003d9f  __aeabi_memcpy4               
00003d9f  __aeabi_memcpy8               
00003fdf  __aeabi_memset                
00003fdf  __aeabi_memset4               
00003fdf  __aeabi_memset8               
00004445  __aeabi_uidiv                 
00004445  __aeabi_uidivmod              
00003e3b  __aeabi_uldivmod              
ffffffff  __binit__                     
ffffffff  __c_args__                    
UNDEFED   __mpu_init                    
20000270  __stack                       
20000000  __start___llvm_prf_cnts       
20000000  __stop___llvm_prf_cnts        
000045e9  _c_int00_noargs               
0000482c  _ctypes_                      
20002350  _lock                         
000018db  _nop                          
2000236c  _running                      
20001270  _sys_memory                   
UNDEFED   _system_post_cinit            
00004825  _system_pre_init              
20002310  _timeout_ticks                
20002354  _unlock                       
00004829  abort                         
00003931  aligned_alloc                 
0000436d  atoi                          
00001f91  averagePINGScan               
ffffffff  binit                         
00004545  calloc                        
000046f9  copysign                      
000046f9  copysignl                     
00002779  cyBOT_SERVO_cal               
00002707  cyBOT_Scan                    
000026af  cyBOT_init_Scan               
00001909  cyBOT_proxScan                
20002360  cyBOT_scan_features           
000026a1  cyBOT_scan_version            
000031c5  cyBot_UART1_Handler           
000031ab  cyBot_getByte                 
000030bd  cyBot_sendByte                
000018dd  cyBot_sendString              
0000318d  cyBot_uart_flush              
000030fb  cyBot_uart_init               
000030e3  cyBot_uart_sendBuffer         
000030c9  cyBot_uart_sendStr            
20002368  errno                         
20002314  fallingEdge                   
00003b2d  free                          
0000420d  frexp                         
0000420d  frexpl                        
20000000  g_pfnRAMVectors               
00000000  g_pfnVectors                  
0000097f  go_charge                     
000037b7  ir_enableInterrupt            
00003799  ir_getDistance                
00003771  ir_getValue                   
00003709  ir_init                       
2000232c  isRisingEdge                  
200022c4  isr_char_buffer               
20002364  isr_counter                   
20002318  isr_int_value                 
000047d3  lcd_clear                     
000022d7  lcd_gotoLine                  
0000213f  lcd_init                      
0000233d  lcd_printf                    
000021ff  lcd_putc                      
00002237  lcd_puts                      
000020bd  lcd_reverseNibble             
000020f9  lcd_rotatingBanner            
00002255  lcd_sendCommand               
00002293  lcd_sendNibble                
000022ff  lcd_setCursorPos              
00003821  ldexp                         
00003821  ldexpl                        
2000231c  left_calibration_value        
00003c11  main                          
0000481d  malloc                        
00003931  memalign                      
000046dd  memccpy                       
00003d9f  memcpy                        
00003fe5  memset                        
20002330  motor_cal_factor_L            
20002334  motor_cal_factor_R            
0000026d  oi_alloc                      
00000aa9  oi_checkFirmware              
000002c7  oi_close                      
00000279  oi_free                       
00000ded  oi_getMotorCalibrationLeft    
00000e01  oi_getMotorCalibrationRight   
000002b1  oi_init                       
00000289  oi_init_noupdate              
00000915  oi_loadSong                   
00004743  oi_parseInt                   
0000032b  oi_parsePacket                
0000096b  oi_play_song                  
0000084b  oi_setLeds                    
00000db1  oi_setMotorCalibration        
0000088f  oi_setWheels                  
00000b51  oi_shutoff_init               
0000098d  oi_uartInit                   
00000a31  oi_uartReceive                
00000a77  oi_uartSendBuff               
00000a15  oi_uartSendChar               
00000a59  oi_uartSendStr                
000002d9  oi_update                     
00002c8b  ping_getDistance              
00002b49  ping_init                     
00002bcf  ping_trigger                  
20002320  pulseLength                   
20002324  right_calibration_value       
20002328  risingEdge                    
00003821  scalbn                        
00003821  scalbnl                       
00003219  servo_init                    
000032a9  servo_move                    
00003309  servo_setPWM                  
0000329d  servo_stop                    
00004485  sprintf                       
00004773  strchr                        
0000475b  strcmp                        
00004789  strcpy                        
0000479d  strlen                        
00002a1f  timer_getMicros               
000029c7  timer_getMillis               
00002901  timer_init                    
000029a3  timer_pause                   
000029b5  timer_resume                  
00002979  timer_stop                    
00002a79  timer_waitMicros              
00002aab  timer_waitMillis              
000044c5  vsnprintf                     
000047b1  wcslen                        


GLOBAL SYMBOLS: SORTED BY Symbol Address 

address   name                          
-------   ----                          
00000000  __TI_static_base__            
00000000  g_pfnVectors                  
0000026d  oi_alloc                      
00000279  oi_free                       
00000289  oi_init_noupdate              
000002b1  oi_init                       
000002c7  oi_close                      
000002d9  oi_update                     
0000032b  oi_parsePacket                
0000084b  oi_setLeds                    
0000088f  oi_setWheels                  
00000915  oi_loadSong                   
0000096b  oi_play_song                  
0000097f  go_charge                     
0000098d  oi_uartInit                   
00000a15  oi_uartSendChar               
00000a31  oi_uartReceive                
00000a59  oi_uartSendStr                
00000a77  oi_uartSendBuff               
00000aa9  oi_checkFirmware              
00000b51  oi_shutoff_init               
00000bc3  GPIOF_Handler                 
00000db1  oi_setMotorCalibration        
00000ded  oi_getMotorCalibrationLeft    
00000e01  oi_getMotorCalibrationRight   
00000e8d  __TI_printfi                  
00001000  __STACK_SIZE                  
00001000  __SYSMEM_SIZE                 
000018db  _nop                          
000018dd  cyBot_sendString              
00001909  cyBOT_proxScan                
00001f91  averagePINGScan               
000020bd  lcd_reverseNibble             
000020f9  lcd_rotatingBanner            
0000213f  lcd_init                      
000021ff  lcd_putc                      
00002237  lcd_puts                      
00002255  lcd_sendCommand               
00002293  lcd_sendNibble                
000022d7  lcd_gotoLine                  
000022ff  lcd_setCursorPos              
0000233d  lcd_printf                    
000026a1  cyBOT_scan_version            
000026af  cyBOT_init_Scan               
00002707  cyBOT_Scan                    
00002779  cyBOT_SERVO_cal               
00002901  timer_init                    
00002979  timer_stop                    
000029a3  timer_pause                   
000029b5  timer_resume                  
000029c7  timer_getMillis               
00002a1f  timer_getMicros               
00002a79  timer_waitMicros              
00002aab  timer_waitMillis              
00002b49  ping_init                     
00002bcf  ping_trigger                  
00002c39  TIMER3B_Handler               
00002c8b  ping_getDistance              
00002f05  __aeabi_dsub                  
00002f0f  __aeabi_dadd                  
000030bb  __aeabi_idiv0                 
000030bb  __aeabi_ldiv0                 
000030bd  cyBot_sendByte                
000030c9  cyBot_uart_sendStr            
000030e3  cyBot_uart_sendBuffer         
000030fb  cyBot_uart_init               
0000318d  cyBot_uart_flush              
000031ab  cyBot_getByte                 
000031c5  cyBot_UART1_Handler           
00003219  servo_init                    
0000329d  servo_stop                    
000032a9  servo_move                    
00003309  servo_setPWM                  
000034ad  __aeabi_ddiv                  
00003709  ir_init                       
00003771  ir_getValue                   
00003799  ir_getDistance                
000037a1  ADC0SS0_Handler               
000037b7  ir_enableInterrupt            
00003821  ldexp                         
00003821  ldexpl                        
00003821  scalbn                        
00003821  scalbnl                       
00003931  aligned_alloc                 
00003931  memalign                      
00003a31  __aeabi_dmul                  
00003b2d  free                          
00003c11  main                          
00003d9f  __aeabi_memcpy                
00003d9f  __aeabi_memcpy4               
00003d9f  __aeabi_memcpy8               
00003d9f  memcpy                        
00003e3b  __aeabi_uldivmod              
00003ed1  __aeabi_cdcmpeq               
00003ed1  __aeabi_cdcmple               
00003f57  __aeabi_cdrcmple              
00003fdd  __aeabi_memclr                
00003fdd  __aeabi_memclr4               
00003fdd  __aeabi_memclr8               
00003fdf  __aeabi_memset                
00003fdf  __aeabi_memset4               
00003fdf  __aeabi_memset8               
00003fe5  memset                        
00004137  __aeabi_d2f                   
000041a5  __TI_decompress_lzss          
0000420d  frexp                         
0000420d  frexpl                        
000042c7  __TI_ltoa                     
0000436d  atoi                          
000043b9  __aeabi_d2iz                  
00004401  __TI_auto_init_nobinit_nopinit
00004445  __aeabi_uidiv                 
00004445  __aeabi_uidivmod              
00004485  sprintf                       
000044c5  vsnprintf                     
00004545  calloc                        
0000457d  __aeabi_f2d                   
000045b5  IntRegister                   
000045e9  _c_int00_noargs               
0000464d  __aeabi_i2d                   
000046a5  __TI_zero_init_nomemset       
000046dd  memccpy                       
000046f9  copysign                      
000046f9  copysignl                     
00004743  oi_parseInt                   
0000475b  strcmp                        
00004773  strchr                        
00004789  strcpy                        
0000479d  strlen                        
000047b1  wcslen                        
000047c3  IntMasterEnable               
000047d3  lcd_clear                     
000047e3  __TI_decompress_none          
000047f1  CPUcpsie                      
000047fd  ResetISR                      
00004815  __aeabi_errno_addr            
0000481d  malloc                        
00004825  _system_pre_init              
00004829  C$$EXIT                       
00004829  abort                         
0000482c  _ctypes_                      
00004984  __TI_Handler_Table_Base       
00004990  __TI_Handler_Table_Limit      
000049a0  __TI_CINIT_Base               
000049b8  __TI_CINIT_Limit              
20000000  __start___llvm_prf_cnts       
20000000  __stop___llvm_prf_cnts        
20000000  g_pfnRAMVectors               
20000270  __stack                       
20000470  __STACK_TOP                   
20001270  __STACK_END                   
20001270  _sys_memory                   
200022c4  isr_char_buffer               
20002310  _timeout_ticks                
20002314  fallingEdge                   
20002318  isr_int_value                 
2000231c  left_calibration_value        
20002320  pulseLength                   
20002324  right_calibration_value       
20002328  risingEdge                    
2000232c  isRisingEdge                  
20002330  motor_cal_factor_L            
20002334  motor_cal_factor_R            
20002350  _lock                         
20002354  _unlock                       
20002360  cyBOT_scan_features           
20002364  isr_counter                   
20002368  errno                         
2000236c  _running                      
ffffffff  __TI_pprof_out_hndl           
ffffffff  __TI_prof_data_size           
ffffffff  __TI_prof_data_start          
ffffffff  __binit__                     
ffffffff  __c_args__                    
ffffffff  binit                         
UNDEFED   __mpu_init                    
UNDEFED   _system_post_cinit            

[177 symbols]
