******************************************************************************
                  TI ARM Linker PC v20.2.7                     
******************************************************************************
>> Linked Wed Apr 10 13:55:23 2024

OUTPUT FILE NAME:   <Lab7.out>
ENTRY POINT SYMBOL: "_c_int00_noargs"  address: 000067fd


MEMORY CONFIGURATION

         name            origin    length      used     unused   attr    fill
----------------------  --------  ---------  --------  --------  ----  --------
  FLASH                 00000000   00040000  00006e55  000391ab  R  X
  SRAM                  20000000   00008000  00002342  00005cbe  RW X


SEGMENT ALLOCATION MAP

run origin  load origin   length   init length attrs members
----------  ----------- ---------- ----------- ----- -------
00000000    00000000    00006e58   00006e58    r-x
  00000000    00000000    0000026c   0000026c    r-- .intvecs
  0000026c    0000026c    000067f4   000067f4    r-x .text
  00006a60    00006a60    0000039d   0000039d    r-- .const
  00006e00    00006e00    00000058   00000058    r-- .cinit
20000000    20000000    00002349   00000000    rw-
  20000000    20000000    0000026c   00000000    rw- .vtable
  20000270    20000270    00001000   00000000    rw- .stack
  20001270    20001270    00001000   00000000    rw- .sysmem
  20002270    20002270    00000089   00000000    rw- .bss
  200022fc    200022fc    0000004d   00000000    rw- .data


SECTION ALLOCATION MAP

 output                                  attributes/
section   page    origin      length       input sections
--------  ----  ----------  ----------   ----------------
.intvecs   0    00000000    0000026c     
                  00000000    0000026c     tm4c123gh6pm_startup_ccs.obj (.intvecs)

.text      0    0000026c    000067f4     
                  0000026c    00000c20     open_interface.obj (.text)
                  00000e8c    00000a4e     rtsv7M4_T_le_v4SPD16_eabi.lib : _printfi.c.obj (.text:__TI_printfi)
                  000018da    00000002                                   : _lock.c.obj (.text:_nop)
                  000018dc    000009d0                                   : e_pow.c.obj (.text:pow)
                  000022ac    00000800     scan.obj (.text)
                  00002aac    00000738     rtsv7M4_T_le_v4SPD16_eabi.lib : k_rem_pio2.c.obj (.text:__kernel_rem_pio2)
                  000031e4    000005e0                                   : s_sin.c.obj (.text:sin)
                  000037c4    00000374     lcd.obj (.text)
                  00003b38    00000320     movement.obj (.text)
                  00003e58    00000270     rtsv7M4_T_le_v4SPD16_eabi.lib : _printfi.c.obj (.text:_pconv_a)
                  000040c8    00000260     libcybotScan.lib : cyBot_Scan.obj (.text)
                  00004328    00000248     Timer.obj (.text)
                  00004570    00000220     uart-interrupt.obj (.text)
                  00004790    000001ec     libcybotScan.lib : ping.obj (.text)
                  0000497c    000001d0     rtsv7M4_T_le_v4SPD16_eabi.lib : _printfi.c.obj (.text:_pconv_g)
                  00004b4c    000001b6                                   : fd_add_t2.asm.obj (.text)
                  00004d02    00000002                                   : div0.asm.obj (.text)
                  00004d04    0000018c     lab7.obj (.text)
                  00004e90    00000174     rtsv7M4_T_le_v4SPD16_eabi.lib : k_sin.c.obj (.text:__kernel_sin)
                  00005004    00000170                                   : k_cos.c.obj (.text:__kernel_cos)
                  00005174    00000158     libcybotScan.lib : servo.obj (.text)
                  000052cc    00000158     rtsv7M4_T_le_v4SPD16_eabi.lib : e_sqrt.c.obj (.text:sqrt)
                  00005424    00000144     adc.obj (.text)
                  00005568    0000013c     rtsv7M4_T_le_v4SPD16_eabi.lib : _printfi.c.obj (.text:_pconv_e)
                  000056a4    00000136                                   : fd_div_t2.asm.obj (.text)
                  000057da    00000002     --HOLE-- [fill = 0]
                  000057dc    00000124                                   : _printfi.c.obj (.text:fcvt)
                  00005900    00000118     libcybotScan.lib : ir.obj (.text)
                  00005a18    00000110     rtsv7M4_T_le_v4SPD16_eabi.lib : s_scalbn.c.obj (.text:scalbn)
                  00005b28    00000100                                   : memory.c.obj (.text:aligned_alloc)
                  00005c28    000000fc                                   : fd_mul_t2.asm.obj (.text)
                  00005d24    000000f8                                   : s_floor.c.obj (.text:floor)
                  00005e1c    000000e4                                   : memory.c.obj (.text:free)
                  00005f00    000000b1                                   : _printfi.c.obj (.text:_ltostr)
                  00005fb1    00000001     --HOLE-- [fill = 0]
                  00005fb2    0000009c                                   : memcpy_t2.asm.obj (.text)
                  0000604e    00000096                                   : ull_div_t2.asm.obj (.text)
                  000060e4    00000086                                   : fd_cmp_t2.asm.obj (.text:__aeabi_cdcmple)
                  0000616a    00000086                                   : fd_cmp_t2.asm.obj (.text:__aeabi_cdrcmple)
                  000061f0    0000007a                                   : memset_t2.asm.obj (.text)
                  0000626a    00000002     --HOLE-- [fill = 0]
                  0000626c    00000070                                   : memory.c.obj (.text:split)
                  000062dc    0000006e                                   : _printfi.c.obj (.text:_mcpy)
                  0000634a    0000006e                                   : fd_tos_t2.asm.obj (.text)
                  000063b8    00000068                                   : copy_decompress_lzss.c.obj (.text:decompress:lzss:__TI_decompress_lzss)
                  00006420    00000064                                   : s_frexp.c.obj (.text:frexp)
                  00006484    00000056                                   : _printfi.c.obj (.text:_pconv_f)
                  000064da    00000054                                   : _ltoa.c.obj (.text:__TI_ltoa)
                  0000652e    00000052                                   : _printfi.c.obj (.text:_ecpy)
                  00006580    0000004c                                   : atoi.c.obj (.text:atoi)
                  000065cc    00000048                                   : fd_toi_t2.asm.obj (.text)
                  00006614    00000044                                   : autoinit.c.obj (.text:__TI_auto_init_nobinit_nopinit:__TI_auto_init_nobinit_nopinit)
                  00006658    00000040                                   : u_divt2.asm.obj (.text)
                  00006698    00000040                                   : sprintf.c.obj (.text:sprintf)
                  000066d8    00000040                                   : vsnprintf.c.obj (.text:vsnprintf)
                  00006718    0000003e                                   : _printfi.c.obj (.text:_fcpy)
                  00006756    00000002     --HOLE-- [fill = 0]
                  00006758    00000038                                   : memory.c.obj (.text:calloc)
                  00006790    00000038                                   : fs_tod_t2.asm.obj (.text)
                  000067c8    00000034     driverlib.lib : interrupt.obj (.text:IntRegister)
                  000067fc    00000034     rtsv7M4_T_le_v4SPD16_eabi.lib : boot_cortex_m.c.obj (.text:_c_int00_noargs:_c_int00_noargs)
                  00006830    00000030                                   : vsnprintf.c.obj (.text:_outs)
                  00006860    0000002e                                   : i_tofd_t2.asm.obj (.text)
                  0000688e    00000002     --HOLE-- [fill = 0]
                  00006890    00000028                                   : memory.c.obj (.text:free_list_insert)
                  000068b8    00000020                                   : u_tofd_t2.asm.obj (.text)
                  000068d8    0000001c                                   : copy_zero_init.c.obj (.text:decompress:ZI:__TI_zero_init_nomemset:__TI_zero_init_nomemset)
                  000068f4    0000001c                                   : memory.c.obj (.text:free_list_remove)
                  00006910    0000001c                                   : memccpy.c.obj (.text:memccpy)
                  0000692c    0000001a                                   : s_copysign.c.obj (.text:copysign)
                  00006946    00000018                                   : vsnprintf.c.obj (.text:_outc)
                  0000695e    00000018                                   : sprintf.c.obj (.text:_outs)
                  00006976    00000018     open_interface.obj (.text:oi_parseInt)
                  0000698e    00000018     rtsv7M4_T_le_v4SPD16_eabi.lib : strcmp.c.obj (.text:strcmp)
                  000069a6    00000016                                   : strchr.c.obj (.text:strchr)
                  000069bc    00000014                                   : strcpy.c.obj (.text:strcpy)
                  000069d0    00000014                                   : strlen.c.obj (.text:strlen)
                  000069e4    00000012                                   : wcslen.c.obj (.text:wcslen)
                  000069f6    00000010     driverlib.lib : interrupt.obj (.text:IntMasterEnable)
                  00006a06    00000010     lcd.obj (.text:lcd_clear)
                  00006a16    0000000e     rtsv7M4_T_le_v4SPD16_eabi.lib : copy_decompress_none.c.obj (.text:decompress:none:__TI_decompress_none)
                  00006a24    0000000c     driverlib.lib : cpu.obj (.text:CPUcpsie)
                  00006a30    0000000c     tm4c123gh6pm_startup_ccs.obj (.text)
                  00006a3c    0000000a     rtsv7M4_T_le_v4SPD16_eabi.lib : sprintf.c.obj (.text:_outc)
                  00006a46    00000002     --HOLE-- [fill = 0]
                  00006a48    00000008                                   : errno.c.obj (.text:__aeabi_errno_addr)
                  00006a50    00000008                                   : memory.c.obj (.text:malloc)
                  00006a58    00000004                                   : pre_init.c.obj (.text:_system_pre_init)
                  00006a5c    00000004                                   : exit.c.obj (.text:abort:abort)

.const     0    00006a60    0000039d     
                  00006a60    00000158     rtsv7M4_T_le_v4SPD16_eabi.lib : k_rem_pio2.c.obj (.const:$O1$$)
                  00006bb8    00000101                                   : ctype.c.obj (.const:.string:_ctypes_)
                  00006cb9    00000004     lcd.obj (.const:.string:lineAddress$1)
                  00006cbd    00000003     --HOLE-- [fill = 0]
                  00006cc0    00000030     rtsv7M4_T_le_v4SPD16_eabi.lib : e_pow.c.obj (.const:$O1$$)
                  00006cf0    00000028     scan.obj (.const:$P$T1$2)
                  00006d18    00000028     scan.obj (.const:$P$T2$3)
                  00006d40    00000028     scan.obj (.const:$P$T3$4)
                  00006d68    00000028     scan.obj (.const:$P$T4$5)
                  00006d90    00000028     scan.obj (.const:$P$T5$6)
                  00006db8    00000028     scan.obj (.const:$P$T6$7)
                  00006de0    0000000f     open_interface.obj (.const:.string:$P$T0$3)
                  00006def    0000000a     scan.obj (.const:.string:$P$T0$1)
                  00006df9    00000004     lcd.obj (.const:.string:lineAddresses$2)

.cinit     0    00006e00    00000058     
                  00006e00    00000020     (.cinit..data.load) [load image, compression = lzss]
                  00006e20    0000000c     (__TI_handler_table)
                  00006e2c    00000004     --HOLE-- [fill = 0]
                  00006e30    00000008     (.cinit..bss.load) [load image, compression = zero_init]
                  00006e38    00000008     (.cinit..vtable.load) [load image, compression = zero_init]
                  00006e40    00000018     (__TI_cinit_table)

.init_array 
*          0    00000000    00000000     UNINITIALIZED

.vtable    0    20000000    0000026c     UNINITIALIZED
                  20000000    0000026c     driverlib.lib : interrupt.obj (.vtable)

.stack     0    20000270    00001000     UNINITIALIZED
                  20000270    00000004     rtsv7M4_T_le_v4SPD16_eabi.lib : boot_cortex_m.c.obj (.stack)
                  20000274    00000ffc     --HOLE--

.sysmem    0    20001270    00001000     UNINITIALIZED
                  20001270    00000010     rtsv7M4_T_le_v4SPD16_eabi.lib : memory.c.obj (.sysmem)
                  20001280    00000ff0     --HOLE--

.bss       0    20002270    00000089     UNINITIALIZED
                  20002270    00000054     lcd.obj (.bss:lastbuffer$3)
                  200022c4    00000018     open_interface.obj (.bss:firmware$2)
                  200022dc    00000004     (.common:_timeout_ticks)
                  200022e0    00000004     (.common:fallingEdge)
                  200022e4    00000004     (.common:isr_int_value)
                  200022e8    00000004     (.common:left_calibration_value)
                  200022ec    00000004     (.common:pulseLength)
                  200022f0    00000004     (.common:right_calibration_value)
                  200022f4    00000004     (.common:risingEdge)
                  200022f8    00000001     (.common:isRisingEdge)

.data      0    200022fc    0000004d     UNINITIALIZED
                  200022fc    00000020     open_interface.obj (.data)
                  2000231c    0000000c     uart-interrupt.obj (.data)
                  20002328    00000008     rtsv7M4_T_le_v4SPD16_eabi.lib : _lock.c.obj (.data:$O1$$)
                  20002330    00000008                                   : memory.c.obj (.data:$O1$$)
                  20002338    00000008     scan.obj (.data)
                  20002340    00000004     libcybotScan.lib : cyBot_Scan.obj (.data)
                  20002344    00000004     rtsv7M4_T_le_v4SPD16_eabi.lib : errno.c.obj (.data)
                  20002348    00000001     Timer.obj (.data)

__llvm_prf_cnts 
*          0    20000000    00000000     UNINITIALIZED

MODULE SUMMARY

       Module                         code    ro data   rw data
       ------                         ----    -------   -------
    .\
       open_interface.obj             3128    15        56     
       scan.obj                       2048    250       8      
       lcd.obj                        900     8         84     
       movement.obj                   800     0         0      
       tm4c123gh6pm_startup_ccs.obj   12      620       0      
       Timer.obj                      584     0         5      
       uart-interrupt.obj             544     0         12     
       lab7.obj                       396     0         8      
       adc.obj                        324     0         0      
    +--+------------------------------+-------+---------+---------+
       Total:                         8736    893       173    
                                                               
    ../libcybotScan.lib
       cyBot_Scan.obj                 608     0         4      
       ping.obj                       492     0         13     
       servo.obj                      344     0         0      
       ir.obj                         280     0         4      
    +--+------------------------------+-------+---------+---------+
       Total:                         1724    0         21     
                                                               
    C:/ti/TivaWare_C_Series-2.2.0.295/driverlib/ccs/Debug/driverlib.lib
       interrupt.obj                  68      0         620    
       cpu.obj                        12      0         0      
    +--+------------------------------+-------+---------+---------+
       Total:                         80      0         620    
                                                               
    C:\ti\ccs1230\ccs\tools\compiler\ti-cgt-arm_20.2.7.LTS\lib\rtsv7M4_T_le_v4SPD16_eabi.lib
       _printfi.c.obj                 4851    0         0      
       e_pow.c.obj                    2512    48        0      
       k_rem_pio2.c.obj               1848    344       0      
       s_sin.c.obj                    1504    0         0      
       memory.c.obj                   728     0         8      
       fd_add_t2.asm.obj              438     0         0      
       k_sin.c.obj                    372     0         0      
       k_cos.c.obj                    368     0         0      
       e_sqrt.c.obj                   344     0         0      
       fd_div_t2.asm.obj              310     0         0      
       s_scalbn.c.obj                 272     0         0      
       fd_cmp_t2.asm.obj              268     0         0      
       ctype.c.obj                    0       257       0      
       fd_mul_t2.asm.obj              252     0         0      
       s_floor.c.obj                  248     0         0      
       memcpy_t2.asm.obj              156     0         0      
       ull_div_t2.asm.obj             150     0         0      
       vsnprintf.c.obj                136     0         0      
       memset_t2.asm.obj              122     0         0      
       fd_tos_t2.asm.obj              110     0         0      
       copy_decompress_lzss.c.obj     104     0         0      
       s_frexp.c.obj                  100     0         0      
       sprintf.c.obj                  98      0         0      
       _ltoa.c.obj                    84      0         0      
       atoi.c.obj                     76      0         0      
       fd_toi_t2.asm.obj              72      0         0      
       autoinit.c.obj                 68      0         0      
       u_divt2.asm.obj                64      0         0      
       fs_tod_t2.asm.obj              56      0         0      
       boot_cortex_m.c.obj            52      0         0      
       i_tofd_t2.asm.obj              46      0         0      
       u_tofd_t2.asm.obj              32      0         0      
       copy_zero_init.c.obj           28      0         0      
       memccpy.c.obj                  28      0         0      
       s_copysign.c.obj               26      0         0      
       strcmp.c.obj                   24      0         0      
       strchr.c.obj                   22      0         0      
       strcpy.c.obj                   20      0         0      
       strlen.c.obj                   20      0         0      
       wcslen.c.obj                   18      0         0      
       copy_decompress_none.c.obj     14      0         0      
       errno.c.obj                    8       0         4      
       _lock.c.obj                    2       0         8      
       exit.c.obj                     4       0         0      
       pre_init.c.obj                 4       0         0      
       div0.asm.obj                   2       0         0      
    +--+------------------------------+-------+---------+---------+
       Total:                         16061   649       20     
                                                               
       Heap:                          0       0         4096   
       Stack:                         0       0         4096   
       Linker Generated:              0       84        0      
    +--+------------------------------+-------+---------+---------+
       Grand Total:                   26601   1626      9026   


LINKER GENERATED COPY TABLES

__TI_cinit_table @ 00006e40 records: 3, size/record: 8, table size: 24
	.data: load addr=00006e00, load size=00000020 bytes, run addr=200022fc, run size=0000004d bytes, compression=lzss
	.bss: load addr=00006e30, load size=00000008 bytes, run addr=20002270, run size=00000089 bytes, compression=zero_init
	.vtable: load addr=00006e38, load size=00000008 bytes, run addr=20000000, run size=0000026c bytes, compression=zero_init


LINKER GENERATED HANDLER TABLE

__TI_handler_table @ 00006e20 records: 3, size/record: 4, table size: 12
	index: 0, handler: __TI_zero_init
	index: 1, handler: __TI_decompress_lzss
	index: 2, handler: __TI_decompress_none


GLOBAL SYMBOLS: SORTED ALPHABETICALLY BY Name 

address   name                          
-------   ----                          
00005999  ADC0SS0_Handler               
00006a5d  C$$EXIT                       
00006a25  CPUcpsie                      
00000bc3  GPIOF_Handler                 
000069f7  IntMasterEnable               
000067c9  IntRegister                   
00006a31  ResetISR                      
00004881  TIMER3B_Handler               
000046d5  UART1_Handler                 
20001270  __STACK_END                   
00001000  __STACK_SIZE                  
20000470  __STACK_TOP                   
00001000  __SYSMEM_SIZE                 
00006e40  __TI_CINIT_Base               
00006e58  __TI_CINIT_Limit              
00006e20  __TI_Handler_Table_Base       
00006e2c  __TI_Handler_Table_Limit      
00006615  __TI_auto_init_nobinit_nopinit
000063b9  __TI_decompress_lzss          
00006a17  __TI_decompress_none          
000064db  __TI_ltoa                     
ffffffff  __TI_pprof_out_hndl           
00000e8d  __TI_printfi                  
ffffffff  __TI_prof_data_size           
ffffffff  __TI_prof_data_start          
00000000  __TI_static_base__            
000068d9  __TI_zero_init_nomemset       
000060e5  __aeabi_cdcmpeq               
000060e5  __aeabi_cdcmple               
0000616b  __aeabi_cdrcmple              
0000634b  __aeabi_d2f                   
000065cd  __aeabi_d2iz                  
00004b57  __aeabi_dadd                  
000056a5  __aeabi_ddiv                  
00005c29  __aeabi_dmul                  
00004b4d  __aeabi_dsub                  
00006a49  __aeabi_errno_addr            
00006791  __aeabi_f2d                   
00006861  __aeabi_i2d                   
00004d03  __aeabi_idiv0                 
00004d03  __aeabi_ldiv0                 
000061f1  __aeabi_memclr                
000061f1  __aeabi_memclr4               
000061f1  __aeabi_memclr8               
00005fb3  __aeabi_memcpy                
00005fb3  __aeabi_memcpy4               
00005fb3  __aeabi_memcpy8               
000061f3  __aeabi_memset                
000061f3  __aeabi_memset4               
000061f3  __aeabi_memset8               
000068b9  __aeabi_ui2d                  
00006659  __aeabi_uidiv                 
00006659  __aeabi_uidivmod              
0000604f  __aeabi_uldivmod              
ffffffff  __binit__                     
ffffffff  __c_args__                    
00005005  __kernel_cos                  
00002aad  __kernel_rem_pio2             
00004e91  __kernel_sin                  
UNDEFED   __mpu_init                    
20000270  __stack                       
20000000  __start___llvm_prf_cnts       
20000000  __stop___llvm_prf_cnts        
000067fd  _c_int00_noargs               
00006bb8  _ctypes_                      
20002328  _lock                         
000018db  _nop                          
20002348  _running                      
20001270  _sys_memory                   
UNDEFED   _system_post_cinit            
00006a59  _system_pre_init              
200022dc  _timeout_ticks                
2000232c  _unlock                       
00006a5d  abort                         
00005425  adc_init                      
000054b3  adc_read                      
00005b29  aligned_alloc                 
00006581  atoi                          
00002917  averagePINGScan               
000029a9  averageRawIRScan              
ffffffff  binit                         
00003c1f  bumper_triggered              
000054df  calcIRDistance                
00006759  calloc                        
2000231d  command_byte_g                
2000231c  command_byte_s                
20002324  command_flag_g                
20002320  command_flag_s                
0000692d  copysign                      
0000692d  copysignl                     
000041a1  cyBOT_SERVO_cal               
0000412f  cyBOT_Scan                    
000040d7  cyBOT_init_Scan               
000022ad  cyBOT_proxScan                
20002340  cyBOT_scan_features           
000040c9  cyBOT_scan_version            
20002344  errno                         
200022e0  fallingEdge                   
00005d25  floor                         
00005d25  floorl                        
00005e1d  free                          
00006421  frexp                         
00006421  frexpl                        
20000000  g_pfnRAMVectors               
00000000  g_pfnVectors                  
0000097f  go_charge                     
000059af  ir_enableInterrupt            
00005991  ir_getDistance                
00005969  ir_getValue                   
00005901  ir_init                       
200022f8  isRisingEdge                  
200022e4  isr_int_value                 
00006a07  lcd_clear                     
000039df  lcd_gotoLine                  
00003847  lcd_init                      
00003a45  lcd_printf                    
00003907  lcd_putc                      
0000393f  lcd_puts                      
000037c5  lcd_reverseNibble             
00003801  lcd_rotatingBanner            
0000395d  lcd_sendCommand               
0000399b  lcd_sendNibble                
00003a07  lcd_setCursorPos              
00005a19  ldexp                         
00005a19  ldexpl                        
200022e8  left_calibration_value        
00004d05  main                          
00006a51  malloc                        
00005b29  memalign                      
00006911  memccpy                       
00005fb3  memcpy                        
000061f9  memset                        
200022fc  motor_cal_factor_L            
20002300  motor_cal_factor_R            
00003cdf  move_backward                 
00003b39  move_forward                  
0000026d  oi_alloc                      
00000aa9  oi_checkFirmware              
000002c7  oi_close                      
00000279  oi_free                       
00000ded  oi_getMotorCalibrationLeft    
00000e01  oi_getMotorCalibrationRight   
000002b1  oi_init                       
00000289  oi_init_noupdate              
00000915  oi_loadSong                   
00006977  oi_parseInt                   
0000032b  oi_parsePacket                
0000096b  oi_play_song                  
0000084b  oi_setLeds                    
00000db1  oi_setMotorCalibration        
0000088f  oi_setWheels                  
00000b51  oi_shutoff_init               
0000098d  oi_uartInit                   
00000a31  oi_uartReceive                
00000a77  oi_uartSendBuff               
00000a15  oi_uartSendChar               
00000a59  oi_uartSendStr                
000002d9  oi_update                     
000048d3  ping_getDistance              
00004791  ping_init                     
00004817  ping_trigger                  
000018dd  pow                           
000018dd  powl                          
200022ec  pulseLength                   
200022f0  right_calibration_value       
200022f4  risingEdge                    
00005a19  scalbn                        
00005a19  scalbnl                       
00005175  servo_init                    
00005205  servo_move                    
00005265  servo_setPWM                  
000051f9  servo_stop                    
000031e5  sin                           
000031e5  sinl                          
20002338  smallestObjectCenterAngle     
2000233c  smallestObjectDistance        
00006699  sprintf                       
000052cd  sqrt                          
000052cd  sqrtl                         
000069a7  strchr                        
0000698f  strcmp                        
000069bd  strcpy                        
000069d1  strlen                        
00004447  timer_getMicros               
000043ef  timer_getMillis               
00004329  timer_init                    
000043cb  timer_pause                   
000043dd  timer_resume                  
000043a1  timer_stop                    
000044a1  timer_waitMicros              
000044d3  timer_waitMillis              
00003db5  turn_left                     
00003d4b  turn_right                    
00004571  uart_interrupt_init           
00004667  uart_receive                  
0000468d  uart_recieve_nonblocking      
0000464b  uart_sendChar                 
000046b7  uart_sendStr                  
000066d9  vsnprintf                     
000069e5  wcslen                        


GLOBAL SYMBOLS: SORTED BY Symbol Address 

address   name                          
-------   ----                          
00000000  __TI_static_base__            
00000000  g_pfnVectors                  
0000026d  oi_alloc                      
00000279  oi_free                       
00000289  oi_init_noupdate              
000002b1  oi_init                       
000002c7  oi_close                      
000002d9  oi_update                     
0000032b  oi_parsePacket                
0000084b  oi_setLeds                    
0000088f  oi_setWheels                  
00000915  oi_loadSong                   
0000096b  oi_play_song                  
0000097f  go_charge                     
0000098d  oi_uartInit                   
00000a15  oi_uartSendChar               
00000a31  oi_uartReceive                
00000a59  oi_uartSendStr                
00000a77  oi_uartSendBuff               
00000aa9  oi_checkFirmware              
00000b51  oi_shutoff_init               
00000bc3  GPIOF_Handler                 
00000db1  oi_setMotorCalibration        
00000ded  oi_getMotorCalibrationLeft    
00000e01  oi_getMotorCalibrationRight   
00000e8d  __TI_printfi                  
00001000  __STACK_SIZE                  
00001000  __SYSMEM_SIZE                 
000018db  _nop                          
000018dd  pow                           
000018dd  powl                          
000022ad  cyBOT_proxScan                
00002917  averagePINGScan               
000029a9  averageRawIRScan              
00002aad  __kernel_rem_pio2             
000031e5  sin                           
000031e5  sinl                          
000037c5  lcd_reverseNibble             
00003801  lcd_rotatingBanner            
00003847  lcd_init                      
00003907  lcd_putc                      
0000393f  lcd_puts                      
0000395d  lcd_sendCommand               
0000399b  lcd_sendNibble                
000039df  lcd_gotoLine                  
00003a07  lcd_setCursorPos              
00003a45  lcd_printf                    
00003b39  move_forward                  
00003c1f  bumper_triggered              
00003cdf  move_backward                 
00003d4b  turn_right                    
00003db5  turn_left                     
000040c9  cyBOT_scan_version            
000040d7  cyBOT_init_Scan               
0000412f  cyBOT_Scan                    
000041a1  cyBOT_SERVO_cal               
00004329  timer_init                    
000043a1  timer_stop                    
000043cb  timer_pause                   
000043dd  timer_resume                  
000043ef  timer_getMillis               
00004447  timer_getMicros               
000044a1  timer_waitMicros              
000044d3  timer_waitMillis              
00004571  uart_interrupt_init           
0000464b  uart_sendChar                 
00004667  uart_receive                  
0000468d  uart_recieve_nonblocking      
000046b7  uart_sendStr                  
000046d5  UART1_Handler                 
00004791  ping_init                     
00004817  ping_trigger                  
00004881  TIMER3B_Handler               
000048d3  ping_getDistance              
00004b4d  __aeabi_dsub                  
00004b57  __aeabi_dadd                  
00004d03  __aeabi_idiv0                 
00004d03  __aeabi_ldiv0                 
00004d05  main                          
00004e91  __kernel_sin                  
00005005  __kernel_cos                  
00005175  servo_init                    
000051f9  servo_stop                    
00005205  servo_move                    
00005265  servo_setPWM                  
000052cd  sqrt                          
000052cd  sqrtl                         
00005425  adc_init                      
000054b3  adc_read                      
000054df  calcIRDistance                
000056a5  __aeabi_ddiv                  
00005901  ir_init                       
00005969  ir_getValue                   
00005991  ir_getDistance                
00005999  ADC0SS0_Handler               
000059af  ir_enableInterrupt            
00005a19  ldexp                         
00005a19  ldexpl                        
00005a19  scalbn                        
00005a19  scalbnl                       
00005b29  aligned_alloc                 
00005b29  memalign                      
00005c29  __aeabi_dmul                  
00005d25  floor                         
00005d25  floorl                        
00005e1d  free                          
00005fb3  __aeabi_memcpy                
00005fb3  __aeabi_memcpy4               
00005fb3  __aeabi_memcpy8               
00005fb3  memcpy                        
0000604f  __aeabi_uldivmod              
000060e5  __aeabi_cdcmpeq               
000060e5  __aeabi_cdcmple               
0000616b  __aeabi_cdrcmple              
000061f1  __aeabi_memclr                
000061f1  __aeabi_memclr4               
000061f1  __aeabi_memclr8               
000061f3  __aeabi_memset                
000061f3  __aeabi_memset4               
000061f3  __aeabi_memset8               
000061f9  memset                        
0000634b  __aeabi_d2f                   
000063b9  __TI_decompress_lzss          
00006421  frexp                         
00006421  frexpl                        
000064db  __TI_ltoa                     
00006581  atoi                          
000065cd  __aeabi_d2iz                  
00006615  __TI_auto_init_nobinit_nopinit
00006659  __aeabi_uidiv                 
00006659  __aeabi_uidivmod              
00006699  sprintf                       
000066d9  vsnprintf                     
00006759  calloc                        
00006791  __aeabi_f2d                   
000067c9  IntRegister                   
000067fd  _c_int00_noargs               
00006861  __aeabi_i2d                   
000068b9  __aeabi_ui2d                  
000068d9  __TI_zero_init_nomemset       
00006911  memccpy                       
0000692d  copysign                      
0000692d  copysignl                     
00006977  oi_parseInt                   
0000698f  strcmp                        
000069a7  strchr                        
000069bd  strcpy                        
000069d1  strlen                        
000069e5  wcslen                        
000069f7  IntMasterEnable               
00006a07  lcd_clear                     
00006a17  __TI_decompress_none          
00006a25  CPUcpsie                      
00006a31  ResetISR                      
00006a49  __aeabi_errno_addr            
00006a51  malloc                        
00006a59  _system_pre_init              
00006a5d  C$$EXIT                       
00006a5d  abort                         
00006bb8  _ctypes_                      
00006e20  __TI_Handler_Table_Base       
00006e2c  __TI_Handler_Table_Limit      
00006e40  __TI_CINIT_Base               
00006e58  __TI_CINIT_Limit              
20000000  __start___llvm_prf_cnts       
20000000  __stop___llvm_prf_cnts        
20000000  g_pfnRAMVectors               
20000270  __stack                       
20000470  __STACK_TOP                   
20001270  __STACK_END                   
20001270  _sys_memory                   
200022dc  _timeout_ticks                
200022e0  fallingEdge                   
200022e4  isr_int_value                 
200022e8  left_calibration_value        
200022ec  pulseLength                   
200022f0  right_calibration_value       
200022f4  risingEdge                    
200022f8  isRisingEdge                  
200022fc  motor_cal_factor_L            
20002300  motor_cal_factor_R            
2000231c  command_byte_s                
2000231d  command_byte_g                
20002320  command_flag_s                
20002324  command_flag_g                
20002328  _lock                         
2000232c  _unlock                       
20002338  smallestObjectCenterAngle     
2000233c  smallestObjectDistance        
20002340  cyBOT_scan_features           
20002344  errno                         
20002348  _running                      
ffffffff  __TI_pprof_out_hndl           
ffffffff  __TI_prof_data_size           
ffffffff  __TI_prof_data_start          
ffffffff  __binit__                     
ffffffff  __c_args__                    
ffffffff  binit                         
UNDEFED   __mpu_init                    
UNDEFED   _system_post_cinit            

[200 symbols]
