<?xml version="1.0" encoding="ISO-8859-1" ?>
<link_info>
   <banner>TI ARM Linker PC v20.2.7.LTS</banner>
   <copyright>Copyright (c) 1996-2018 Texas Instruments Incorporated</copyright>
   <link_time>0x6616e09b</link_time>
   <link_errors>0x0</link_errors>
   <output_file>Lab7.out</output_file>
   <entry_point>
      <name>_c_int00_noargs</name>
      <address>0x67fd</address>
   </entry_point>
   <input_file_list>
      <input_file id="fl-2">
         <path>.\</path>
         <kind>object</kind>
         <file>Timer.obj</file>
         <name>Timer.obj</name>
      </input_file>
      <input_file id="fl-3">
         <path>.\</path>
         <kind>object</kind>
         <file>adc.obj</file>
         <name>adc.obj</name>
      </input_file>
      <input_file id="fl-4">
         <path>.\</path>
         <kind>object</kind>
         <file>lab7.obj</file>
         <name>lab7.obj</name>
      </input_file>
      <input_file id="fl-5">
         <path>.\</path>
         <kind>object</kind>
         <file>lcd.obj</file>
         <name>lcd.obj</name>
      </input_file>
      <input_file id="fl-6">
         <path>.\</path>
         <kind>object</kind>
         <file>movement.obj</file>
         <name>movement.obj</name>
      </input_file>
      <input_file id="fl-7">
         <path>.\</path>
         <kind>object</kind>
         <file>open_interface.obj</file>
         <name>open_interface.obj</name>
      </input_file>
      <input_file id="fl-8">
         <path>.\</path>
         <kind>object</kind>
         <file>scan.obj</file>
         <name>scan.obj</name>
      </input_file>
      <input_file id="fl-9">
         <path>.\</path>
         <kind>object</kind>
         <file>tm4c123gh6pm_startup_ccs.obj</file>
         <name>tm4c123gh6pm_startup_ccs.obj</name>
      </input_file>
      <input_file id="fl-a">
         <path>.\</path>
         <kind>object</kind>
         <file>uart-interrupt.obj</file>
         <name>uart-interrupt.obj</name>
      </input_file>
      <input_file id="fl-b">
         <path>.\</path>
         <kind>object</kind>
         <file>uart.obj</file>
         <name>uart.obj</name>
      </input_file>
      <input_file id="fl-11">
         <kind>object</kind>
         <file>&lt;internal&gt;</file>
         <name>&lt;internal&gt;</name>
      </input_file>
      <input_file id="fl-12">
         <path>..\</path>
         <kind>archive</kind>
         <file>libcybotScan.lib</file>
         <name>cyBot_Scan.obj</name>
      </input_file>
      <input_file id="fl-13">
         <path>..\</path>
         <kind>archive</kind>
         <file>libcybotScan.lib</file>
         <name>ir.obj</name>
      </input_file>
      <input_file id="fl-14">
         <path>..\</path>
         <kind>archive</kind>
         <file>libcybotScan.lib</file>
         <name>ping.obj</name>
      </input_file>
      <input_file id="fl-15">
         <path>..\</path>
         <kind>archive</kind>
         <file>libcybotScan.lib</file>
         <name>servo.obj</name>
      </input_file>
      <input_file id="fl-16">
         <path>C:\ti\TivaWare_C_Series-2.2.0.295\driverlib\ccs\Debug\</path>
         <kind>archive</kind>
         <file>driverlib.lib</file>
         <name>interrupt.obj</name>
      </input_file>
      <input_file id="fl-17">
         <path>C:\ti\TivaWare_C_Series-2.2.0.295\driverlib\ccs\Debug\</path>
         <kind>archive</kind>
         <file>driverlib.lib</file>
         <name>cpu.obj</name>
      </input_file>
      <input_file id="fl-cd">
         <path>C:\ti\ccs1230\ccs\tools\compiler\ti-cgt-arm_20.2.7.LTS\lib\</path>
         <kind>archive</kind>
         <file>rtsv7M4_T_le_v4SPD16_eabi.lib</file>
         <name>e_pow.c.obj</name>
      </input_file>
      <input_file id="fl-ce">
         <path>C:\ti\ccs1230\ccs\tools\compiler\ti-cgt-arm_20.2.7.LTS\lib\</path>
         <kind>archive</kind>
         <file>rtsv7M4_T_le_v4SPD16_eabi.lib</file>
         <name>e_sqrt.c.obj</name>
      </input_file>
      <input_file id="fl-cf">
         <path>C:\ti\ccs1230\ccs\tools\compiler\ti-cgt-arm_20.2.7.LTS\lib\</path>
         <kind>archive</kind>
         <file>rtsv7M4_T_le_v4SPD16_eabi.lib</file>
         <name>s_scalbn.c.obj</name>
      </input_file>
      <input_file id="fl-d0">
         <path>C:\ti\ccs1230\ccs\tools\compiler\ti-cgt-arm_20.2.7.LTS\lib\</path>
         <kind>archive</kind>
         <file>rtsv7M4_T_le_v4SPD16_eabi.lib</file>
         <name>s_sin.c.obj</name>
      </input_file>
      <input_file id="fl-d1">
         <path>C:\ti\ccs1230\ccs\tools\compiler\ti-cgt-arm_20.2.7.LTS\lib\</path>
         <kind>archive</kind>
         <file>rtsv7M4_T_le_v4SPD16_eabi.lib</file>
         <name>sprintf.c.obj</name>
      </input_file>
      <input_file id="fl-d2">
         <path>C:\ti\ccs1230\ccs\tools\compiler\ti-cgt-arm_20.2.7.LTS\lib\</path>
         <kind>archive</kind>
         <file>rtsv7M4_T_le_v4SPD16_eabi.lib</file>
         <name>vsnprintf.c.obj</name>
      </input_file>
      <input_file id="fl-d3">
         <path>C:\ti\ccs1230\ccs\tools\compiler\ti-cgt-arm_20.2.7.LTS\lib\</path>
         <kind>archive</kind>
         <file>rtsv7M4_T_le_v4SPD16_eabi.lib</file>
         <name>fd_add_t2.asm.obj</name>
      </input_file>
      <input_file id="fl-d4">
         <path>C:\ti\ccs1230\ccs\tools\compiler\ti-cgt-arm_20.2.7.LTS\lib\</path>
         <kind>archive</kind>
         <file>rtsv7M4_T_le_v4SPD16_eabi.lib</file>
         <name>fd_cmp_t2.asm.obj</name>
      </input_file>
      <input_file id="fl-d5">
         <path>C:\ti\ccs1230\ccs\tools\compiler\ti-cgt-arm_20.2.7.LTS\lib\</path>
         <kind>archive</kind>
         <file>rtsv7M4_T_le_v4SPD16_eabi.lib</file>
         <name>fd_div_t2.asm.obj</name>
      </input_file>
      <input_file id="fl-d6">
         <path>C:\ti\ccs1230\ccs\tools\compiler\ti-cgt-arm_20.2.7.LTS\lib\</path>
         <kind>archive</kind>
         <file>rtsv7M4_T_le_v4SPD16_eabi.lib</file>
         <name>fd_mul_t2.asm.obj</name>
      </input_file>
      <input_file id="fl-d7">
         <path>C:\ti\ccs1230\ccs\tools\compiler\ti-cgt-arm_20.2.7.LTS\lib\</path>
         <kind>archive</kind>
         <file>rtsv7M4_T_le_v4SPD16_eabi.lib</file>
         <name>fd_toi_t2.asm.obj</name>
      </input_file>
      <input_file id="fl-d8">
         <path>C:\ti\ccs1230\ccs\tools\compiler\ti-cgt-arm_20.2.7.LTS\lib\</path>
         <kind>archive</kind>
         <file>rtsv7M4_T_le_v4SPD16_eabi.lib</file>
         <name>fd_tos_t2.asm.obj</name>
      </input_file>
      <input_file id="fl-d9">
         <path>C:\ti\ccs1230\ccs\tools\compiler\ti-cgt-arm_20.2.7.LTS\lib\</path>
         <kind>archive</kind>
         <file>rtsv7M4_T_le_v4SPD16_eabi.lib</file>
         <name>fs_tod_t2.asm.obj</name>
      </input_file>
      <input_file id="fl-da">
         <path>C:\ti\ccs1230\ccs\tools\compiler\ti-cgt-arm_20.2.7.LTS\lib\</path>
         <kind>archive</kind>
         <file>rtsv7M4_T_le_v4SPD16_eabi.lib</file>
         <name>i_tofd_t2.asm.obj</name>
      </input_file>
      <input_file id="fl-db">
         <path>C:\ti\ccs1230\ccs\tools\compiler\ti-cgt-arm_20.2.7.LTS\lib\</path>
         <kind>archive</kind>
         <file>rtsv7M4_T_le_v4SPD16_eabi.lib</file>
         <name>memcpy_t2.asm.obj</name>
      </input_file>
      <input_file id="fl-dc">
         <path>C:\ti\ccs1230\ccs\tools\compiler\ti-cgt-arm_20.2.7.LTS\lib\</path>
         <kind>archive</kind>
         <file>rtsv7M4_T_le_v4SPD16_eabi.lib</file>
         <name>u_tofd_t2.asm.obj</name>
      </input_file>
      <input_file id="fl-dd">
         <path>C:\ti\ccs1230\ccs\tools\compiler\ti-cgt-arm_20.2.7.LTS\lib\</path>
         <kind>archive</kind>
         <file>rtsv7M4_T_le_v4SPD16_eabi.lib</file>
         <name>memset_t2.asm.obj</name>
      </input_file>
      <input_file id="fl-de">
         <path>C:\ti\ccs1230\ccs\tools\compiler\ti-cgt-arm_20.2.7.LTS\lib\</path>
         <kind>archive</kind>
         <file>rtsv7M4_T_le_v4SPD16_eabi.lib</file>
         <name>u_divt2.asm.obj</name>
      </input_file>
      <input_file id="fl-df">
         <path>C:\ti\ccs1230\ccs\tools\compiler\ti-cgt-arm_20.2.7.LTS\lib\</path>
         <kind>archive</kind>
         <file>rtsv7M4_T_le_v4SPD16_eabi.lib</file>
         <name>copy_zero_init.c.obj</name>
      </input_file>
      <input_file id="fl-e0">
         <path>C:\ti\ccs1230\ccs\tools\compiler\ti-cgt-arm_20.2.7.LTS\lib\</path>
         <kind>archive</kind>
         <file>rtsv7M4_T_le_v4SPD16_eabi.lib</file>
         <name>copy_decompress_none.c.obj</name>
      </input_file>
      <input_file id="fl-e1">
         <path>C:\ti\ccs1230\ccs\tools\compiler\ti-cgt-arm_20.2.7.LTS\lib\</path>
         <kind>archive</kind>
         <file>rtsv7M4_T_le_v4SPD16_eabi.lib</file>
         <name>copy_decompress_lzss.c.obj</name>
      </input_file>
      <input_file id="fl-e2">
         <path>C:\ti\ccs1230\ccs\tools\compiler\ti-cgt-arm_20.2.7.LTS\lib\</path>
         <kind>archive</kind>
         <file>rtsv7M4_T_le_v4SPD16_eabi.lib</file>
         <name>memory.c.obj</name>
      </input_file>
      <input_file id="fl-e3">
         <path>C:\ti\ccs1230\ccs\tools\compiler\ti-cgt-arm_20.2.7.LTS\lib\</path>
         <kind>archive</kind>
         <file>rtsv7M4_T_le_v4SPD16_eabi.lib</file>
         <name>strcmp.c.obj</name>
      </input_file>
      <input_file id="fl-e4">
         <path>C:\ti\ccs1230\ccs\tools\compiler\ti-cgt-arm_20.2.7.LTS\lib\</path>
         <kind>archive</kind>
         <file>rtsv7M4_T_le_v4SPD16_eabi.lib</file>
         <name>strcpy.c.obj</name>
      </input_file>
      <input_file id="fl-e5">
         <path>C:\ti\ccs1230\ccs\tools\compiler\ti-cgt-arm_20.2.7.LTS\lib\</path>
         <kind>archive</kind>
         <file>rtsv7M4_T_le_v4SPD16_eabi.lib</file>
         <name>strlen.c.obj</name>
      </input_file>
      <input_file id="fl-e6">
         <path>C:\ti\ccs1230\ccs\tools\compiler\ti-cgt-arm_20.2.7.LTS\lib\</path>
         <kind>archive</kind>
         <file>rtsv7M4_T_le_v4SPD16_eabi.lib</file>
         <name>k_rem_pio2.c.obj</name>
      </input_file>
      <input_file id="fl-e7">
         <path>C:\ti\ccs1230\ccs\tools\compiler\ti-cgt-arm_20.2.7.LTS\lib\</path>
         <kind>archive</kind>
         <file>rtsv7M4_T_le_v4SPD16_eabi.lib</file>
         <name>boot_cortex_m.c.obj</name>
      </input_file>
      <input_file id="fl-e8">
         <path>C:\ti\ccs1230\ccs\tools\compiler\ti-cgt-arm_20.2.7.LTS\lib\</path>
         <kind>archive</kind>
         <file>rtsv7M4_T_le_v4SPD16_eabi.lib</file>
         <name>errno.c.obj</name>
      </input_file>
      <input_file id="fl-e9">
         <path>C:\ti\ccs1230\ccs\tools\compiler\ti-cgt-arm_20.2.7.LTS\lib\</path>
         <kind>archive</kind>
         <file>rtsv7M4_T_le_v4SPD16_eabi.lib</file>
         <name>s_copysign.c.obj</name>
      </input_file>
      <input_file id="fl-ea">
         <path>C:\ti\ccs1230\ccs\tools\compiler\ti-cgt-arm_20.2.7.LTS\lib\</path>
         <kind>archive</kind>
         <file>rtsv7M4_T_le_v4SPD16_eabi.lib</file>
         <name>k_cos.c.obj</name>
      </input_file>
      <input_file id="fl-eb">
         <path>C:\ti\ccs1230\ccs\tools\compiler\ti-cgt-arm_20.2.7.LTS\lib\</path>
         <kind>archive</kind>
         <file>rtsv7M4_T_le_v4SPD16_eabi.lib</file>
         <name>k_sin.c.obj</name>
      </input_file>
      <input_file id="fl-ec">
         <path>C:\ti\ccs1230\ccs\tools\compiler\ti-cgt-arm_20.2.7.LTS\lib\</path>
         <kind>archive</kind>
         <file>rtsv7M4_T_le_v4SPD16_eabi.lib</file>
         <name>s_floor.c.obj</name>
      </input_file>
      <input_file id="fl-ed">
         <path>C:\ti\ccs1230\ccs\tools\compiler\ti-cgt-arm_20.2.7.LTS\lib\</path>
         <kind>archive</kind>
         <file>rtsv7M4_T_le_v4SPD16_eabi.lib</file>
         <name>_printfi.c.obj</name>
      </input_file>
      <input_file id="fl-ee">
         <path>C:\ti\ccs1230\ccs\tools\compiler\ti-cgt-arm_20.2.7.LTS\lib\</path>
         <kind>archive</kind>
         <file>rtsv7M4_T_le_v4SPD16_eabi.lib</file>
         <name>div0.asm.obj</name>
      </input_file>
      <input_file id="fl-ef">
         <path>C:\ti\ccs1230\ccs\tools\compiler\ti-cgt-arm_20.2.7.LTS\lib\</path>
         <kind>archive</kind>
         <file>rtsv7M4_T_le_v4SPD16_eabi.lib</file>
         <name>ull_div_t2.asm.obj</name>
      </input_file>
      <input_file id="fl-f0">
         <path>C:\ti\ccs1230\ccs\tools\compiler\ti-cgt-arm_20.2.7.LTS\lib\</path>
         <kind>archive</kind>
         <file>rtsv7M4_T_le_v4SPD16_eabi.lib</file>
         <name>autoinit.c.obj</name>
      </input_file>
      <input_file id="fl-f1">
         <path>C:\ti\ccs1230\ccs\tools\compiler\ti-cgt-arm_20.2.7.LTS\lib\</path>
         <kind>archive</kind>
         <file>rtsv7M4_T_le_v4SPD16_eabi.lib</file>
         <name>pre_init.c.obj</name>
      </input_file>
      <input_file id="fl-f2">
         <path>C:\ti\ccs1230\ccs\tools\compiler\ti-cgt-arm_20.2.7.LTS\lib\</path>
         <kind>archive</kind>
         <file>rtsv7M4_T_le_v4SPD16_eabi.lib</file>
         <name>cpy_tbl.c.obj</name>
      </input_file>
      <input_file id="fl-f3">
         <path>C:\ti\ccs1230\ccs\tools\compiler\ti-cgt-arm_20.2.7.LTS\lib\</path>
         <kind>archive</kind>
         <file>rtsv7M4_T_le_v4SPD16_eabi.lib</file>
         <name>exit.c.obj</name>
      </input_file>
      <input_file id="fl-f4">
         <path>C:\ti\ccs1230\ccs\tools\compiler\ti-cgt-arm_20.2.7.LTS\lib\</path>
         <kind>archive</kind>
         <file>rtsv7M4_T_le_v4SPD16_eabi.lib</file>
         <name>_lock.c.obj</name>
      </input_file>
      <input_file id="fl-f5">
         <path>C:\ti\ccs1230\ccs\tools\compiler\ti-cgt-arm_20.2.7.LTS\lib\</path>
         <kind>archive</kind>
         <file>rtsv7M4_T_le_v4SPD16_eabi.lib</file>
         <name>_ltoa.c.obj</name>
      </input_file>
      <input_file id="fl-f6">
         <path>C:\ti\ccs1230\ccs\tools\compiler\ti-cgt-arm_20.2.7.LTS\lib\</path>
         <kind>archive</kind>
         <file>rtsv7M4_T_le_v4SPD16_eabi.lib</file>
         <name>args_main.c.obj</name>
      </input_file>
      <input_file id="fl-f7">
         <path>C:\ti\ccs1230\ccs\tools\compiler\ti-cgt-arm_20.2.7.LTS\lib\</path>
         <kind>archive</kind>
         <file>rtsv7M4_T_le_v4SPD16_eabi.lib</file>
         <name>atoi.c.obj</name>
      </input_file>
      <input_file id="fl-f8">
         <path>C:\ti\ccs1230\ccs\tools\compiler\ti-cgt-arm_20.2.7.LTS\lib\</path>
         <kind>archive</kind>
         <file>rtsv7M4_T_le_v4SPD16_eabi.lib</file>
         <name>ctype.c.obj</name>
      </input_file>
      <input_file id="fl-f9">
         <path>C:\ti\ccs1230\ccs\tools\compiler\ti-cgt-arm_20.2.7.LTS\lib\</path>
         <kind>archive</kind>
         <file>rtsv7M4_T_le_v4SPD16_eabi.lib</file>
         <name>memccpy.c.obj</name>
      </input_file>
      <input_file id="fl-fa">
         <path>C:\ti\ccs1230\ccs\tools\compiler\ti-cgt-arm_20.2.7.LTS\lib\</path>
         <kind>archive</kind>
         <file>rtsv7M4_T_le_v4SPD16_eabi.lib</file>
         <name>strchr.c.obj</name>
      </input_file>
      <input_file id="fl-fb">
         <path>C:\ti\ccs1230\ccs\tools\compiler\ti-cgt-arm_20.2.7.LTS\lib\</path>
         <kind>archive</kind>
         <file>rtsv7M4_T_le_v4SPD16_eabi.lib</file>
         <name>wcslen.c.obj</name>
      </input_file>
      <input_file id="fl-fc">
         <path>C:\ti\ccs1230\ccs\tools\compiler\ti-cgt-arm_20.2.7.LTS\lib\</path>
         <kind>archive</kind>
         <file>rtsv7M4_T_le_v4SPD16_eabi.lib</file>
         <name>s_frexp.c.obj</name>
      </input_file>
   </input_file_list>
   <object_component_list>
      <object_component id="oc-12">
         <name>.intvecs</name>
         <load_address>0x0</load_address>
         <run_address>0x0</run_address>
         <size>0x26c</size>
         <input_file_ref idref="fl-9"/>
      </object_component>
      <object_component id="oc-f5">
         <name>.text</name>
         <load_address>0x26c</load_address>
         <run_address>0x26c</run_address>
         <size>0xc20</size>
         <input_file_ref idref="fl-7"/>
      </object_component>
      <object_component id="oc-210">
         <name>.text:__TI_printfi</name>
         <load_address>0xe8c</load_address>
         <run_address>0xe8c</run_address>
         <size>0xa4e</size>
         <input_file_ref idref="fl-ed"/>
      </object_component>
      <object_component id="oc-384">
         <name>.text:_nop</name>
         <load_address>0x18da</load_address>
         <run_address>0x18da</run_address>
         <size>0x2</size>
         <input_file_ref idref="fl-f4"/>
      </object_component>
      <object_component id="oc-209">
         <name>.text:pow</name>
         <load_address>0x18dc</load_address>
         <run_address>0x18dc</run_address>
         <size>0x9d0</size>
         <input_file_ref idref="fl-cd"/>
      </object_component>
      <object_component id="oc-10d">
         <name>.text</name>
         <load_address>0x22ac</load_address>
         <run_address>0x22ac</run_address>
         <size>0x800</size>
         <input_file_ref idref="fl-8"/>
      </object_component>
      <object_component id="oc-371">
         <name>.text:__kernel_rem_pio2</name>
         <load_address>0x2aac</load_address>
         <run_address>0x2aac</run_address>
         <size>0x738</size>
         <input_file_ref idref="fl-e6"/>
      </object_component>
      <object_component id="oc-23b">
         <name>.text:sin</name>
         <load_address>0x31e4</load_address>
         <run_address>0x31e4</run_address>
         <size>0x5e0</size>
         <input_file_ref idref="fl-d0"/>
      </object_component>
      <object_component id="oc-dd">
         <name>.text</name>
         <load_address>0x37c4</load_address>
         <run_address>0x37c4</run_address>
         <size>0x374</size>
         <input_file_ref idref="fl-5"/>
      </object_component>
      <object_component id="oc-118">
         <name>.text</name>
         <load_address>0x3b38</load_address>
         <run_address>0x3b38</run_address>
         <size>0x320</size>
         <input_file_ref idref="fl-6"/>
      </object_component>
      <object_component id="oc-334">
         <name>.text:_pconv_a</name>
         <load_address>0x3e58</load_address>
         <run_address>0x3e58</run_address>
         <size>0x270</size>
         <input_file_ref idref="fl-ed"/>
      </object_component>
      <object_component id="oc-e9">
         <name>.text</name>
         <load_address>0x40c8</load_address>
         <run_address>0x40c8</run_address>
         <size>0x260</size>
         <input_file_ref idref="fl-12"/>
      </object_component>
      <object_component id="oc-d7">
         <name>.text</name>
         <load_address>0x4328</load_address>
         <run_address>0x4328</run_address>
         <size>0x248</size>
         <input_file_ref idref="fl-2"/>
      </object_component>
      <object_component id="oc-e3">
         <name>.text</name>
         <load_address>0x4570</load_address>
         <run_address>0x4570</run_address>
         <size>0x220</size>
         <input_file_ref idref="fl-a"/>
      </object_component>
      <object_component id="oc-1b3">
         <name>.text</name>
         <load_address>0x4790</load_address>
         <run_address>0x4790</run_address>
         <size>0x1ec</size>
         <input_file_ref idref="fl-14"/>
      </object_component>
      <object_component id="oc-322">
         <name>.text:_pconv_g</name>
         <load_address>0x497c</load_address>
         <run_address>0x497c</run_address>
         <size>0x1d0</size>
         <input_file_ref idref="fl-ed"/>
      </object_component>
      <object_component id="oc-1f4">
         <name>.text</name>
         <load_address>0x4b4c</load_address>
         <run_address>0x4b4c</run_address>
         <size>0x1b6</size>
         <input_file_ref idref="fl-d3"/>
      </object_component>
      <object_component id="oc-293">
         <name>.text</name>
         <load_address>0x4d02</load_address>
         <run_address>0x4d02</run_address>
         <size>0x2</size>
         <input_file_ref idref="fl-ee"/>
      </object_component>
      <object_component id="oc-a2">
         <name>.text</name>
         <load_address>0x4d04</load_address>
         <run_address>0x4d04</run_address>
         <size>0x18c</size>
         <input_file_ref idref="fl-4"/>
      </object_component>
      <object_component id="oc-36b">
         <name>.text:__kernel_sin</name>
         <load_address>0x4e90</load_address>
         <run_address>0x4e90</run_address>
         <size>0x174</size>
         <input_file_ref idref="fl-eb"/>
      </object_component>
      <object_component id="oc-377">
         <name>.text:__kernel_cos</name>
         <load_address>0x5004</load_address>
         <run_address>0x5004</run_address>
         <size>0x170</size>
         <input_file_ref idref="fl-ea"/>
      </object_component>
      <object_component id="oc-1ad">
         <name>.text</name>
         <load_address>0x5174</load_address>
         <run_address>0x5174</run_address>
         <size>0x158</size>
         <input_file_ref idref="fl-15"/>
      </object_component>
      <object_component id="oc-2f4">
         <name>.text:sqrt</name>
         <load_address>0x52cc</load_address>
         <run_address>0x52cc</run_address>
         <size>0x158</size>
         <input_file_ref idref="fl-ce"/>
      </object_component>
      <object_component id="oc-fb">
         <name>.text</name>
         <load_address>0x5424</load_address>
         <run_address>0x5424</run_address>
         <size>0x144</size>
         <input_file_ref idref="fl-3"/>
      </object_component>
      <object_component id="oc-32e">
         <name>.text:_pconv_e</name>
         <load_address>0x5568</load_address>
         <run_address>0x5568</run_address>
         <size>0x13c</size>
         <input_file_ref idref="fl-ed"/>
      </object_component>
      <object_component id="oc-1ea">
         <name>.text</name>
         <load_address>0x56a4</load_address>
         <run_address>0x56a4</run_address>
         <size>0x136</size>
         <input_file_ref idref="fl-d5"/>
      </object_component>
      <object_component id="oc-400">
         <name>.text:fcvt</name>
         <load_address>0x57dc</load_address>
         <run_address>0x57dc</run_address>
         <size>0x124</size>
         <input_file_ref idref="fl-ed"/>
      </object_component>
      <object_component id="oc-1b9">
         <name>.text</name>
         <load_address>0x5900</load_address>
         <run_address>0x5900</run_address>
         <size>0x118</size>
         <input_file_ref idref="fl-13"/>
      </object_component>
      <object_component id="oc-308">
         <name>.text:scalbn</name>
         <load_address>0x5a18</load_address>
         <run_address>0x5a18</run_address>
         <size>0x110</size>
         <input_file_ref idref="fl-cf"/>
      </object_component>
      <object_component id="oc-1c8">
         <name>.text:aligned_alloc</name>
         <load_address>0x5b28</load_address>
         <run_address>0x5b28</run_address>
         <size>0x100</size>
         <input_file_ref idref="fl-e2"/>
      </object_component>
      <object_component id="oc-1e5">
         <name>.text</name>
         <load_address>0x5c28</load_address>
         <run_address>0x5c28</run_address>
         <size>0xfc</size>
         <input_file_ref idref="fl-d6"/>
      </object_component>
      <object_component id="oc-433">
         <name>.text:floor</name>
         <load_address>0x5d24</load_address>
         <run_address>0x5d24</run_address>
         <size>0xf8</size>
         <input_file_ref idref="fl-ec"/>
      </object_component>
      <object_component id="oc-1d5">
         <name>.text:free</name>
         <load_address>0x5e1c</load_address>
         <run_address>0x5e1c</run_address>
         <size>0xe4</size>
         <input_file_ref idref="fl-e2"/>
      </object_component>
      <object_component id="oc-31c">
         <name>.text:_ltostr</name>
         <load_address>0x5f00</load_address>
         <run_address>0x5f00</run_address>
         <size>0xb1</size>
         <input_file_ref idref="fl-ed"/>
      </object_component>
      <object_component id="oc-3e">
         <name>.text</name>
         <load_address>0x5fb2</load_address>
         <run_address>0x5fb2</run_address>
         <size>0x9c</size>
         <input_file_ref idref="fl-db"/>
      </object_component>
      <object_component id="oc-3e7">
         <name>.text</name>
         <load_address>0x604e</load_address>
         <run_address>0x604e</run_address>
         <size>0x96</size>
         <input_file_ref idref="fl-ef"/>
      </object_component>
      <object_component id="oc-243">
         <name>.text:__aeabi_cdcmple</name>
         <load_address>0x60e4</load_address>
         <run_address>0x60e4</run_address>
         <size>0x86</size>
         <input_file_ref idref="fl-d4"/>
      </object_component>
      <object_component id="oc-303">
         <name>.text:__aeabi_cdrcmple</name>
         <load_address>0x616a</load_address>
         <run_address>0x616a</run_address>
         <size>0x86</size>
         <input_file_ref idref="fl-d4"/>
      </object_component>
      <object_component id="oc-96">
         <name>.text</name>
         <load_address>0x61f0</load_address>
         <run_address>0x61f0</run_address>
         <size>0x7a</size>
         <input_file_ref idref="fl-dd"/>
      </object_component>
      <object_component id="oc-2dc">
         <name>.text:split</name>
         <load_address>0x626c</load_address>
         <run_address>0x626c</run_address>
         <size>0x70</size>
         <input_file_ref idref="fl-e2"/>
      </object_component>
      <object_component id="oc-3f9">
         <name>.text:_mcpy</name>
         <load_address>0x62dc</load_address>
         <run_address>0x62dc</run_address>
         <size>0x6e</size>
         <input_file_ref idref="fl-ed"/>
      </object_component>
      <object_component id="oc-1fc">
         <name>.text</name>
         <load_address>0x634a</load_address>
         <run_address>0x634a</run_address>
         <size>0x6e</size>
         <input_file_ref idref="fl-d8"/>
      </object_component>
      <object_component id="oc-15">
         <name>.text:decompress:lzss:__TI_decompress_lzss</name>
         <load_address>0x63b8</load_address>
         <run_address>0x63b8</run_address>
         <size>0x68</size>
         <input_file_ref idref="fl-e1"/>
      </object_component>
      <object_component id="oc-40e">
         <name>.text:frexp</name>
         <load_address>0x6420</load_address>
         <run_address>0x6420</run_address>
         <size>0x64</size>
         <input_file_ref idref="fl-fc"/>
      </object_component>
      <object_component id="oc-328">
         <name>.text:_pconv_f</name>
         <load_address>0x6484</load_address>
         <run_address>0x6484</run_address>
         <size>0x56</size>
         <input_file_ref idref="fl-ed"/>
      </object_component>
      <object_component id="oc-3ed">
         <name>.text:__TI_ltoa</name>
         <load_address>0x64da</load_address>
         <run_address>0x64da</run_address>
         <size>0x54</size>
         <input_file_ref idref="fl-f5"/>
      </object_component>
      <object_component id="oc-3f3">
         <name>.text:_ecpy</name>
         <load_address>0x652e</load_address>
         <run_address>0x652e</run_address>
         <size>0x52</size>
         <input_file_ref idref="fl-ed"/>
      </object_component>
      <object_component id="oc-316">
         <name>.text:atoi</name>
         <load_address>0x6580</load_address>
         <run_address>0x6580</run_address>
         <size>0x4c</size>
         <input_file_ref idref="fl-f7"/>
      </object_component>
      <object_component id="oc-366">
         <name>.text</name>
         <load_address>0x65cc</load_address>
         <run_address>0x65cc</run_address>
         <size>0x48</size>
         <input_file_ref idref="fl-d7"/>
      </object_component>
      <object_component id="oc-13b">
         <name>.text:__TI_auto_init_nobinit_nopinit:__TI_auto_init_nobinit_nopinit</name>
         <load_address>0x6614</load_address>
         <run_address>0x6614</run_address>
         <size>0x44</size>
         <input_file_ref idref="fl-f0"/>
      </object_component>
      <object_component id="oc-181">
         <name>.text</name>
         <load_address>0x6658</load_address>
         <run_address>0x6658</run_address>
         <size>0x40</size>
         <input_file_ref idref="fl-de"/>
      </object_component>
      <object_component id="oc-101">
         <name>.text:sprintf</name>
         <load_address>0x6698</load_address>
         <run_address>0x6698</run_address>
         <size>0x40</size>
         <input_file_ref idref="fl-d1"/>
      </object_component>
      <object_component id="oc-186">
         <name>.text:vsnprintf</name>
         <load_address>0x66d8</load_address>
         <run_address>0x66d8</run_address>
         <size>0x40</size>
         <input_file_ref idref="fl-d2"/>
      </object_component>
      <object_component id="oc-406">
         <name>.text:_fcpy</name>
         <load_address>0x6718</load_address>
         <run_address>0x6718</run_address>
         <size>0x3e</size>
         <input_file_ref idref="fl-ed"/>
      </object_component>
      <object_component id="oc-1cf">
         <name>.text:calloc</name>
         <load_address>0x6758</load_address>
         <run_address>0x6758</run_address>
         <size>0x38</size>
         <input_file_ref idref="fl-e2"/>
      </object_component>
      <object_component id="oc-113">
         <name>.text</name>
         <load_address>0x6790</load_address>
         <run_address>0x6790</run_address>
         <size>0x38</size>
         <input_file_ref idref="fl-d9"/>
      </object_component>
      <object_component id="oc-16f">
         <name>.text:IntRegister</name>
         <load_address>0x67c8</load_address>
         <run_address>0x67c8</run_address>
         <size>0x34</size>
         <input_file_ref idref="fl-16"/>
      </object_component>
      <object_component id="oc-5c">
         <name>.text:_c_int00_noargs:_c_int00_noargs</name>
         <load_address>0x67fc</load_address>
         <run_address>0x67fc</run_address>
         <size>0x34</size>
         <input_file_ref idref="fl-e7"/>
      </object_component>
      <object_component id="oc-299">
         <name>.text:_outs</name>
         <load_address>0x6830</load_address>
         <run_address>0x6830</run_address>
         <size>0x30</size>
         <input_file_ref idref="fl-d2"/>
      </object_component>
      <object_component id="oc-1ef">
         <name>.text</name>
         <load_address>0x6860</load_address>
         <run_address>0x6860</run_address>
         <size>0x2e</size>
         <input_file_ref idref="fl-da"/>
      </object_component>
      <object_component id="oc-2d6">
         <name>.text:free_list_insert</name>
         <load_address>0x6890</load_address>
         <run_address>0x6890</run_address>
         <size>0x28</size>
         <input_file_ref idref="fl-e2"/>
      </object_component>
      <object_component id="oc-204">
         <name>.text</name>
         <load_address>0x68b8</load_address>
         <run_address>0x68b8</run_address>
         <size>0x20</size>
         <input_file_ref idref="fl-dc"/>
      </object_component>
      <object_component id="oc-4a">
         <name>.text:decompress:ZI:__TI_zero_init_nomemset:__TI_zero_init_nomemset</name>
         <load_address>0x68d8</load_address>
         <run_address>0x68d8</run_address>
         <size>0x1c</size>
         <input_file_ref idref="fl-df"/>
      </object_component>
      <object_component id="oc-2d0">
         <name>.text:free_list_remove</name>
         <load_address>0x68f4</load_address>
         <run_address>0x68f4</run_address>
         <size>0x1c</size>
         <input_file_ref idref="fl-e2"/>
      </object_component>
      <object_component id="oc-33a">
         <name>.text:memccpy</name>
         <load_address>0x6910</load_address>
         <run_address>0x6910</run_address>
         <size>0x1c</size>
         <input_file_ref idref="fl-f9"/>
      </object_component>
      <object_component id="oc-3ce">
         <name>.text:copysign</name>
         <load_address>0x692c</load_address>
         <run_address>0x692c</run_address>
         <size>0x1a</size>
         <input_file_ref idref="fl-e9"/>
      </object_component>
      <object_component id="oc-29f">
         <name>.text:_outc</name>
         <load_address>0x6946</load_address>
         <run_address>0x6946</run_address>
         <size>0x18</size>
         <input_file_ref idref="fl-d2"/>
      </object_component>
      <object_component id="oc-216">
         <name>.text:_outs</name>
         <load_address>0x695e</load_address>
         <run_address>0x695e</run_address>
         <size>0x18</size>
         <input_file_ref idref="fl-d1"/>
      </object_component>
      <object_component id="oc-1db">
         <name>.text:oi_parseInt</name>
         <load_address>0x6976</load_address>
         <run_address>0x6976</run_address>
         <size>0x18</size>
         <input_file_ref idref="fl-7"/>
      </object_component>
      <object_component id="oc-18c">
         <name>.text:strcmp</name>
         <load_address>0x698e</load_address>
         <run_address>0x698e</run_address>
         <size>0x18</size>
         <input_file_ref idref="fl-e3"/>
      </object_component>
      <object_component id="oc-414">
         <name>.text:strchr</name>
         <load_address>0x69a6</load_address>
         <run_address>0x69a6</run_address>
         <size>0x16</size>
         <input_file_ref idref="fl-fa"/>
      </object_component>
      <object_component id="oc-192">
         <name>.text:strcpy</name>
         <load_address>0x69bc</load_address>
         <run_address>0x69bc</run_address>
         <size>0x14</size>
         <input_file_ref idref="fl-e4"/>
      </object_component>
      <object_component id="oc-107">
         <name>.text:strlen</name>
         <load_address>0x69d0</load_address>
         <run_address>0x69d0</run_address>
         <size>0x14</size>
         <input_file_ref idref="fl-e5"/>
      </object_component>
      <object_component id="oc-340">
         <name>.text:wcslen</name>
         <load_address>0x69e4</load_address>
         <run_address>0x69e4</run_address>
         <size>0x12</size>
         <input_file_ref idref="fl-fb"/>
      </object_component>
      <object_component id="oc-1a2">
         <name>.text:IntMasterEnable</name>
         <load_address>0x69f6</load_address>
         <run_address>0x69f6</run_address>
         <size>0x10</size>
         <input_file_ref idref="fl-16"/>
      </object_component>
      <object_component id="oc-17a">
         <name>.text:lcd_clear</name>
         <load_address>0x6a06</load_address>
         <run_address>0x6a06</run_address>
         <size>0x10</size>
         <input_file_ref idref="fl-5"/>
      </object_component>
      <object_component id="oc-1b">
         <name>.text:decompress:none:__TI_decompress_none</name>
         <load_address>0x6a16</load_address>
         <run_address>0x6a16</run_address>
         <size>0xe</size>
         <input_file_ref idref="fl-e0"/>
      </object_component>
      <object_component id="oc-2b7">
         <name>.text:CPUcpsie</name>
         <load_address>0x6a24</load_address>
         <run_address>0x6a24</run_address>
         <size>0xc</size>
         <input_file_ref idref="fl-17"/>
      </object_component>
      <object_component id="oc-2a">
         <name>.text</name>
         <load_address>0x6a30</load_address>
         <run_address>0x6a30</run_address>
         <size>0xc</size>
         <input_file_ref idref="fl-9"/>
      </object_component>
      <object_component id="oc-21c">
         <name>.text:_outc</name>
         <load_address>0x6a3c</load_address>
         <run_address>0x6a3c</run_address>
         <size>0xa</size>
         <input_file_ref idref="fl-d1"/>
      </object_component>
      <object_component id="oc-2fa">
         <name>.text:__aeabi_errno_addr</name>
         <load_address>0x6a48</load_address>
         <run_address>0x6a48</run_address>
         <size>0x8</size>
         <input_file_ref idref="fl-e8"/>
      </object_component>
      <object_component id="oc-ef">
         <name>.text:malloc</name>
         <load_address>0x6a50</load_address>
         <run_address>0x6a50</run_address>
         <size>0x8</size>
         <input_file_ref idref="fl-e2"/>
      </object_component>
      <object_component id="oc-9c">
         <name>.text:_system_pre_init</name>
         <load_address>0x6a58</load_address>
         <run_address>0x6a58</run_address>
         <size>0x4</size>
         <input_file_ref idref="fl-f1"/>
      </object_component>
      <object_component id="oc-12f">
         <name>.text:abort:abort</name>
         <load_address>0x6a5c</load_address>
         <run_address>0x6a5c</run_address>
         <size>0x4</size>
         <input_file_ref idref="fl-f3"/>
      </object_component>
      <object_component id="oc-439">
         <name>.const:$O1$$</name>
         <load_address>0x6a60</load_address>
         <run_address>0x6a60</run_address>
         <size>0x158</size>
         <input_file_ref idref="fl-e6"/>
      </object_component>
      <object_component id="oc-3e2">
         <name>.const:.string:_ctypes_</name>
         <load_address>0x6bb8</load_address>
         <run_address>0x6bb8</run_address>
         <size>0x101</size>
         <input_file_ref idref="fl-f8"/>
      </object_component>
      <object_component id="oc-198">
         <name>.const:.string:lineAddress$1</name>
         <load_address>0x6cb9</load_address>
         <run_address>0x6cb9</run_address>
         <size>0x4</size>
         <input_file_ref idref="fl-5"/>
      </object_component>
      <object_component id="oc-300">
         <name>.const:$O1$$</name>
         <load_address>0x6cc0</load_address>
         <run_address>0x6cc0</run_address>
         <size>0x30</size>
         <input_file_ref idref="fl-cd"/>
      </object_component>
      <object_component id="oc-229">
         <name>.const:$P$T1$2</name>
         <load_address>0x6cf0</load_address>
         <run_address>0x6cf0</run_address>
         <size>0x28</size>
         <input_file_ref idref="fl-8"/>
      </object_component>
      <object_component id="oc-22c">
         <name>.const:$P$T2$3</name>
         <load_address>0x6d18</load_address>
         <run_address>0x6d18</run_address>
         <size>0x28</size>
         <input_file_ref idref="fl-8"/>
      </object_component>
      <object_component id="oc-22f">
         <name>.const:$P$T3$4</name>
         <load_address>0x6d40</load_address>
         <run_address>0x6d40</run_address>
         <size>0x28</size>
         <input_file_ref idref="fl-8"/>
      </object_component>
      <object_component id="oc-232">
         <name>.const:$P$T4$5</name>
         <load_address>0x6d68</load_address>
         <run_address>0x6d68</run_address>
         <size>0x28</size>
         <input_file_ref idref="fl-8"/>
      </object_component>
      <object_component id="oc-235">
         <name>.const:$P$T5$6</name>
         <load_address>0x6d90</load_address>
         <run_address>0x6d90</run_address>
         <size>0x28</size>
         <input_file_ref idref="fl-8"/>
      </object_component>
      <object_component id="oc-238">
         <name>.const:$P$T6$7</name>
         <load_address>0x6db8</load_address>
         <run_address>0x6db8</run_address>
         <size>0x28</size>
         <input_file_ref idref="fl-8"/>
      </object_component>
      <object_component id="oc-1f9">
         <name>.const:.string:$P$T0$3</name>
         <load_address>0x6de0</load_address>
         <run_address>0x6de0</run_address>
         <size>0xf</size>
         <input_file_ref idref="fl-7"/>
      </object_component>
      <object_component id="oc-226">
         <name>.const:.string:$P$T0$1</name>
         <load_address>0x6def</load_address>
         <run_address>0x6def</run_address>
         <size>0xa</size>
         <input_file_ref idref="fl-8"/>
      </object_component>
      <object_component id="oc-199">
         <name>.const:.string:lineAddresses$2</name>
         <load_address>0x6df9</load_address>
         <run_address>0x6df9</run_address>
         <size>0x4</size>
         <input_file_ref idref="fl-5"/>
      </object_component>
      <object_component id="oc-4be">
         <name>.cinit..data.load</name>
         <load_address>0x6e00</load_address>
         <run_address>0x6e00</run_address>
         <size>0x20</size>
      </object_component>
      <object_component id="oc-4bb">
         <name>__TI_handler_table</name>
         <load_address>0x6e20</load_address>
         <run_address>0x6e20</run_address>
         <size>0xc</size>
      </object_component>
      <object_component id="oc-4bf">
         <name>.cinit..bss.load</name>
         <load_address>0x6e30</load_address>
         <run_address>0x6e30</run_address>
         <size>0x8</size>
      </object_component>
      <object_component id="oc-4bd">
         <name>.cinit..vtable.load</name>
         <load_address>0x6e38</load_address>
         <run_address>0x6e38</run_address>
         <size>0x8</size>
      </object_component>
      <object_component id="oc-4bc">
         <name>__TI_cinit_table</name>
         <load_address>0x6e40</load_address>
         <run_address>0x6e40</run_address>
         <size>0x18</size>
      </object_component>
      <object_component id="oc-287">
         <name>.vtable</name>
         <uninitialized>true</uninitialized>
         <run_address>0x20000000</run_address>
         <size>0x26c</size>
         <input_file_ref idref="fl-16"/>
      </object_component>
      <object_component id="oc-175">
         <name>.data</name>
         <load_address>0x20002348</load_address>
         <run_address>0x20002348</run_address>
         <size>0x1</size>
         <input_file_ref idref="fl-2"/>
      </object_component>
      <object_component id="oc-1e2">
         <name>.data</name>
         <load_address>0x200022fc</load_address>
         <run_address>0x200022fc</run_address>
         <size>0x20</size>
         <input_file_ref idref="fl-7"/>
      </object_component>
      <object_component id="oc-126">
         <name>.data</name>
         <load_address>0x20002338</load_address>
         <run_address>0x20002338</run_address>
         <size>0x8</size>
         <input_file_ref idref="fl-8"/>
      </object_component>
      <object_component id="oc-1a8">
         <name>.data</name>
         <load_address>0x2000231c</load_address>
         <run_address>0x2000231c</run_address>
         <size>0xc</size>
         <input_file_ref idref="fl-a"/>
      </object_component>
      <object_component id="oc-1bf">
         <name>.data</name>
         <load_address>0x20002340</load_address>
         <run_address>0x20002340</run_address>
         <size>0x4</size>
         <input_file_ref idref="fl-12"/>
      </object_component>
      <object_component id="oc-2e2">
         <name>.data:$O1$$</name>
         <load_address>0x20002330</load_address>
         <run_address>0x20002330</run_address>
         <size>0x8</size>
         <input_file_ref idref="fl-e2"/>
      </object_component>
      <object_component id="oc-3c6">
         <name>.data</name>
         <load_address>0x20002344</load_address>
         <run_address>0x20002344</run_address>
         <size>0x4</size>
         <input_file_ref idref="fl-e8"/>
      </object_component>
      <object_component id="oc-26b">
         <name>.data:$O1$$</name>
         <load_address>0x20002328</load_address>
         <run_address>0x20002328</run_address>
         <size>0x8</size>
         <input_file_ref idref="fl-f4"/>
      </object_component>
      <object_component id="oc-19a">
         <name>.bss:lastbuffer$3</name>
         <uninitialized>true</uninitialized>
         <run_address>0x20002270</run_address>
         <size>0x54</size>
         <input_file_ref idref="fl-5"/>
      </object_component>
      <object_component id="oc-201">
         <name>.bss:firmware$2</name>
         <uninitialized>true</uninitialized>
         <run_address>0x200022c4</run_address>
         <size>0x18</size>
         <input_file_ref idref="fl-7"/>
      </object_component>
      <object_component id="oc-178">
         <name>.common:_timeout_ticks</name>
         <uninitialized>true</uninitialized>
         <run_address>0x200022dc</run_address>
         <size>0x4</size>
      </object_component>
      <object_component id="oc-11e">
         <name>.common:right_calibration_value</name>
         <uninitialized>true</uninitialized>
         <run_address>0x200022f0</run_address>
         <size>0x4</size>
      </object_component>
      <object_component id="oc-125">
         <name>.common:left_calibration_value</name>
         <uninitialized>true</uninitialized>
         <run_address>0x200022e8</run_address>
         <size>0x4</size>
      </object_component>
      <object_component id="oc-2ca">
         <name>.common:isr_int_value</name>
         <uninitialized>true</uninitialized>
         <run_address>0x200022e4</run_address>
         <size>0x4</size>
      </object_component>
      <object_component id="oc-2c6">
         <name>.common:risingEdge</name>
         <uninitialized>true</uninitialized>
         <run_address>0x200022f4</run_address>
         <size>0x4</size>
      </object_component>
      <object_component id="oc-2c7">
         <name>.common:fallingEdge</name>
         <uninitialized>true</uninitialized>
         <run_address>0x200022e0</run_address>
         <size>0x4</size>
      </object_component>
      <object_component id="oc-2c8">
         <name>.common:pulseLength</name>
         <uninitialized>true</uninitialized>
         <run_address>0x200022ec</run_address>
         <size>0x4</size>
      </object_component>
      <object_component id="oc-2c3">
         <name>.common:isRisingEdge</name>
         <uninitialized>true</uninitialized>
         <run_address>0x200022f8</run_address>
         <size>0x1</size>
      </object_component>
      <object_component id="oc-24">
         <name>.sysmem</name>
         <uninitialized>true</uninitialized>
         <run_address>0x20001270</run_address>
         <size>0x10</size>
         <input_file_ref idref="fl-e2"/>
      </object_component>
      <object_component id="oc-4c2">
         <name>.sysmem</name>
         <uninitialized>true</uninitialized>
         <run_address>0x20001270</run_address>
         <size>0x0</size>
      </object_component>
      <object_component id="oc-27">
         <name>.stack</name>
         <uninitialized>true</uninitialized>
         <run_address>0x20000270</run_address>
         <size>0x4</size>
         <input_file_ref idref="fl-e7"/>
      </object_component>
      <object_component id="oc-4c1">
         <name>.stack</name>
         <uninitialized>true</uninitialized>
         <run_address>0x20000270</run_address>
         <size>0x0</size>
      </object_component>
      <object_component id="oc-c5">
         <name>.debug_info</name>
         <load_address>0x0</load_address>
         <run_address>0x0</run_address>
         <size>0x2bb</size>
         <input_file_ref idref="fl-2"/>
      </object_component>
      <object_component id="oc-176">
         <name>.debug_info</name>
         <load_address>0x2bb</load_address>
         <run_address>0x2bb</run_address>
         <size>0xc9</size>
         <input_file_ref idref="fl-2"/>
      </object_component>
      <object_component id="oc-db">
         <name>.debug_info</name>
         <load_address>0x384</load_address>
         <run_address>0x384</run_address>
         <size>0x511</size>
         <input_file_ref idref="fl-2"/>
      </object_component>
      <object_component id="oc-77">
         <name>.debug_info</name>
         <load_address>0x895</load_address>
         <run_address>0x895</run_address>
         <size>0x26b</size>
         <input_file_ref idref="fl-2"/>
      </object_component>
      <object_component id="oc-39">
         <name>.debug_info</name>
         <load_address>0xb00</load_address>
         <run_address>0xb00</run_address>
         <size>0x84</size>
         <input_file_ref idref="fl-2"/>
      </object_component>
      <object_component id="oc-c0">
         <name>.debug_info</name>
         <load_address>0xb84</load_address>
         <run_address>0xb84</run_address>
         <size>0x2a4</size>
         <input_file_ref idref="fl-2"/>
      </object_component>
      <object_component id="oc-7c">
         <name>.debug_info</name>
         <load_address>0xe28</load_address>
         <run_address>0xe28</run_address>
         <size>0xbb</size>
         <input_file_ref idref="fl-2"/>
      </object_component>
      <object_component id="oc-fd">
         <name>.debug_info</name>
         <load_address>0xee3</load_address>
         <run_address>0xee3</run_address>
         <size>0x204</size>
         <input_file_ref idref="fl-3"/>
      </object_component>
      <object_component id="oc-11f">
         <name>.debug_info</name>
         <load_address>0x10e7</load_address>
         <run_address>0x10e7</run_address>
         <size>0x5dc</size>
         <input_file_ref idref="fl-4"/>
      </object_component>
      <object_component id="oc-a3">
         <name>.debug_info</name>
         <load_address>0x16c3</load_address>
         <run_address>0x16c3</run_address>
         <size>0x2fd</size>
         <input_file_ref idref="fl-4"/>
      </object_component>
      <object_component id="oc-24d">
         <name>.debug_info</name>
         <load_address>0x19c0</load_address>
         <run_address>0x19c0</run_address>
         <size>0x5aa</size>
         <input_file_ref idref="fl-4"/>
      </object_component>
      <object_component id="oc-252">
         <name>.debug_info</name>
         <load_address>0x1f6a</load_address>
         <run_address>0x1f6a</run_address>
         <size>0x9d</size>
         <input_file_ref idref="fl-4"/>
      </object_component>
      <object_component id="oc-12a">
         <name>.debug_info</name>
         <load_address>0x2007</load_address>
         <run_address>0x2007</run_address>
         <size>0x8b</size>
         <input_file_ref idref="fl-4"/>
      </object_component>
      <object_component id="oc-25c">
         <name>.debug_info</name>
         <load_address>0x2092</load_address>
         <run_address>0x2092</run_address>
         <size>0xcc</size>
         <input_file_ref idref="fl-4"/>
      </object_component>
      <object_component id="oc-19d">
         <name>.debug_info</name>
         <load_address>0x215e</load_address>
         <run_address>0x215e</run_address>
         <size>0x2c</size>
         <input_file_ref idref="fl-4"/>
      </object_component>
      <object_component id="oc-257">
         <name>.debug_info</name>
         <load_address>0x218a</load_address>
         <run_address>0x218a</run_address>
         <size>0x35</size>
         <input_file_ref idref="fl-4"/>
      </object_component>
      <object_component id="oc-19c">
         <name>.debug_info</name>
         <load_address>0x21bf</load_address>
         <run_address>0x21bf</run_address>
         <size>0x3ab</size>
         <input_file_ref idref="fl-5"/>
      </object_component>
      <object_component id="oc-17c">
         <name>.debug_info</name>
         <load_address>0x256a</load_address>
         <run_address>0x256a</run_address>
         <size>0x11e</size>
         <input_file_ref idref="fl-5"/>
      </object_component>
      <object_component id="oc-de">
         <name>.debug_info</name>
         <load_address>0x2688</load_address>
         <run_address>0x2688</run_address>
         <size>0x97c</size>
         <input_file_ref idref="fl-5"/>
      </object_component>
      <object_component id="oc-249">
         <name>.debug_info</name>
         <load_address>0x3004</load_address>
         <run_address>0x3004</run_address>
         <size>0x383</size>
         <input_file_ref idref="fl-6"/>
      </object_component>
      <object_component id="oc-119">
         <name>.debug_info</name>
         <load_address>0x3387</load_address>
         <run_address>0x3387</run_address>
         <size>0x7eb</size>
         <input_file_ref idref="fl-6"/>
      </object_component>
      <object_component id="oc-203">
         <name>.debug_info</name>
         <load_address>0x3b72</load_address>
         <run_address>0x3b72</run_address>
         <size>0x406</size>
         <input_file_ref idref="fl-7"/>
      </object_component>
      <object_component id="oc-1e3">
         <name>.debug_info</name>
         <load_address>0x3f78</load_address>
         <run_address>0x3f78</run_address>
         <size>0x11b</size>
         <input_file_ref idref="fl-7"/>
      </object_component>
      <object_component id="oc-1fa">
         <name>.debug_info</name>
         <load_address>0x4093</load_address>
         <run_address>0x4093</run_address>
         <size>0xd0</size>
         <input_file_ref idref="fl-7"/>
      </object_component>
      <object_component id="oc-1dc">
         <name>.debug_info</name>
         <load_address>0x4163</load_address>
         <run_address>0x4163</run_address>
         <size>0x148</size>
         <input_file_ref idref="fl-7"/>
      </object_component>
      <object_component id="oc-f6">
         <name>.debug_info</name>
         <load_address>0x42ab</load_address>
         <run_address>0x42ab</run_address>
         <size>0x1992</size>
         <input_file_ref idref="fl-7"/>
      </object_component>
      <object_component id="oc-121">
         <name>.debug_info</name>
         <load_address>0x5c3d</load_address>
         <run_address>0x5c3d</run_address>
         <size>0x4e2</size>
         <input_file_ref idref="fl-8"/>
      </object_component>
      <object_component id="oc-127">
         <name>.debug_info</name>
         <load_address>0x611f</load_address>
         <run_address>0x611f</run_address>
         <size>0x127</size>
         <input_file_ref idref="fl-8"/>
      </object_component>
      <object_component id="oc-227">
         <name>.debug_info</name>
         <load_address>0x6246</load_address>
         <run_address>0x6246</run_address>
         <size>0xc5</size>
         <input_file_ref idref="fl-8"/>
      </object_component>
      <object_component id="oc-22a">
         <name>.debug_info</name>
         <load_address>0x630b</load_address>
         <run_address>0x630b</run_address>
         <size>0xc5</size>
         <input_file_ref idref="fl-8"/>
      </object_component>
      <object_component id="oc-22d">
         <name>.debug_info</name>
         <load_address>0x63d0</load_address>
         <run_address>0x63d0</run_address>
         <size>0xc5</size>
         <input_file_ref idref="fl-8"/>
      </object_component>
      <object_component id="oc-230">
         <name>.debug_info</name>
         <load_address>0x6495</load_address>
         <run_address>0x6495</run_address>
         <size>0xc5</size>
         <input_file_ref idref="fl-8"/>
      </object_component>
      <object_component id="oc-233">
         <name>.debug_info</name>
         <load_address>0x655a</load_address>
         <run_address>0x655a</run_address>
         <size>0xc5</size>
         <input_file_ref idref="fl-8"/>
      </object_component>
      <object_component id="oc-236">
         <name>.debug_info</name>
         <load_address>0x661f</load_address>
         <run_address>0x661f</run_address>
         <size>0xc5</size>
         <input_file_ref idref="fl-8"/>
      </object_component>
      <object_component id="oc-239">
         <name>.debug_info</name>
         <load_address>0x66e4</load_address>
         <run_address>0x66e4</run_address>
         <size>0xc5</size>
         <input_file_ref idref="fl-8"/>
      </object_component>
      <object_component id="oc-10f">
         <name>.debug_info</name>
         <load_address>0x67a9</load_address>
         <run_address>0x67a9</run_address>
         <size>0x8c4</size>
         <input_file_ref idref="fl-8"/>
      </object_component>
      <object_component id="oc-32">
         <name>.debug_info</name>
         <load_address>0x706d</load_address>
         <run_address>0x706d</run_address>
         <size>0x2a5</size>
         <input_file_ref idref="fl-9"/>
      </object_component>
      <object_component id="oc-13">
         <name>.debug_info</name>
         <load_address>0x7312</load_address>
         <run_address>0x7312</run_address>
         <size>0xe4</size>
         <input_file_ref idref="fl-9"/>
      </object_component>
      <object_component id="oc-2c">
         <name>.debug_info</name>
         <load_address>0x73f6</load_address>
         <run_address>0x73f6</run_address>
         <size>0x260</size>
         <input_file_ref idref="fl-9"/>
      </object_component>
      <object_component id="oc-1ac">
         <name>.debug_info</name>
         <load_address>0x7656</load_address>
         <run_address>0x7656</run_address>
         <size>0x2d1</size>
         <input_file_ref idref="fl-a"/>
      </object_component>
      <object_component id="oc-1a9">
         <name>.debug_info</name>
         <load_address>0x7927</load_address>
         <run_address>0x7927</run_address>
         <size>0x165</size>
         <input_file_ref idref="fl-a"/>
      </object_component>
      <object_component id="oc-e5">
         <name>.debug_info</name>
         <load_address>0x7a8c</load_address>
         <run_address>0x7a8c</run_address>
         <size>0x43b</size>
         <input_file_ref idref="fl-a"/>
      </object_component>
      <object_component id="oc-123">
         <name>.debug_info</name>
         <load_address>0x7ec7</load_address>
         <run_address>0x7ec7</run_address>
         <size>0x485</size>
         <input_file_ref idref="fl-12"/>
      </object_component>
      <object_component id="oc-1c0">
         <name>.debug_info</name>
         <load_address>0x834c</load_address>
         <run_address>0x834c</run_address>
         <size>0x114</size>
         <input_file_ref idref="fl-12"/>
      </object_component>
      <object_component id="oc-ea">
         <name>.debug_info</name>
         <load_address>0x8460</load_address>
         <run_address>0x8460</run_address>
         <size>0x4ce</size>
         <input_file_ref idref="fl-12"/>
      </object_component>
      <object_component id="oc-1c3">
         <name>.debug_info</name>
         <load_address>0x892e</load_address>
         <run_address>0x892e</run_address>
         <size>0x9d</size>
         <input_file_ref idref="fl-12"/>
      </object_component>
      <object_component id="oc-2cb">
         <name>.debug_info</name>
         <load_address>0x89cb</load_address>
         <run_address>0x89cb</run_address>
         <size>0x2b7</size>
         <input_file_ref idref="fl-13"/>
      </object_component>
      <object_component id="oc-1ba">
         <name>.debug_info</name>
         <load_address>0x8c82</load_address>
         <run_address>0x8c82</run_address>
         <size>0x266</size>
         <input_file_ref idref="fl-13"/>
      </object_component>
      <object_component id="oc-2c4">
         <name>.debug_info</name>
         <load_address>0x8ee8</load_address>
         <run_address>0x8ee8</run_address>
         <size>0x3ba</size>
         <input_file_ref idref="fl-14"/>
      </object_component>
      <object_component id="oc-1b6">
         <name>.debug_info</name>
         <load_address>0x92a2</load_address>
         <run_address>0x92a2</run_address>
         <size>0x270</size>
         <input_file_ref idref="fl-14"/>
      </object_component>
      <object_component id="oc-1ae">
         <name>.debug_info</name>
         <load_address>0x9512</load_address>
         <run_address>0x9512</run_address>
         <size>0x296</size>
         <input_file_ref idref="fl-15"/>
      </object_component>
      <object_component id="oc-290">
         <name>.debug_info</name>
         <load_address>0x97a8</load_address>
         <run_address>0x97a8</run_address>
         <size>0x3b7</size>
         <input_file_ref idref="fl-16"/>
      </object_component>
      <object_component id="oc-288">
         <name>.debug_info</name>
         <load_address>0x9b5f</load_address>
         <run_address>0x9b5f</run_address>
         <size>0x160</size>
         <input_file_ref idref="fl-16"/>
      </object_component>
      <object_component id="oc-170">
         <name>.debug_info</name>
         <load_address>0x9cbf</load_address>
         <run_address>0x9cbf</run_address>
         <size>0x2ca</size>
         <input_file_ref idref="fl-16"/>
      </object_component>
      <object_component id="oc-1a3">
         <name>.debug_info</name>
         <load_address>0x9f89</load_address>
         <run_address>0x9f89</run_address>
         <size>0x247</size>
         <input_file_ref idref="fl-16"/>
      </object_component>
      <object_component id="oc-3ac">
         <name>.debug_info</name>
         <load_address>0xa1d0</load_address>
         <run_address>0xa1d0</run_address>
         <size>0x26b</size>
         <input_file_ref idref="fl-16"/>
      </object_component>
      <object_component id="oc-3a5">
         <name>.debug_info</name>
         <load_address>0xa43b</load_address>
         <run_address>0xa43b</run_address>
         <size>0x297</size>
         <input_file_ref idref="fl-16"/>
      </object_component>
      <object_component id="oc-28b">
         <name>.debug_info</name>
         <load_address>0xa6d2</load_address>
         <run_address>0xa6d2</run_address>
         <size>0xbb</size>
         <input_file_ref idref="fl-16"/>
      </object_component>
      <object_component id="oc-2b9">
         <name>.debug_info</name>
         <load_address>0xa78d</load_address>
         <run_address>0xa78d</run_address>
         <size>0x21b</size>
         <input_file_ref idref="fl-17"/>
      </object_component>
      <object_component id="oc-314">
         <name>.debug_info</name>
         <load_address>0xa9a8</load_address>
         <run_address>0xa9a8</run_address>
         <size>0x35e</size>
         <input_file_ref idref="fl-cd"/>
      </object_component>
      <object_component id="oc-301">
         <name>.debug_info</name>
         <load_address>0xad06</load_address>
         <run_address>0xad06</run_address>
         <size>0x128</size>
         <input_file_ref idref="fl-cd"/>
      </object_component>
      <object_component id="oc-20a">
         <name>.debug_info</name>
         <load_address>0xae2e</load_address>
         <run_address>0xae2e</run_address>
         <size>0xbf2</size>
         <input_file_ref idref="fl-cd"/>
      </object_component>
      <object_component id="oc-3db">
         <name>.debug_info</name>
         <load_address>0xba20</load_address>
         <run_address>0xba20</run_address>
         <size>0x46</size>
         <input_file_ref idref="fl-cd"/>
      </object_component>
      <object_component id="oc-30f">
         <name>.debug_info</name>
         <load_address>0xba66</load_address>
         <run_address>0xba66</run_address>
         <size>0x39</size>
         <input_file_ref idref="fl-cd"/>
      </object_component>
      <object_component id="oc-3c5">
         <name>.debug_info</name>
         <load_address>0xba9f</load_address>
         <run_address>0xba9f</run_address>
         <size>0x2c5</size>
         <input_file_ref idref="fl-ce"/>
      </object_component>
      <object_component id="oc-2f6">
         <name>.debug_info</name>
         <load_address>0xbd64</load_address>
         <run_address>0xbd64</run_address>
         <size>0x24e</size>
         <input_file_ref idref="fl-ce"/>
      </object_component>
      <object_component id="oc-3d5">
         <name>.debug_info</name>
         <load_address>0xbfb2</load_address>
         <run_address>0xbfb2</run_address>
         <size>0x2f8</size>
         <input_file_ref idref="fl-cf"/>
      </object_component>
      <object_component id="oc-30c">
         <name>.debug_info</name>
         <load_address>0xc2aa</load_address>
         <run_address>0xc2aa</run_address>
         <size>0x225</size>
         <input_file_ref idref="fl-cf"/>
      </object_component>
      <object_component id="oc-45b">
         <name>.debug_info</name>
         <load_address>0xc4cf</load_address>
         <run_address>0xc4cf</run_address>
         <size>0x39</size>
         <input_file_ref idref="fl-cf"/>
      </object_component>
      <object_component id="oc-3d6">
         <name>.debug_info</name>
         <load_address>0xc508</load_address>
         <run_address>0xc508</run_address>
         <size>0x2c</size>
         <input_file_ref idref="fl-cf"/>
      </object_component>
      <object_component id="oc-37e">
         <name>.debug_info</name>
         <load_address>0xc534</load_address>
         <run_address>0xc534</run_address>
         <size>0x361</size>
         <input_file_ref idref="fl-d0"/>
      </object_component>
      <object_component id="oc-23d">
         <name>.debug_info</name>
         <load_address>0xc895</load_address>
         <run_address>0xc895</run_address>
         <size>0x7ae</size>
         <input_file_ref idref="fl-d0"/>
      </object_component>
      <object_component id="oc-223">
         <name>.debug_info</name>
         <load_address>0xd043</load_address>
         <run_address>0xd043</run_address>
         <size>0x333</size>
         <input_file_ref idref="fl-d1"/>
      </object_component>
      <object_component id="oc-103">
         <name>.debug_info</name>
         <load_address>0xd376</load_address>
         <run_address>0xd376</run_address>
         <size>0x1d1</size>
         <input_file_ref idref="fl-d1"/>
      </object_component>
      <object_component id="oc-218">
         <name>.debug_info</name>
         <load_address>0xd547</load_address>
         <run_address>0xd547</run_address>
         <size>0x18d</size>
         <input_file_ref idref="fl-d1"/>
      </object_component>
      <object_component id="oc-21e">
         <name>.debug_info</name>
         <load_address>0xd6d4</load_address>
         <run_address>0xd6d4</run_address>
         <size>0x16d</size>
         <input_file_ref idref="fl-d1"/>
      </object_component>
      <object_component id="oc-2a7">
         <name>.debug_info</name>
         <load_address>0xd841</load_address>
         <run_address>0xd841</run_address>
         <size>0x2c</size>
         <input_file_ref idref="fl-d1"/>
      </object_component>
      <object_component id="oc-2a6">
         <name>.debug_info</name>
         <load_address>0xd86d</load_address>
         <run_address>0xd86d</run_address>
         <size>0x340</size>
         <input_file_ref idref="fl-d2"/>
      </object_component>
      <object_component id="oc-188">
         <name>.debug_info</name>
         <load_address>0xdbad</load_address>
         <run_address>0xdbad</run_address>
         <size>0x208</size>
         <input_file_ref idref="fl-d2"/>
      </object_component>
      <object_component id="oc-29b">
         <name>.debug_info</name>
         <load_address>0xddb5</load_address>
         <run_address>0xddb5</run_address>
         <size>0x1c6</size>
         <input_file_ref idref="fl-d2"/>
      </object_component>
      <object_component id="oc-2a1">
         <name>.debug_info</name>
         <load_address>0xdf7b</load_address>
         <run_address>0xdf7b</run_address>
         <size>0x179</size>
         <input_file_ref idref="fl-d2"/>
      </object_component>
      <object_component id="oc-2ac">
         <name>.debug_info</name>
         <load_address>0xe0f4</load_address>
         <run_address>0xe0f4</run_address>
         <size>0x69</size>
         <input_file_ref idref="fl-d2"/>
      </object_component>
      <object_component id="oc-1f7">
         <name>.debug_info</name>
         <load_address>0xe15d</load_address>
         <run_address>0xe15d</run_address>
         <size>0x14c</size>
         <input_file_ref idref="fl-d3"/>
      </object_component>
      <object_component id="oc-246">
         <name>.debug_info</name>
         <load_address>0xe2a9</load_address>
         <run_address>0xe2a9</run_address>
         <size>0x128</size>
         <input_file_ref idref="fl-d4"/>
      </object_component>
      <object_component id="oc-306">
         <name>.debug_info</name>
         <load_address>0xe3d1</load_address>
         <run_address>0xe3d1</run_address>
         <size>0x12a</size>
         <input_file_ref idref="fl-d4"/>
      </object_component>
      <object_component id="oc-1ec">
         <name>.debug_info</name>
         <load_address>0xe4fb</load_address>
         <run_address>0xe4fb</run_address>
         <size>0x13a</size>
         <input_file_ref idref="fl-d5"/>
      </object_component>
      <object_component id="oc-1e6">
         <name>.debug_info</name>
         <load_address>0xe635</load_address>
         <run_address>0xe635</run_address>
         <size>0x13a</size>
         <input_file_ref idref="fl-d6"/>
      </object_component>
      <object_component id="oc-368">
         <name>.debug_info</name>
         <load_address>0xe76f</load_address>
         <run_address>0xe76f</run_address>
         <size>0x12e</size>
         <input_file_ref idref="fl-d7"/>
      </object_component>
      <object_component id="oc-1fd">
         <name>.debug_info</name>
         <load_address>0xe89d</load_address>
         <run_address>0xe89d</run_address>
         <size>0x13e</size>
         <input_file_ref idref="fl-d8"/>
      </object_component>
      <object_component id="oc-114">
         <name>.debug_info</name>
         <load_address>0xe9db</load_address>
         <run_address>0xe9db</run_address>
         <size>0x12c</size>
         <input_file_ref idref="fl-d9"/>
      </object_component>
      <object_component id="oc-1f0">
         <name>.debug_info</name>
         <load_address>0xeb07</load_address>
         <run_address>0xeb07</run_address>
         <size>0x12c</size>
         <input_file_ref idref="fl-da"/>
      </object_component>
      <object_component id="oc-40">
         <name>.debug_info</name>
         <load_address>0xec33</load_address>
         <run_address>0xec33</run_address>
         <size>0x119</size>
         <input_file_ref idref="fl-db"/>
      </object_component>
      <object_component id="oc-207">
         <name>.debug_info</name>
         <load_address>0xed4c</load_address>
         <run_address>0xed4c</run_address>
         <size>0x12e</size>
         <input_file_ref idref="fl-dc"/>
      </object_component>
      <object_component id="oc-99">
         <name>.debug_info</name>
         <load_address>0xee7a</load_address>
         <run_address>0xee7a</run_address>
         <size>0x147</size>
         <input_file_ref idref="fl-dd"/>
      </object_component>
      <object_component id="oc-182">
         <name>.debug_info</name>
         <load_address>0xefc1</load_address>
         <run_address>0xefc1</run_address>
         <size>0x142</size>
         <input_file_ref idref="fl-de"/>
      </object_component>
      <object_component id="oc-95">
         <name>.debug_info</name>
         <load_address>0xf103</load_address>
         <run_address>0xf103</run_address>
         <size>0x2d4</size>
         <input_file_ref idref="fl-df"/>
      </object_component>
      <object_component id="oc-4d">
         <name>.debug_info</name>
         <load_address>0xf3d7</load_address>
         <run_address>0xf3d7</run_address>
         <size>0x1d2</size>
         <input_file_ref idref="fl-df"/>
      </object_component>
      <object_component id="oc-90">
         <name>.debug_info</name>
         <load_address>0xf5a9</load_address>
         <run_address>0xf5a9</run_address>
         <size>0x46</size>
         <input_file_ref idref="fl-df"/>
      </object_component>
      <object_component id="oc-ce">
         <name>.debug_info</name>
         <load_address>0xf5ef</load_address>
         <run_address>0xf5ef</run_address>
         <size>0x2c</size>
         <input_file_ref idref="fl-df"/>
      </object_component>
      <object_component id="oc-49">
         <name>.debug_info</name>
         <load_address>0xf61b</load_address>
         <run_address>0xf61b</run_address>
         <size>0x2a8</size>
         <input_file_ref idref="fl-e0"/>
      </object_component>
      <object_component id="oc-1d">
         <name>.debug_info</name>
         <load_address>0xf8c3</load_address>
         <run_address>0xf8c3</run_address>
         <size>0x1ea</size>
         <input_file_ref idref="fl-e0"/>
      </object_component>
      <object_component id="oc-44">
         <name>.debug_info</name>
         <load_address>0xfaad</load_address>
         <run_address>0xfaad</run_address>
         <size>0x46</size>
         <input_file_ref idref="fl-e0"/>
      </object_component>
      <object_component id="oc-88">
         <name>.debug_info</name>
         <load_address>0xfaf3</load_address>
         <run_address>0xfaf3</run_address>
         <size>0x2c</size>
         <input_file_ref idref="fl-e0"/>
      </object_component>
      <object_component id="oc-86">
         <name>.debug_info</name>
         <load_address>0xfb1f</load_address>
         <run_address>0xfb1f</run_address>
         <size>0x29e</size>
         <input_file_ref idref="fl-e1"/>
      </object_component>
      <object_component id="oc-16">
         <name>.debug_info</name>
         <load_address>0xfdbd</load_address>
         <run_address>0xfdbd</run_address>
         <size>0x250</size>
         <input_file_ref idref="fl-e1"/>
      </object_component>
      <object_component id="oc-34">
         <name>.debug_info</name>
         <load_address>0x1000d</load_address>
         <run_address>0x1000d</run_address>
         <size>0x60</size>
         <input_file_ref idref="fl-e1"/>
      </object_component>
      <object_component id="oc-c7">
         <name>.debug_info</name>
         <load_address>0x1006d</load_address>
         <run_address>0x1006d</run_address>
         <size>0x46</size>
         <input_file_ref idref="fl-e1"/>
      </object_component>
      <object_component id="oc-81">
         <name>.debug_info</name>
         <load_address>0x100b3</load_address>
         <run_address>0x100b3</run_address>
         <size>0x39</size>
         <input_file_ref idref="fl-e1"/>
      </object_component>
      <object_component id="oc-70">
         <name>.debug_info</name>
         <load_address>0x100ec</load_address>
         <run_address>0x100ec</run_address>
         <size>0x3b2</size>
         <input_file_ref idref="fl-e2"/>
      </object_component>
      <object_component id="oc-25">
         <name>.debug_info</name>
         <load_address>0x1049e</load_address>
         <run_address>0x1049e</run_address>
         <size>0x10c</size>
         <input_file_ref idref="fl-e2"/>
      </object_component>
      <object_component id="oc-2e3">
         <name>.debug_info</name>
         <load_address>0x105aa</load_address>
         <run_address>0x105aa</run_address>
         <size>0x13f</size>
         <input_file_ref idref="fl-e2"/>
      </object_component>
      <object_component id="oc-f2">
         <name>.debug_info</name>
         <load_address>0x106e9</load_address>
         <run_address>0x106e9</run_address>
         <size>0x168</size>
         <input_file_ref idref="fl-e2"/>
      </object_component>
      <object_component id="oc-2d3">
         <name>.debug_info</name>
         <load_address>0x10851</load_address>
         <run_address>0x10851</run_address>
         <size>0x18e</size>
         <input_file_ref idref="fl-e2"/>
      </object_component>
      <object_component id="oc-2d9">
         <name>.debug_info</name>
         <load_address>0x109df</load_address>
         <run_address>0x109df</run_address>
         <size>0x19f</size>
         <input_file_ref idref="fl-e2"/>
      </object_component>
      <object_component id="oc-1d7">
         <name>.debug_info</name>
         <load_address>0x10b7e</load_address>
         <run_address>0x10b7e</run_address>
         <size>0x203</size>
         <input_file_ref idref="fl-e2"/>
      </object_component>
      <object_component id="oc-2de">
         <name>.debug_info</name>
         <load_address>0x10d81</load_address>
         <run_address>0x10d81</run_address>
         <size>0x1db</size>
         <input_file_ref idref="fl-e2"/>
      </object_component>
      <object_component id="oc-1d1">
         <name>.debug_info</name>
         <load_address>0x10f5c</load_address>
         <run_address>0x10f5c</run_address>
         <size>0x1a5</size>
         <input_file_ref idref="fl-e2"/>
      </object_component>
      <object_component id="oc-1ca">
         <name>.debug_info</name>
         <load_address>0x11101</load_address>
         <run_address>0x11101</run_address>
         <size>0x299</size>
         <input_file_ref idref="fl-e2"/>
      </object_component>
      <object_component id="oc-bb">
         <name>.debug_info</name>
         <load_address>0x1139a</load_address>
         <run_address>0x1139a</run_address>
         <size>0xb2</size>
         <input_file_ref idref="fl-e2"/>
      </object_component>
      <object_component id="oc-b6">
         <name>.debug_info</name>
         <load_address>0x1144c</load_address>
         <run_address>0x1144c</run_address>
         <size>0x2c</size>
         <input_file_ref idref="fl-e2"/>
      </object_component>
      <object_component id="oc-2b2">
         <name>.debug_info</name>
         <load_address>0x11478</load_address>
         <run_address>0x11478</run_address>
         <size>0x28a</size>
         <input_file_ref idref="fl-e3"/>
      </object_component>
      <object_component id="oc-18d">
         <name>.debug_info</name>
         <load_address>0x11702</load_address>
         <run_address>0x11702</run_address>
         <size>0x273</size>
         <input_file_ref idref="fl-e3"/>
      </object_component>
      <object_component id="oc-2b4">
         <name>.debug_info</name>
         <load_address>0x11975</load_address>
         <run_address>0x11975</run_address>
         <size>0x2a4</size>
         <input_file_ref idref="fl-e4"/>
      </object_component>
      <object_component id="oc-196">
         <name>.debug_info</name>
         <load_address>0x11c19</load_address>
         <run_address>0x11c19</run_address>
         <size>0x24d</size>
         <input_file_ref idref="fl-e4"/>
      </object_component>
      <object_component id="oc-225">
         <name>.debug_info</name>
         <load_address>0x11e66</load_address>
         <run_address>0x11e66</run_address>
         <size>0x28f</size>
         <input_file_ref idref="fl-e5"/>
      </object_component>
      <object_component id="oc-109">
         <name>.debug_info</name>
         <load_address>0x120f5</load_address>
         <run_address>0x120f5</run_address>
         <size>0x245</size>
         <input_file_ref idref="fl-e5"/>
      </object_component>
      <object_component id="oc-43d">
         <name>.debug_info</name>
         <load_address>0x1233a</load_address>
         <run_address>0x1233a</run_address>
         <size>0x3aa</size>
         <input_file_ref idref="fl-e6"/>
      </object_component>
      <object_component id="oc-43a">
         <name>.debug_info</name>
         <load_address>0x126e4</load_address>
         <run_address>0x126e4</run_address>
         <size>0x13a</size>
         <input_file_ref idref="fl-e6"/>
      </object_component>
      <object_component id="oc-375">
         <name>.debug_info</name>
         <load_address>0x1281e</load_address>
         <run_address>0x1281e</run_address>
         <size>0x72f</size>
         <input_file_ref idref="fl-e6"/>
      </object_component>
      <object_component id="oc-28">
         <name>.debug_info</name>
         <load_address>0x12f4d</load_address>
         <run_address>0x12f4d</run_address>
         <size>0x10b</size>
         <input_file_ref idref="fl-e7"/>
      </object_component>
[...]
         <value>0x84b</value>
         <object_component_ref idref="oc-f5"/>
      </symbol>
      <symbol id="sm-243">
         <name>oi_init</name>
         <value>0x2b1</value>
         <object_component_ref idref="oc-f5"/>
      </symbol>
      <symbol id="sm-244">
         <name>oi_update</name>
         <value>0x2d9</value>
         <object_component_ref idref="oc-f5"/>
      </symbol>
      <symbol id="sm-245">
         <name>oi_uartInit</name>
         <value>0x98d</value>
         <object_component_ref idref="oc-f5"/>
      </symbol>
      <symbol id="sm-2d0">
         <name>smallestObjectCenterAngle</name>
         <value>0x20002338</value>
         <object_component_ref idref="oc-126"/>
      </symbol>
      <symbol id="sm-2d1">
         <name>smallestObjectDistance</name>
         <value>0x2000233c</value>
         <object_component_ref idref="oc-126"/>
      </symbol>
      <symbol id="sm-2d2">
         <name>averageRawIRScan</name>
         <value>0x29a9</value>
         <object_component_ref idref="oc-10d"/>
      </symbol>
      <symbol id="sm-2d3">
         <name>cyBOT_proxScan</name>
         <value>0x22ad</value>
         <object_component_ref idref="oc-10d"/>
      </symbol>
      <symbol id="sm-2d4">
         <name>averagePINGScan</name>
         <value>0x2917</value>
         <object_component_ref idref="oc-10d"/>
      </symbol>
      <symbol id="sm-2f0">
         <name>ResetISR</name>
         <value>0x6a31</value>
         <object_component_ref idref="oc-2a"/>
      </symbol>
      <symbol id="sm-2f1">
         <name>g_pfnVectors</name>
         <value>0x0</value>
         <object_component_ref idref="oc-12"/>
      </symbol>
      <symbol id="sm-330">
         <name>UART1_Handler</name>
         <value>0x46d5</value>
         <object_component_ref idref="oc-e3"/>
      </symbol>
      <symbol id="sm-331">
         <name>uart_recieve_nonblocking</name>
         <value>0x468d</value>
         <object_component_ref idref="oc-e3"/>
      </symbol>
      <symbol id="sm-332">
         <name>uart_sendChar</name>
         <value>0x464b</value>
         <object_component_ref idref="oc-e3"/>
      </symbol>
      <symbol id="sm-333">
         <name>uart_interrupt_init</name>
         <value>0x4571</value>
         <object_component_ref idref="oc-e3"/>
      </symbol>
      <symbol id="sm-334">
         <name>uart_receive</name>
         <value>0x4667</value>
         <object_component_ref idref="oc-e3"/>
      </symbol>
      <symbol id="sm-335">
         <name>uart_sendStr</name>
         <value>0x46b7</value>
         <object_component_ref idref="oc-e3"/>
      </symbol>
      <symbol id="sm-336">
         <name>command_flag_s</name>
         <value>0x20002320</value>
         <object_component_ref idref="oc-1a8"/>
      </symbol>
      <symbol id="sm-337">
         <name>command_flag_g</name>
         <value>0x20002324</value>
         <object_component_ref idref="oc-1a8"/>
      </symbol>
      <symbol id="sm-338">
         <name>command_byte_s</name>
         <value>0x2000231c</value>
         <object_component_ref idref="oc-1a8"/>
      </symbol>
      <symbol id="sm-339">
         <name>command_byte_g</name>
         <value>0x2000231d</value>
         <object_component_ref idref="oc-1a8"/>
      </symbol>
      <symbol id="sm-376">
         <name>cyBOT_SERVO_cal</name>
         <value>0x41a1</value>
         <object_component_ref idref="oc-e9"/>
      </symbol>
      <symbol id="sm-377">
         <name>cyBOT_Scan</name>
         <value>0x412f</value>
         <object_component_ref idref="oc-e9"/>
      </symbol>
      <symbol id="sm-378">
         <name>cyBOT_scan_features</name>
         <value>0x20002340</value>
         <object_component_ref idref="oc-1bf"/>
      </symbol>
      <symbol id="sm-379">
         <name>cyBOT_scan_version</name>
         <value>0x40c9</value>
         <object_component_ref idref="oc-e9"/>
      </symbol>
      <symbol id="sm-37a">
         <name>cyBOT_init_Scan</name>
         <value>0x40d7</value>
         <object_component_ref idref="oc-e9"/>
      </symbol>
      <symbol id="sm-3a1">
         <name>isr_int_value</name>
         <value>0x200022e4</value>
      </symbol>
      <symbol id="sm-3a2">
         <name>ir_enableInterrupt</name>
         <value>0x59af</value>
         <object_component_ref idref="oc-1b9"/>
      </symbol>
      <symbol id="sm-3a3">
         <name>ir_getDistance</name>
         <value>0x5991</value>
         <object_component_ref idref="oc-1b9"/>
      </symbol>
      <symbol id="sm-3a4">
         <name>ir_init</name>
         <value>0x5901</value>
         <object_component_ref idref="oc-1b9"/>
      </symbol>
      <symbol id="sm-3a5">
         <name>ADC0SS0_Handler</name>
         <value>0x5999</value>
         <object_component_ref idref="oc-1b9"/>
      </symbol>
      <symbol id="sm-3a6">
         <name>ir_getValue</name>
         <value>0x5969</value>
         <object_component_ref idref="oc-1b9"/>
      </symbol>
      <symbol id="sm-3d5">
         <name>risingEdge</name>
         <value>0x200022f4</value>
      </symbol>
      <symbol id="sm-3d6">
         <name>fallingEdge</name>
         <value>0x200022e0</value>
      </symbol>
      <symbol id="sm-3d7">
         <name>pulseLength</name>
         <value>0x200022ec</value>
      </symbol>
      <symbol id="sm-3d8">
         <name>isRisingEdge</name>
         <value>0x200022f8</value>
      </symbol>
      <symbol id="sm-3d9">
         <name>TIMER3B_Handler</name>
         <value>0x4881</value>
         <object_component_ref idref="oc-1b3"/>
      </symbol>
      <symbol id="sm-3da">
         <name>ping_init</name>
         <value>0x4791</value>
         <object_component_ref idref="oc-1b3"/>
      </symbol>
      <symbol id="sm-3db">
         <name>ping_getDistance</name>
         <value>0x48d3</value>
         <object_component_ref idref="oc-1b3"/>
      </symbol>
      <symbol id="sm-3dc">
         <name>ping_trigger</name>
         <value>0x4817</value>
         <object_component_ref idref="oc-1b3"/>
      </symbol>
      <symbol id="sm-3fe">
         <name>servo_move</name>
         <value>0x5205</value>
         <object_component_ref idref="oc-1ad"/>
      </symbol>
      <symbol id="sm-3ff">
         <name>servo_init</name>
         <value>0x5175</value>
         <object_component_ref idref="oc-1ad"/>
      </symbol>
      <symbol id="sm-400">
         <name>servo_stop</name>
         <value>0x51f9</value>
         <object_component_ref idref="oc-1ad"/>
      </symbol>
      <symbol id="sm-401">
         <name>servo_setPWM</name>
         <value>0x5265</value>
         <object_component_ref idref="oc-1ad"/>
      </symbol>
      <symbol id="sm-430">
         <name>IntRegister</name>
         <value>0x67c9</value>
         <object_component_ref idref="oc-16f"/>
      </symbol>
      <symbol id="sm-431">
         <name>g_pfnRAMVectors</name>
         <value>0x20000000</value>
         <object_component_ref idref="oc-287"/>
      </symbol>
      <symbol id="sm-432">
         <name>IntMasterEnable</name>
         <value>0x69f7</value>
         <object_component_ref idref="oc-1a2"/>
      </symbol>
      <symbol id="sm-43c">
         <name>CPUcpsie</name>
         <value>0x6a25</value>
         <object_component_ref idref="oc-2b7"/>
      </symbol>
      <symbol id="sm-4d2">
         <name>pow</name>
         <value>0x18dd</value>
         <object_component_ref idref="oc-209"/>
      </symbol>
      <symbol id="sm-4d3">
         <name>powl</name>
         <value>0x18dd</value>
         <object_component_ref idref="oc-209"/>
      </symbol>
      <symbol id="sm-4f5">
         <name>sqrtl</name>
         <value>0x52cd</value>
         <object_component_ref idref="oc-2f4"/>
      </symbol>
      <symbol id="sm-4f6">
         <name>sqrt</name>
         <value>0x52cd</value>
         <object_component_ref idref="oc-2f4"/>
      </symbol>
      <symbol id="sm-51d">
         <name>scalbn</name>
         <value>0x5a19</value>
         <object_component_ref idref="oc-308"/>
      </symbol>
      <symbol id="sm-51e">
         <name>scalbnl</name>
         <value>0x5a19</value>
         <object_component_ref idref="oc-308"/>
      </symbol>
      <symbol id="sm-51f">
         <name>ldexpl</name>
         <value>0x5a19</value>
         <object_component_ref idref="oc-308"/>
      </symbol>
      <symbol id="sm-520">
         <name>ldexp</name>
         <value>0x5a19</value>
         <object_component_ref idref="oc-308"/>
      </symbol>
      <symbol id="sm-570">
         <name>sin</name>
         <value>0x31e5</value>
         <object_component_ref idref="oc-23b"/>
      </symbol>
      <symbol id="sm-571">
         <name>sinl</name>
         <value>0x31e5</value>
         <object_component_ref idref="oc-23b"/>
      </symbol>
      <symbol id="sm-598">
         <name>sprintf</name>
         <value>0x6699</value>
         <object_component_ref idref="oc-101"/>
      </symbol>
      <symbol id="sm-5c2">
         <name>vsnprintf</name>
         <value>0x66d9</value>
         <object_component_ref idref="oc-186"/>
      </symbol>
      <symbol id="sm-5d9">
         <name>__aeabi_dsub</name>
         <value>0x4b4d</value>
         <object_component_ref idref="oc-1f4"/>
      </symbol>
      <symbol id="sm-5da">
         <name>__aeabi_dadd</name>
         <value>0x4b57</value>
         <object_component_ref idref="oc-1f4"/>
      </symbol>
      <symbol id="sm-5fc">
         <name>__aeabi_cdcmpeq</name>
         <value>0x60e5</value>
         <object_component_ref idref="oc-243"/>
      </symbol>
      <symbol id="sm-5fd">
         <name>__aeabi_cdcmple</name>
         <value>0x60e5</value>
         <object_component_ref idref="oc-243"/>
      </symbol>
      <symbol id="sm-5fe">
         <name>__aeabi_cdrcmple</name>
         <value>0x616b</value>
         <object_component_ref idref="oc-303"/>
      </symbol>
      <symbol id="sm-612">
         <name>__aeabi_ddiv</name>
         <value>0x56a5</value>
         <object_component_ref idref="oc-1ea"/>
      </symbol>
      <symbol id="sm-61d">
         <name>__aeabi_dmul</name>
         <value>0x5c29</value>
         <object_component_ref idref="oc-1e5"/>
      </symbol>
      <symbol id="sm-627">
         <name>__aeabi_d2iz</name>
         <value>0x65cd</value>
         <object_component_ref idref="oc-366"/>
      </symbol>
      <symbol id="sm-633">
         <name>__aeabi_d2f</name>
         <value>0x634b</value>
         <object_component_ref idref="oc-1fc"/>
      </symbol>
      <symbol id="sm-63e">
         <name>__aeabi_f2d</name>
         <value>0x6791</value>
         <object_component_ref idref="oc-113"/>
      </symbol>
      <symbol id="sm-648">
         <name>__aeabi_i2d</name>
         <value>0x6861</value>
         <object_component_ref idref="oc-1ef"/>
      </symbol>
      <symbol id="sm-663">
         <name>memcpy</name>
         <value>0x5fb3</value>
         <object_component_ref idref="oc-3e"/>
      </symbol>
      <symbol id="sm-664">
         <name>__aeabi_memcpy</name>
         <value>0x5fb3</value>
         <object_component_ref idref="oc-3e"/>
      </symbol>
      <symbol id="sm-665">
         <name>__aeabi_memcpy8</name>
         <value>0x5fb3</value>
         <object_component_ref idref="oc-3e"/>
      </symbol>
      <symbol id="sm-666">
         <name>__aeabi_memcpy4</name>
         <value>0x5fb3</value>
         <object_component_ref idref="oc-3e"/>
      </symbol>
      <symbol id="sm-670">
         <name>__aeabi_ui2d</name>
         <value>0x68b9</value>
         <object_component_ref idref="oc-204"/>
      </symbol>
      <symbol id="sm-67f">
         <name>__aeabi_memset</name>
         <value>0x61f3</value>
         <object_component_ref idref="oc-96"/>
      </symbol>
      <symbol id="sm-680">
         <name>memset</name>
         <value>0x61f9</value>
         <object_component_ref idref="oc-96"/>
      </symbol>
      <symbol id="sm-681">
         <name>__aeabi_memset8</name>
         <value>0x61f3</value>
         <object_component_ref idref="oc-96"/>
      </symbol>
      <symbol id="sm-682">
         <name>__aeabi_memset4</name>
         <value>0x61f3</value>
         <object_component_ref idref="oc-96"/>
      </symbol>
      <symbol id="sm-683">
         <name>__aeabi_memclr8</name>
         <value>0x61f1</value>
         <object_component_ref idref="oc-96"/>
      </symbol>
      <symbol id="sm-684">
         <name>__aeabi_memclr4</name>
         <value>0x61f1</value>
         <object_component_ref idref="oc-96"/>
      </symbol>
      <symbol id="sm-685">
         <name>__aeabi_memclr</name>
         <value>0x61f1</value>
         <object_component_ref idref="oc-96"/>
      </symbol>
      <symbol id="sm-694">
         <name>__aeabi_uidivmod</name>
         <value>0x6659</value>
         <object_component_ref idref="oc-181"/>
      </symbol>
      <symbol id="sm-695">
         <name>__aeabi_uidiv</name>
         <value>0x6659</value>
         <object_component_ref idref="oc-181"/>
      </symbol>
      <symbol id="sm-6ae">
         <name>__TI_zero_init_nomemset</name>
         <value>0x68d9</value>
         <object_component_ref idref="oc-4a"/>
      </symbol>
      <symbol id="sm-6c5">
         <name>__TI_decompress_none</name>
         <value>0x6a17</value>
         <object_component_ref idref="oc-1b"/>
      </symbol>
      <symbol id="sm-6e8">
         <name>__TI_decompress_lzss</name>
         <value>0x63b9</value>
         <object_component_ref idref="oc-15"/>
      </symbol>
      <symbol id="sm-77d">
         <name>_sys_memory</name>
         <value>0x20001270</value>
         <object_component_ref idref="oc-24"/>
      </symbol>
      <symbol id="sm-77e">
         <name>free</name>
         <value>0x5e1d</value>
         <object_component_ref idref="oc-1d5"/>
      </symbol>
      <symbol id="sm-77f">
         <name>memalign</name>
         <value>0x5b29</value>
         <object_component_ref idref="oc-1c8"/>
      </symbol>
      <symbol id="sm-780">
         <name>calloc</name>
         <value>0x6759</value>
         <object_component_ref idref="oc-1cf"/>
      </symbol>
      <symbol id="sm-781">
         <name>malloc</name>
         <value>0x6a51</value>
         <object_component_ref idref="oc-ef"/>
      </symbol>
      <symbol id="sm-782">
         <name>aligned_alloc</name>
         <value>0x5b29</value>
         <object_component_ref idref="oc-1c8"/>
      </symbol>
      <symbol id="sm-791">
         <name>strcmp</name>
         <value>0x698f</value>
         <object_component_ref idref="oc-18c"/>
      </symbol>
      <symbol id="sm-79f">
         <name>strcpy</name>
         <value>0x69bd</value>
         <object_component_ref idref="oc-192"/>
      </symbol>
      <symbol id="sm-7ad">
         <name>strlen</name>
         <value>0x69d1</value>
         <object_component_ref idref="oc-107"/>
      </symbol>
      <symbol id="sm-813">
         <name>__kernel_rem_pio2</name>
         <value>0x2aad</value>
         <object_component_ref idref="oc-371"/>
      </symbol>
      <symbol id="sm-826">
         <name>__stack</name>
         <value>0x20000270</value>
         <object_component_ref idref="oc-27"/>
      </symbol>
      <symbol id="sm-827">
         <name>_c_int00_noargs</name>
         <value>0x67fd</value>
         <object_component_ref idref="oc-5c"/>
      </symbol>
      <symbol id="sm-83d">
         <name>__aeabi_errno_addr</name>
         <value>0x6a49</value>
         <object_component_ref idref="oc-2fa"/>
      </symbol>
      <symbol id="sm-83e">
         <name>errno</name>
         <value>0x20002344</value>
         <object_component_ref idref="oc-3c6"/>
      </symbol>
      <symbol id="sm-848">
         <name>copysign</name>
         <value>0x692d</value>
         <object_component_ref idref="oc-3ce"/>
      </symbol>
      <symbol id="sm-849">
         <name>copysignl</name>
         <value>0x692d</value>
         <object_component_ref idref="oc-3ce"/>
      </symbol>
      <symbol id="sm-85f">
         <name>__kernel_cos</name>
         <value>0x5005</value>
         <object_component_ref idref="oc-377"/>
      </symbol>
      <symbol id="sm-876">
         <name>__kernel_sin</name>
         <value>0x4e91</value>
         <object_component_ref idref="oc-36b"/>
      </symbol>
      <symbol id="sm-893">
         <name>floorl</name>
         <value>0x5d25</value>
         <object_component_ref idref="oc-433"/>
      </symbol>
      <symbol id="sm-894">
         <name>floor</name>
         <value>0x5d25</value>
         <object_component_ref idref="oc-433"/>
      </symbol>
      <symbol id="sm-9f9">
         <name>__TI_printfi</name>
         <value>0xe8d</value>
         <object_component_ref idref="oc-210"/>
      </symbol>
      <symbol id="sm-a03">
         <name>__aeabi_idiv0</name>
         <value>0x4d03</value>
         <object_component_ref idref="oc-293"/>
      </symbol>
      <symbol id="sm-a04">
         <name>__aeabi_ldiv0</name>
         <value>0x4d03</value>
         <object_component_ref idref="oc-293"/>
      </symbol>
      <symbol id="sm-a11">
         <name>__aeabi_uldivmod</name>
         <value>0x604f</value>
         <object_component_ref idref="oc-3e7"/>
      </symbol>
      <symbol id="sm-a39">
         <name>__TI_auto_init_nobinit_nopinit</name>
         <value>0x6615</value>
         <object_component_ref idref="oc-13b"/>
      </symbol>
      <symbol id="sm-a43">
         <name>_system_pre_init</name>
         <value>0x6a59</value>
         <object_component_ref idref="oc-9c"/>
      </symbol>
      <symbol id="sm-a4f">
         <name>C$$EXIT</name>
         <value>0x6a5d</value>
         <object_component_ref idref="oc-12f"/>
      </symbol>
      <symbol id="sm-a50">
         <name>abort</name>
         <value>0x6a5d</value>
         <object_component_ref idref="oc-12f"/>
      </symbol>
      <symbol id="sm-a65">
         <name>_nop</name>
         <value>0x18db</value>
         <object_component_ref idref="oc-384"/>
      </symbol>
      <symbol id="sm-a66">
         <name>_lock</name>
         <value>0x20002328</value>
         <object_component_ref idref="oc-26b"/>
      </symbol>
      <symbol id="sm-a67">
         <name>_unlock</name>
         <value>0x2000232c</value>
         <object_component_ref idref="oc-26b"/>
      </symbol>
      <symbol id="sm-a76">
         <name>__TI_ltoa</name>
         <value>0x64db</value>
         <object_component_ref idref="oc-3ed"/>
      </symbol>
      <symbol id="sm-a8d">
         <name>atoi</name>
         <value>0x6581</value>
         <object_component_ref idref="oc-316"/>
      </symbol>
      <symbol id="sm-a98">
         <name>_ctypes_</name>
         <value>0x6bb8</value>
         <object_component_ref idref="oc-3e2"/>
      </symbol>
      <symbol id="sm-aa8">
         <name>memccpy</name>
         <value>0x6911</value>
         <object_component_ref idref="oc-33a"/>
      </symbol>
      <symbol id="sm-ab8">
         <name>strchr</name>
         <value>0x69a7</value>
         <object_component_ref idref="oc-414"/>
      </symbol>
      <symbol id="sm-ad1">
         <name>wcslen</name>
         <value>0x69e5</value>
         <object_component_ref idref="oc-340"/>
      </symbol>
      <symbol id="sm-ae7">
         <name>frexpl</name>
         <value>0x6421</value>
         <object_component_ref idref="oc-40e"/>
      </symbol>
      <symbol id="sm-ae8">
         <name>frexp</name>
         <value>0x6421</value>
         <object_component_ref idref="oc-40e"/>
      </symbol>
      <symbol id="sm-ae9">
         <name>__TI_static_base__</name>
         <value>0x0</value>
      </symbol>
      <symbol id="sm-aec">
         <name>__mpu_init</name>
         <value>0x0</value>
      </symbol>
      <symbol id="sm-aed">
         <name>_system_post_cinit</name>
         <value>0x0</value>
      </symbol>
   </symbol_table>
   <title>Link successful</title>
</link_info>
