******************************************************************************
                  TI ARM Linker PC v20.2.7                     
******************************************************************************
>> Linked Wed Mar 27 12:04:11 2024

OUTPUT FILE NAME:   <Lab8.out>
ENTRY POINT SYMBOL: "_c_int00_noargs"  address: 000032f5


MEMORY CONFIGURATION

         name            origin    length      used     unused   attr    fill
----------------------  --------  ---------  --------  --------  ----  --------
  FLASH                 00000000   00040000  00003650  0003c9b0  R  X
  SRAM                  20000000   00008000  000012c9  00006d37  RW X


SEGMENT ALLOCATION MAP

run origin  load origin   length   init length attrs members
----------  ----------- ---------- ----------- ----- -------
00000000    00000000    00003658   00003658    r-x
  00000000    00000000    0000026c   0000026c    r-- .intvecs
  0000026c    0000026c    00003268   00003268    r-x .text
  000034d8    000034d8    0000013c   0000013c    r-- .const
  00003618    00003618    00000040   00000040    r-- .cinit
20000000    20000000    000012cd   00000000    rw-
  20000000    20000000    0000026c   00000000    rw- .vtable
  20000270    20000270    00001000   00000000    rw- .stack
  20001270    20001270    00000058   00000000    rw- .bss
  200012c8    200012c8    00000005   00000000    rw- .data


SECTION ALLOCATION MAP

 output                                  attributes/
section   page    origin      length       input sections
--------  ----  ----------  ----------   ----------------
.intvecs   0    00000000    0000026c     
                  00000000    0000026c     tm4c123gh6pm_startup_ccs.obj (.intvecs)

.text      0    0000026c    00003268     
                  0000026c    00000a4e     rtsv7M4_T_le_v4SPD16_eabi.lib : _printfi.c.obj (.text:__TI_printfi)
                  00000cba    00000002                                   : div0.asm.obj (.text)
                  00000cbc    000009d0                                   : e_pow.c.obj (.text:pow)
                  0000168c    00000374     lcd.obj (.text)
                  00001a00    00000270     rtsv7M4_T_le_v4SPD16_eabi.lib : _printfi.c.obj (.text:_pconv_a)
                  00001c70    00000248     Timer.obj (.text)
                  00001eb8    000001d0     rtsv7M4_T_le_v4SPD16_eabi.lib : _printfi.c.obj (.text:_pconv_g)
                  00002088    000001b6                                   : fd_add_t2.asm.obj (.text)
                  0000223e    00000002     --HOLE-- [fill = 0]
                  00002240    00000158                                   : e_sqrt.c.obj (.text:sqrt)
                  00002398    0000013c                                   : _printfi.c.obj (.text:_pconv_e)
                  000024d4    00000136                                   : fd_div_t2.asm.obj (.text)
                  0000260a    00000002     --HOLE-- [fill = 0]
                  0000260c    00000124                                   : _printfi.c.obj (.text:fcvt)
                  00002730    00000110     adc.obj (.text)
                  00002840    00000110     rtsv7M4_T_le_v4SPD16_eabi.lib : s_scalbn.c.obj (.text:scalbn)
                  00002950    000000fc     main.obj (.text)
                  00002a4c    000000fc     rtsv7M4_T_le_v4SPD16_eabi.lib : fd_mul_t2.asm.obj (.text)
                  00002b48    000000b1                                   : _printfi.c.obj (.text:_ltostr)
                  00002bf9    00000001     --HOLE-- [fill = 0]
                  00002bfa    0000009c                                   : memcpy_t2.asm.obj (.text)
                  00002c96    00000096                                   : ull_div_t2.asm.obj (.text)
                  00002d2c    00000086                                   : fd_cmp_t2.asm.obj (.text:__aeabi_cdcmple)
                  00002db2    00000086                                   : fd_cmp_t2.asm.obj (.text:__aeabi_cdrcmple)
                  00002e38    0000007a                                   : memset_t2.asm.obj (.text)
                  00002eb2    0000006e                                   : _printfi.c.obj (.text:_mcpy)
                  00002f20    00000068                                   : copy_decompress_lzss.c.obj (.text:decompress:lzss:__TI_decompress_lzss)
                  00002f88    00000064                                   : s_frexp.c.obj (.text:frexp)
                  00002fec    00000056                                   : _printfi.c.obj (.text:_pconv_f)
                  00003042    00000054                                   : _ltoa.c.obj (.text:__TI_ltoa)
                  00003096    00000052                                   : _printfi.c.obj (.text:_ecpy)
                  000030e8    0000004c                                   : atoi.c.obj (.text:atoi)
                  00003134    00000048                                   : fd_toi_t2.asm.obj (.text)
                  0000317c    00000044                                   : autoinit.c.obj (.text:__TI_auto_init_nobinit_nopinit:__TI_auto_init_nobinit_nopinit)
                  000031c0    00000040                                   : u_divt2.asm.obj (.text)
                  00003200    00000040                                   : sprintf.c.obj (.text:sprintf)
                  00003240    00000040                                   : vsnprintf.c.obj (.text:vsnprintf)
                  00003280    0000003e                                   : _printfi.c.obj (.text:_fcpy)
                  000032be    00000002     --HOLE-- [fill = 0]
                  000032c0    00000034     driverlib.lib : interrupt.obj (.text:IntRegister)
                  000032f4    00000034     rtsv7M4_T_le_v4SPD16_eabi.lib : boot_cortex_m.c.obj (.text:_c_int00_noargs:_c_int00_noargs)
                  00003328    00000030                                   : vsnprintf.c.obj (.text:_outs)
                  00003358    0000002e                                   : i_tofd_t2.asm.obj (.text)
                  00003386    00000020                                   : u_tofd_t2.asm.obj (.text)
                  000033a6    0000001c                                   : copy_zero_init.c.obj (.text:decompress:ZI:__TI_zero_init_nomemset:__TI_zero_init_nomemset)
                  000033c2    0000001c                                   : memccpy.c.obj (.text:memccpy)
                  000033de    0000001a                                   : s_copysign.c.obj (.text:copysign)
                  000033f8    00000018                                   : vsnprintf.c.obj (.text:_outc)
                  00003410    00000018                                   : sprintf.c.obj (.text:_outs)
                  00003428    00000018                                   : strcmp.c.obj (.text:strcmp)
                  00003440    00000016                                   : strchr.c.obj (.text:strchr)
                  00003456    00000014                                   : strcpy.c.obj (.text:strcpy)
                  0000346a    00000014                                   : strlen.c.obj (.text:strlen)
                  0000347e    00000012                                   : wcslen.c.obj (.text:wcslen)
                  00003490    00000010     lcd.obj (.text:lcd_clear)
                  000034a0    0000000e     rtsv7M4_T_le_v4SPD16_eabi.lib : copy_decompress_none.c.obj (.text:decompress:none:__TI_decompress_none)
                  000034ae    0000000c     tm4c123gh6pm_startup_ccs.obj (.text)
                  000034ba    0000000a     rtsv7M4_T_le_v4SPD16_eabi.lib : sprintf.c.obj (.text:_outc)
                  000034c4    00000008                                   : errno.c.obj (.text:__aeabi_errno_addr)
                  000034cc    00000004                                   : pre_init.c.obj (.text:_system_pre_init)
                  000034d0    00000004                                   : exit.c.obj (.text:abort:abort)

.const     0    000034d8    0000013c     
                  000034d8    00000101     rtsv7M4_T_le_v4SPD16_eabi.lib : ctype.c.obj (.const:.string:_ctypes_)
                  000035d9    00000004     lcd.obj (.const:.string:lineAddress$1)
                  000035dd    00000003     --HOLE-- [fill = 0]
                  000035e0    00000030     rtsv7M4_T_le_v4SPD16_eabi.lib : e_pow.c.obj (.const:$O1$$)
                  00003610    00000004     lcd.obj (.const:.string:lineAddresses$2)

.cinit     0    00003618    00000040     
                  00003618    0000000c     (__TI_handler_table)
                  00003624    00000004     --HOLE-- [fill = 0]
                  00003628    00000008     (.cinit..bss.load) [load image, compression = zero_init]
                  00003630    00000008     (.cinit..vtable.load) [load image, compression = zero_init]
                  00003638    00000007     (.cinit..data.load) [load image, compression = lzss]
                  0000363f    00000001     --HOLE-- [fill = 0]
                  00003640    00000018     (__TI_cinit_table)

.init_array 
*          0    00000000    00000000     UNINITIALIZED

.vtable    0    20000000    0000026c     UNINITIALIZED
                  20000000    0000026c     driverlib.lib : interrupt.obj (.vtable)

.bss       0    20001270    00000058     UNINITIALIZED
                  20001270    00000054     lcd.obj (.bss:lastbuffer$3)
                  200012c4    00000004     (.common:_timeout_ticks)

.data      0    200012c8    00000005     UNINITIALIZED
                  200012c8    00000004     rtsv7M4_T_le_v4SPD16_eabi.lib : errno.c.obj (.data)
                  200012cc    00000001     Timer.obj (.data)

.stack     0    20000270    00001000     UNINITIALIZED
                  20000270    00000004     rtsv7M4_T_le_v4SPD16_eabi.lib : boot_cortex_m.c.obj (.stack)
                  20000274    00000ffc     --HOLE--

__llvm_prf_cnts 
*          0    20000000    00000000     UNINITIALIZED

MODULE SUMMARY

       Module                         code    ro data   rw data
       ------                         ----    -------   -------
    .\
       lcd.obj                        900     8         84     
       tm4c123gh6pm_startup_ccs.obj   12      620       0      
       Timer.obj                      584     0         5      
       adc.obj                        272     0         0      
       main.obj                       252     0         0      
    +--+------------------------------+-------+---------+---------+
       Total:                         2020    628       89     
                                                               
    C:/ti/TivaWare_C_Series-2.2.0.295/driverlib/ccs/Debug/driverlib.lib
       interrupt.obj                  52      0         620    
    +--+------------------------------+-------+---------+---------+
       Total:                         52      0         620    
                                                               
    C:\ti\ccs1230\ccs\tools\compiler\ti-cgt-arm_20.2.7.LTS\lib\rtsv7M4_T_le_v4SPD16_eabi.lib
       _printfi.c.obj                 4851    0         0      
       e_pow.c.obj                    2512    48        0      
       fd_add_t2.asm.obj              438     0         0      
       e_sqrt.c.obj                   344     0         0      
       fd_div_t2.asm.obj              310     0         0      
       s_scalbn.c.obj                 272     0         0      
       fd_cmp_t2.asm.obj              268     0         0      
       ctype.c.obj                    0       257       0      
       fd_mul_t2.asm.obj              252     0         0      
       memcpy_t2.asm.obj              156     0         0      
       ull_div_t2.asm.obj             150     0         0      
       vsnprintf.c.obj                136     0         0      
       memset_t2.asm.obj              122     0         0      
       copy_decompress_lzss.c.obj     104     0         0      
       s_frexp.c.obj                  100     0         0      
       sprintf.c.obj                  98      0         0      
       _ltoa.c.obj                    84      0         0      
       atoi.c.obj                     76      0         0      
       fd_toi_t2.asm.obj              72      0         0      
       autoinit.c.obj                 68      0         0      
       u_divt2.asm.obj                64      0         0      
       boot_cortex_m.c.obj            52      0         0      
       i_tofd_t2.asm.obj              46      0         0      
       u_tofd_t2.asm.obj              32      0         0      
       copy_zero_init.c.obj           28      0         0      
       memccpy.c.obj                  28      0         0      
       s_copysign.c.obj               26      0         0      
       strcmp.c.obj                   24      0         0      
       strchr.c.obj                   22      0         0      
       strcpy.c.obj                   20      0         0      
       strlen.c.obj                   20      0         0      
       wcslen.c.obj                   18      0         0      
       copy_decompress_none.c.obj     14      0         0      
       errno.c.obj                    8       0         4      
       exit.c.obj                     4       0         0      
       pre_init.c.obj                 4       0         0      
       div0.asm.obj                   2       0         0      
    +--+------------------------------+-------+---------+---------+
       Total:                         10825   305       4      
                                                               
       Stack:                         0       0         4096   
       Linker Generated:              0       59        0      
    +--+------------------------------+-------+---------+---------+
       Grand Total:                   12897   992       4809   


LINKER GENERATED COPY TABLES

__TI_cinit_table @ 00003640 records: 3, size/record: 8, table size: 24
	.bss: load addr=00003628, load size=00000008 bytes, run addr=20001270, run size=00000058 bytes, compression=zero_init
	.vtable: load addr=00003630, load size=00000008 bytes, run addr=20000000, run size=0000026c bytes, compression=zero_init
	.data: load addr=00003638, load size=00000007 bytes, run addr=200012c8, run size=00000005 bytes, compression=lzss


LINKER GENERATED HANDLER TABLE

__TI_handler_table @ 00003618 records: 3, size/record: 4, table size: 12
	index: 0, handler: __TI_zero_init
	index: 1, handler: __TI_decompress_lzss
	index: 2, handler: __TI_decompress_none


GLOBAL SYMBOLS: SORTED ALPHABETICALLY BY Name 

address   name                          
-------   ----                          
000034d1  C$$EXIT                       
000032c1  IntRegister                   
000034af  ResetISR                      
20001270  __STACK_END                   
00001000  __STACK_SIZE                  
20000470  __STACK_TOP                   
00003640  __TI_CINIT_Base               
00003658  __TI_CINIT_Limit              
00003618  __TI_Handler_Table_Base       
00003624  __TI_Handler_Table_Limit      
0000317d  __TI_auto_init_nobinit_nopinit
00002f21  __TI_decompress_lzss          
000034a1  __TI_decompress_none          
00003043  __TI_ltoa                     
ffffffff  __TI_pprof_out_hndl           
0000026d  __TI_printfi                  
ffffffff  __TI_prof_data_size           
ffffffff  __TI_prof_data_start          
00000000  __TI_static_base__            
000033a7  __TI_zero_init_nomemset       
00002d2d  __aeabi_cdcmpeq               
00002d2d  __aeabi_cdcmple               
00002db3  __aeabi_cdrcmple              
00003135  __aeabi_d2iz                  
00002093  __aeabi_dadd                  
000024d5  __aeabi_ddiv                  
00002a4d  __aeabi_dmul                  
00002089  __aeabi_dsub                  
000034c5  __aeabi_errno_addr            
00003359  __aeabi_i2d                   
00000cbb  __aeabi_idiv0                 
00000cbb  __aeabi_ldiv0                 
00002e39  __aeabi_memclr                
00002e39  __aeabi_memclr4               
00002e39  __aeabi_memclr8               
00002bfb  __aeabi_memcpy                
00002bfb  __aeabi_memcpy4               
00002bfb  __aeabi_memcpy8               
00002e3b  __aeabi_memset                
00002e3b  __aeabi_memset4               
00002e3b  __aeabi_memset8               
00003387  __aeabi_ui2d                  
000031c1  __aeabi_uidiv                 
000031c1  __aeabi_uidivmod              
00002c97  __aeabi_uldivmod              
ffffffff  __binit__                     
ffffffff  __c_args__                    
UNDEFED   __mpu_init                    
20000270  __stack                       
20000000  __start___llvm_prf_cnts       
20000000  __stop___llvm_prf_cnts        
000032f5  _c_int00_noargs               
000034d8  _ctypes_                      
200012cc  _running                      
UNDEFED   _system_post_cinit            
000034cd  _system_pre_init              
200012c4  _timeout_ticks                
000034d1  abort                         
00002731  adc_init                      
000027cd  adc_read                      
000030e9  atoi                          
ffffffff  binit                         
000033df  copysign                      
000033df  copysignl                     
200012c8  errno                         
00002f89  frexp                         
00002f89  frexpl                        
20000000  g_pfnRAMVectors               
00000000  g_pfnVectors                  
00003491  lcd_clear                     
000018a7  lcd_gotoLine                  
0000170f  lcd_init                      
0000190d  lcd_printf                    
000017cf  lcd_putc                      
00001807  lcd_puts                      
0000168d  lcd_reverseNibble             
000016c9  lcd_rotatingBanner            
00001825  lcd_sendCommand               
00001863  lcd_sendNibble                
000018cf  lcd_setCursorPos              
00002841  ldexp                         
00002841  ldexpl                        
00002951  main                          
000033c3  memccpy                       
00002bfb  memcpy                        
00002e41  memset                        
00000cbd  pow                           
00000cbd  powl                          
00002841  scalbn                        
00002841  scalbnl                       
00003201  sprintf                       
00002241  sqrt                          
00002241  sqrtl                         
00003441  strchr                        
00003429  strcmp                        
00003457  strcpy                        
0000346b  strlen                        
00001d8f  timer_getMicros               
00001d37  timer_getMillis               
00001c71  timer_init                    
00001d13  timer_pause                   
00001d25  timer_resume                  
00001ce9  timer_stop                    
00001de9  timer_waitMicros              
00001e1b  timer_waitMillis              
00003241  vsnprintf                     
0000347f  wcslen                        


GLOBAL SYMBOLS: SORTED BY Symbol Address 

address   name                          
-------   ----                          
00000000  __TI_static_base__            
00000000  g_pfnVectors                  
0000026d  __TI_printfi                  
00000cbb  __aeabi_idiv0                 
00000cbb  __aeabi_ldiv0                 
00000cbd  pow                           
00000cbd  powl                          
00001000  __STACK_SIZE                  
0000168d  lcd_reverseNibble             
000016c9  lcd_rotatingBanner            
0000170f  lcd_init                      
000017cf  lcd_putc                      
00001807  lcd_puts                      
00001825  lcd_sendCommand               
00001863  lcd_sendNibble                
000018a7  lcd_gotoLine                  
000018cf  lcd_setCursorPos              
0000190d  lcd_printf                    
00001c71  timer_init                    
00001ce9  timer_stop                    
00001d13  timer_pause                   
00001d25  timer_resume                  
00001d37  timer_getMillis               
00001d8f  timer_getMicros               
00001de9  timer_waitMicros              
00001e1b  timer_waitMillis              
00002089  __aeabi_dsub                  
00002093  __aeabi_dadd                  
00002241  sqrt                          
00002241  sqrtl                         
000024d5  __aeabi_ddiv                  
00002731  adc_init                      
000027cd  adc_read                      
00002841  ldexp                         
00002841  ldexpl                        
00002841  scalbn                        
00002841  scalbnl                       
00002951  main                          
00002a4d  __aeabi_dmul                  
00002bfb  __aeabi_memcpy                
00002bfb  __aeabi_memcpy4               
00002bfb  __aeabi_memcpy8               
00002bfb  memcpy                        
00002c97  __aeabi_uldivmod              
00002d2d  __aeabi_cdcmpeq               
00002d2d  __aeabi_cdcmple               
00002db3  __aeabi_cdrcmple              
00002e39  __aeabi_memclr                
00002e39  __aeabi_memclr4               
00002e39  __aeabi_memclr8               
00002e3b  __aeabi_memset                
00002e3b  __aeabi_memset4               
00002e3b  __aeabi_memset8               
00002e41  memset                        
00002f21  __TI_decompress_lzss          
00002f89  frexp                         
00002f89  frexpl                        
00003043  __TI_ltoa                     
000030e9  atoi                          
00003135  __aeabi_d2iz                  
0000317d  __TI_auto_init_nobinit_nopinit
000031c1  __aeabi_uidiv                 
000031c1  __aeabi_uidivmod              
00003201  sprintf                       
00003241  vsnprintf                     
000032c1  IntRegister                   
000032f5  _c_int00_noargs               
00003359  __aeabi_i2d                   
00003387  __aeabi_ui2d                  
000033a7  __TI_zero_init_nomemset       
000033c3  memccpy                       
000033df  copysign                      
000033df  copysignl                     
00003429  strcmp                        
00003441  strchr                        
00003457  strcpy                        
0000346b  strlen                        
0000347f  wcslen                        
00003491  lcd_clear                     
000034a1  __TI_decompress_none          
000034af  ResetISR                      
000034c5  __aeabi_errno_addr            
000034cd  _system_pre_init              
000034d1  C$$EXIT                       
000034d1  abort                         
000034d8  _ctypes_                      
00003618  __TI_Handler_Table_Base       
00003624  __TI_Handler_Table_Limit      
00003640  __TI_CINIT_Base               
00003658  __TI_CINIT_Limit              
20000000  __start___llvm_prf_cnts       
20000000  __stop___llvm_prf_cnts        
20000000  g_pfnRAMVectors               
20000270  __stack                       
20000470  __STACK_TOP                   
20001270  __STACK_END                   
200012c4  _timeout_ticks                
200012c8  errno                         
200012cc  _running                      
ffffffff  __TI_pprof_out_hndl           
ffffffff  __TI_prof_data_size           
ffffffff  __TI_prof_data_start          
ffffffff  __binit__                     
ffffffff  __c_args__                    
ffffffff  binit                         
UNDEFED   __mpu_init                    
UNDEFED   _system_post_cinit            

[107 symbols]
