******************************************************************************
                  TI ARM Linker PC v20.2.7                     
******************************************************************************
>> Linked Mon Apr  1 17:04:42 2024

OUTPUT FILE NAME:   <Lab9.out>
ENTRY POINT SYMBOL: "_c_int00_noargs"  address: 00002f6d


MEMORY CONFIGURATION

         name            origin    length      used     unused   attr    fill
----------------------  --------  ---------  --------  --------  ----  --------
  FLASH                 00000000   00040000  000032e5  0003cd1b  R  X
  SRAM                  20000000   00008000  000022f4  00005d0c  RW X


SEGMENT ALLOCATION MAP

run origin  load origin   length   init length attrs members
----------  ----------- ---------- ----------- ----- -------
00000000    00000000    000032e8   000032e8    r-x
  00000000    00000000    0000026c   0000026c    r-- .intvecs
  0000026c    0000026c    00002f28   00002f28    r-x .text
  00003194    00003194    00000109   00000109    r-- .const
  000032a0    000032a0    00000048   00000048    r-- .cinit
20000000    20000000    000022f8   00000000    rw-
  20000000    20000000    0000026c   00000000    rw- .vtable
  20000270    20000270    00001000   00000000    rw- .stack
  20001270    20001270    00001000   00000000    rw- .sysmem
  20002270    20002270    00000064   00000000    rw- .bss
  200022d4    200022d4    00000024   00000000    rw- .data


SECTION ALLOCATION MAP

 output                                  attributes/
section   page    origin      length       input sections
--------  ----  ----------  ----------   ----------------
.intvecs   0    00000000    0000026c     
                  00000000    0000026c     tm4c123gh6pm_startup_ccs.obj (.intvecs)

.text      0    0000026c    00002f28     
                  0000026c    00000a4e     rtsv7M4_T_le_v4SPD16_eabi.lib : _printfi.c.obj (.text:__TI_printfi)
                  00000cba    00000002                                   : _lock.c.obj (.text:_nop)
                  00000cbc    00000374     lcd.obj (.text)
                  00001030    00000270     rtsv7M4_T_le_v4SPD16_eabi.lib : _printfi.c.obj (.text:_pconv_a)
                  000012a0    00000260     libcybotScan.lib : cyBot_Scan.obj (.text)
                  00001500    00000248     Timer.obj (.text)
                  00001748    00000230     ping_template.obj (.text)
                  00001978    000001d0     rtsv7M4_T_le_v4SPD16_eabi.lib : _printfi.c.obj (.text:_pconv_g)
                  00001b48    000001b6                                   : fd_add_t2.asm.obj (.text)
                  00001cfe    00000002                                   : div0.asm.obj (.text)
                  00001d00    00000158     libcybotScan.lib : servo.obj (.text)
                  00001e58    0000013c     rtsv7M4_T_le_v4SPD16_eabi.lib : _printfi.c.obj (.text:_pconv_e)
                  00001f94    00000136                                   : fd_div_t2.asm.obj (.text)
                  000020ca    00000002     --HOLE-- [fill = 0]
                  000020cc    00000124                                   : _printfi.c.obj (.text:fcvt)
                  000021f0    00000118     libcybotScan.lib : ir.obj (.text)
                  00002308    00000110     rtsv7M4_T_le_v4SPD16_eabi.lib : s_scalbn.c.obj (.text:scalbn)
                  00002418    00000100                                   : memory.c.obj (.text:aligned_alloc)
                  00002518    000000fc                                   : fd_mul_t2.asm.obj (.text)
                  00002614    000000d4     lab9_template.obj (.text)
                  000026e8    000000b1     rtsv7M4_T_le_v4SPD16_eabi.lib : _printfi.c.obj (.text:_ltostr)
                  00002799    00000001     --HOLE-- [fill = 0]
                  0000279a    0000009c                                   : memcpy_t2.asm.obj (.text)
                  00002836    00000096                                   : ull_div_t2.asm.obj (.text)
                  000028cc    00000086                                   : fd_cmp_t2.asm.obj (.text:__aeabi_cdcmple)
                  00002952    00000086                                   : fd_cmp_t2.asm.obj (.text:__aeabi_cdrcmple)
                  000029d8    0000007a                                   : memset_t2.asm.obj (.text)
                  00002a52    00000002     --HOLE-- [fill = 0]
                  00002a54    00000070                                   : memory.c.obj (.text:split)
                  00002ac4    0000006e                                   : _printfi.c.obj (.text:_mcpy)
                  00002b32    0000006e                                   : fd_tos_t2.asm.obj (.text)
                  00002ba0    00000068                                   : copy_decompress_lzss.c.obj (.text:decompress:lzss:__TI_decompress_lzss)
                  00002c08    00000064                                   : s_frexp.c.obj (.text:frexp)
                  00002c6c    00000056                                   : _printfi.c.obj (.text:_pconv_f)
                  00002cc2    00000054                                   : _ltoa.c.obj (.text:__TI_ltoa)
                  00002d16    00000052                                   : _printfi.c.obj (.text:_ecpy)
                  00002d68    0000004c                                   : atoi.c.obj (.text:atoi)
                  00002db4    00000048                                   : fd_toi_t2.asm.obj (.text)
                  00002dfc    00000044                                   : autoinit.c.obj (.text:__TI_auto_init_nobinit_nopinit:__TI_auto_init_nobinit_nopinit)
                  00002e40    00000040                                   : u_divt2.asm.obj (.text)
                  00002e80    00000040                                   : vsnprintf.c.obj (.text:vsnprintf)
                  00002ec0    0000003e                                   : _printfi.c.obj (.text:_fcpy)
                  00002efe    00000038                                   : fs_tod_t2.asm.obj (.text)
                  00002f36    00000002     --HOLE-- [fill = 0]
                  00002f38    00000034     driverlib.lib : interrupt.obj (.text:IntRegister)
                  00002f6c    00000034     rtsv7M4_T_le_v4SPD16_eabi.lib : boot_cortex_m.c.obj (.text:_c_int00_noargs:_c_int00_noargs)
                  00002fa0    00000030                                   : vsnprintf.c.obj (.text:_outs)
                  00002fd0    0000002e                                   : i_tofd_t2.asm.obj (.text)
                  00002ffe    00000002     --HOLE-- [fill = 0]
                  00003000    00000028                                   : memory.c.obj (.text:free_list_insert)
                  00003028    00000020                                   : u_tofd_t2.asm.obj (.text)
                  00003048    0000001c                                   : copy_zero_init.c.obj (.text:decompress:ZI:__TI_zero_init_nomemset:__TI_zero_init_nomemset)
                  00003064    0000001c                                   : memory.c.obj (.text:free_list_remove)
                  00003080    0000001c                                   : memccpy.c.obj (.text:memccpy)
                  0000309c    0000001a                                   : s_copysign.c.obj (.text:copysign)
                  000030b6    00000018                                   : vsnprintf.c.obj (.text:_outc)
                  000030ce    00000018                                   : strcmp.c.obj (.text:strcmp)
                  000030e6    00000016                                   : strchr.c.obj (.text:strchr)
                  000030fc    00000014                                   : strcpy.c.obj (.text:strcpy)
                  00003110    00000014                                   : strlen.c.obj (.text:strlen)
                  00003124    00000012                                   : wcslen.c.obj (.text:wcslen)
                  00003136    00000010     driverlib.lib : interrupt.obj (.text:IntMasterEnable)
                  00003146    00000010     lcd.obj (.text:lcd_clear)
                  00003156    0000000e     rtsv7M4_T_le_v4SPD16_eabi.lib : copy_decompress_none.c.obj (.text:decompress:none:__TI_decompress_none)
                  00003164    0000000c     driverlib.lib : cpu.obj (.text:CPUcpsie)
                  00003170    0000000c     tm4c123gh6pm_startup_ccs.obj (.text)
                  0000317c    00000008     rtsv7M4_T_le_v4SPD16_eabi.lib : errno.c.obj (.text:__aeabi_errno_addr)
                  00003184    00000008                                   : memory.c.obj (.text:malloc)
                  0000318c    00000004                                   : pre_init.c.obj (.text:_system_pre_init)
                  00003190    00000004                                   : exit.c.obj (.text:abort:abort)

.const     0    00003194    00000109     
                  00003194    00000101     rtsv7M4_T_le_v4SPD16_eabi.lib : ctype.c.obj (.const:.string:_ctypes_)
                  00003295    00000004     lcd.obj (.const:.string:lineAddress$1)
                  00003299    00000004     lcd.obj (.const:.string:lineAddresses$2)

.cinit     0    000032a0    00000048     
                  000032a0    0000000d     (.cinit..data.load) [load image, compression = lzss]
                  000032ad    00000003     --HOLE-- [fill = 0]
                  000032b0    0000000c     (__TI_handler_table)
                  000032bc    00000004     --HOLE-- [fill = 0]
                  000032c0    00000008     (.cinit..bss.load) [load image, compression = zero_init]
                  000032c8    00000008     (.cinit..vtable.load) [load image, compression = zero_init]
                  000032d0    00000018     (__TI_cinit_table)

.init_array 
*          0    00000000    00000000     UNINITIALIZED

.vtable    0    20000000    0000026c     UNINITIALIZED
                  20000000    0000026c     driverlib.lib : interrupt.obj (.vtable)

.stack     0    20000270    00001000     UNINITIALIZED
                  20000270    00000004     rtsv7M4_T_le_v4SPD16_eabi.lib : boot_cortex_m.c.obj (.stack)
                  20000274    00000ffc     --HOLE--

.sysmem    0    20001270    00001000     UNINITIALIZED
                  20001270    00000010     rtsv7M4_T_le_v4SPD16_eabi.lib : memory.c.obj (.sysmem)
                  20001280    00000ff0     --HOLE--

.bss       0    20002270    00000064     UNINITIALIZED
                  20002270    00000054     lcd.obj (.bss:lastbuffer$3)
                  200022c4    00000004     (.common:_timeout_ticks)
                  200022c8    00000004     (.common:isr_int_value)
                  200022cc    00000004     (.common:left_calibration_value)
                  200022d0    00000004     (.common:right_calibration_value)

.data      0    200022d4    00000024     UNINITIALIZED
                  200022d4    0000000a     ping_template.obj (.data)
                  200022de    00000001     Timer.obj (.data)
                  200022df    00000001     --HOLE--
                  200022e0    00000008     rtsv7M4_T_le_v4SPD16_eabi.lib : _lock.c.obj (.data:$O1$$)
                  200022e8    00000008                                   : memory.c.obj (.data:$O1$$)
                  200022f0    00000004     libcybotScan.lib : cyBot_Scan.obj (.data)
                  200022f4    00000004     rtsv7M4_T_le_v4SPD16_eabi.lib : errno.c.obj (.data)

__llvm_prf_cnts 
*          0    20000000    00000000     UNINITIALIZED

MODULE SUMMARY

       Module                         code    ro data   rw data
       ------                         ----    -------   -------
    .\
       lcd.obj                        900     8         84     
       tm4c123gh6pm_startup_ccs.obj   12      620       0      
       Timer.obj                      584     0         5      
       ping_template.obj              560     0         10     
       lab9_template.obj              212     0         8      
    +--+------------------------------+-------+---------+---------+
       Total:                         2268    628       107    
                                                               
    ../libcybotScan.lib
       cyBot_Scan.obj                 608     0         4      
       servo.obj                      344     0         0      
       ir.obj                         280     0         4      
    +--+------------------------------+-------+---------+---------+
       Total:                         1232    0         8      
                                                               
    C:/ti/TivaWare_C_Series-2.2.0.295/driverlib/ccs/Debug/driverlib.lib
       interrupt.obj                  68      0         620    
       cpu.obj                        12      0         0      
    +--+------------------------------+-------+---------+---------+
       Total:                         80      0         620    
                                                               
    C:\ti\ccs1230\ccs\tools\compiler\ti-cgt-arm_20.2.7.LTS\lib\rtsv7M4_T_le_v4SPD16_eabi.lib
       _printfi.c.obj                 4851    0         0      
       memory.c.obj                   444     0         8      
       fd_add_t2.asm.obj              438     0         0      
       fd_div_t2.asm.obj              310     0         0      
       s_scalbn.c.obj                 272     0         0      
       fd_cmp_t2.asm.obj              268     0         0      
       ctype.c.obj                    0       257       0      
       fd_mul_t2.asm.obj              252     0         0      
       memcpy_t2.asm.obj              156     0         0      
       ull_div_t2.asm.obj             150     0         0      
       vsnprintf.c.obj                136     0         0      
       memset_t2.asm.obj              122     0         0      
       fd_tos_t2.asm.obj              110     0         0      
       copy_decompress_lzss.c.obj     104     0         0      
       s_frexp.c.obj                  100     0         0      
       _ltoa.c.obj                    84      0         0      
       atoi.c.obj                     76      0         0      
       fd_toi_t2.asm.obj              72      0         0      
       autoinit.c.obj                 68      0         0      
       u_divt2.asm.obj                64      0         0      
       fs_tod_t2.asm.obj              56      0         0      
       boot_cortex_m.c.obj            52      0         0      
       i_tofd_t2.asm.obj              46      0         0      
       u_tofd_t2.asm.obj              32      0         0      
       copy_zero_init.c.obj           28      0         0      
       memccpy.c.obj                  28      0         0      
       s_copysign.c.obj               26      0         0      
       strcmp.c.obj                   24      0         0      
       strchr.c.obj                   22      0         0      
       strcpy.c.obj                   20      0         0      
       strlen.c.obj                   20      0         0      
       wcslen.c.obj                   18      0         0      
       copy_decompress_none.c.obj     14      0         0      
       errno.c.obj                    8       0         4      
       _lock.c.obj                    2       0         8      
       exit.c.obj                     4       0         0      
       pre_init.c.obj                 4       0         0      
       div0.asm.obj                   2       0         0      
    +--+------------------------------+-------+---------+---------+
       Total:                         8483    257       20     
                                                               
       Heap:                          0       0         4096   
       Stack:                         0       0         4096   
       Linker Generated:              0       65        0      
    +--+------------------------------+-------+---------+---------+
       Grand Total:                   12063   950       8947   


LINKER GENERATED COPY TABLES

__TI_cinit_table @ 000032d0 records: 3, size/record: 8, table size: 24
	.data: load addr=000032a0, load size=0000000d bytes, run addr=200022d4, run size=00000024 bytes, compression=lzss
	.bss: load addr=000032c0, load size=00000008 bytes, run addr=20002270, run size=00000064 bytes, compression=zero_init
	.vtable: load addr=000032c8, load size=00000008 bytes, run addr=20000000, run size=0000026c bytes, compression=zero_init


LINKER GENERATED HANDLER TABLE

__TI_handler_table @ 000032b0 records: 3, size/record: 4, table size: 12
	index: 0, handler: __TI_zero_init
	index: 1, handler: __TI_decompress_lzss
	index: 2, handler: __TI_decompress_none


GLOBAL SYMBOLS: SORTED ALPHABETICALLY BY Name 

address   name                          
-------   ----                          
00002289  ADC0SS0_Handler               
00003191  C$$EXIT                       
00003165  CPUcpsie                      
200022d8  END_TIME                      
00003137  IntMasterEnable               
00002f39  IntRegister                   
200022dd  OVERFLOW                      
00003171  ResetISR                      
200022d4  START_TIME                    
200022dc  STATE                         
0000186b  TIMER3B_Handler               
20001270  __STACK_END                   
00001000  __STACK_SIZE                  
20000470  __STACK_TOP                   
00001000  __SYSMEM_SIZE                 
000032d0  __TI_CINIT_Base               
000032e8  __TI_CINIT_Limit              
000032b0  __TI_Handler_Table_Base       
000032bc  __TI_Handler_Table_Limit      
00002dfd  __TI_auto_init_nobinit_nopinit
00002ba1  __TI_decompress_lzss          
00003157  __TI_decompress_none          
00002cc3  __TI_ltoa                     
ffffffff  __TI_pprof_out_hndl           
0000026d  __TI_printfi                  
ffffffff  __TI_prof_data_size           
ffffffff  __TI_prof_data_start          
00000000  __TI_static_base__            
00003049  __TI_zero_init_nomemset       
000028cd  __aeabi_cdcmpeq               
000028cd  __aeabi_cdcmple               
00002953  __aeabi_cdrcmple              
00002b33  __aeabi_d2f                   
00002db5  __aeabi_d2iz                  
00001b53  __aeabi_dadd                  
00001f95  __aeabi_ddiv                  
00002519  __aeabi_dmul                  
00001b49  __aeabi_dsub                  
0000317d  __aeabi_errno_addr            
00002eff  __aeabi_f2d                   
00002fd1  __aeabi_i2d                   
00001cff  __aeabi_idiv0                 
00001cff  __aeabi_ldiv0                 
000029d9  __aeabi_memclr                
000029d9  __aeabi_memclr4               
000029d9  __aeabi_memclr8               
0000279b  __aeabi_memcpy                
0000279b  __aeabi_memcpy4               
0000279b  __aeabi_memcpy8               
000029db  __aeabi_memset                
000029db  __aeabi_memset4               
000029db  __aeabi_memset8               
00003029  __aeabi_ui2d                  
00002e41  __aeabi_uidiv                 
00002e41  __aeabi_uidivmod              
00002837  __aeabi_uldivmod              
ffffffff  __binit__                     
ffffffff  __c_args__                    
UNDEFED   __mpu_init                    
20000270  __stack                       
20000000  __start___llvm_prf_cnts       
20000000  __stop___llvm_prf_cnts        
00002f6d  _c_int00_noargs               
00003194  _ctypes_                      
200022e0  _lock                         
00000cbb  _nop                          
200022de  _running                      
20001270  _sys_memory                   
UNDEFED   _system_post_cinit            
0000318d  _system_pre_init              
200022c4  _timeout_ticks                
200022e4  _unlock                       
00003191  abort                         
00002419  aligned_alloc                 
00002d69  atoi                          
ffffffff  binit                         
0000309d  copysign                      
0000309d  copysignl                     
00001379  cyBOT_SERVO_cal               
00001307  cyBOT_Scan                    
000012af  cyBOT_init_Scan               
200022f0  cyBOT_scan_features           
000012a1  cyBOT_scan_version            
200022f4  errno                         
00002c09  frexp                         
00002c09  frexpl                        
20000000  g_pfnRAMVectors               
00000000  g_pfnVectors                  
0000229f  ir_enableInterrupt            
00002281  ir_getDistance                
00002259  ir_getValue                   
000021f1  ir_init                       
200022c8  isr_int_value                 
00003147  lcd_clear                     
00000ed7  lcd_gotoLine                  
00000d3f  lcd_init                      
00000f3d  lcd_printf                    
00000dff  lcd_putc                      
00000e37  lcd_puts                      
00000cbd  lcd_reverseNibble             
00000cf9  lcd_rotatingBanner            
00000e55  lcd_sendCommand               
00000e93  lcd_sendNibble                
00000eff  lcd_setCursorPos              
00002309  ldexp                         
00002309  ldexpl                        
200022cc  left_calibration_value        
00002615  main                          
00003185  malloc                        
00002419  memalign                      
00003081  memccpy                       
0000279b  memcpy                        
000029e1  memset                        
000018c9  ping_getDistance              
00001749  ping_init                     
00001803  ping_trigger                  
200022d0  right_calibration_value       
00002309  scalbn                        
00002309  scalbnl                       
00001d01  servo_init                    
00001d91  servo_move                    
00001df1  servo_setPWM                  
00001d85  servo_stop                    
000030e7  strchr                        
000030cf  strcmp                        
000030fd  strcpy                        
00003111  strlen                        
0000161f  timer_getMicros               
000015c7  timer_getMillis               
00001501  timer_init                    
000015a3  timer_pause                   
000015b5  timer_resume                  
00001579  timer_stop                    
00001679  timer_waitMicros              
000016ab  timer_waitMillis              
00002e81  vsnprintf                     
00003125  wcslen                        


GLOBAL SYMBOLS: SORTED BY Symbol Address 

address   name                          
-------   ----                          
00000000  __TI_static_base__            
00000000  g_pfnVectors                  
0000026d  __TI_printfi                  
00000cbb  _nop                          
00000cbd  lcd_reverseNibble             
00000cf9  lcd_rotatingBanner            
00000d3f  lcd_init                      
00000dff  lcd_putc                      
00000e37  lcd_puts                      
00000e55  lcd_sendCommand               
00000e93  lcd_sendNibble                
00000ed7  lcd_gotoLine                  
00000eff  lcd_setCursorPos              
00000f3d  lcd_printf                    
00001000  __STACK_SIZE                  
00001000  __SYSMEM_SIZE                 
000012a1  cyBOT_scan_version            
000012af  cyBOT_init_Scan               
00001307  cyBOT_Scan                    
00001379  cyBOT_SERVO_cal               
00001501  timer_init                    
00001579  timer_stop                    
000015a3  timer_pause                   
000015b5  timer_resume                  
000015c7  timer_getMillis               
0000161f  timer_getMicros               
00001679  timer_waitMicros              
000016ab  timer_waitMillis              
00001749  ping_init                     
00001803  ping_trigger                  
0000186b  TIMER3B_Handler               
000018c9  ping_getDistance              
00001b49  __aeabi_dsub                  
00001b53  __aeabi_dadd                  
00001cff  __aeabi_idiv0                 
00001cff  __aeabi_ldiv0                 
00001d01  servo_init                    
00001d85  servo_stop                    
00001d91  servo_move                    
00001df1  servo_setPWM                  
00001f95  __aeabi_ddiv                  
000021f1  ir_init                       
00002259  ir_getValue                   
00002281  ir_getDistance                
00002289  ADC0SS0_Handler               
0000229f  ir_enableInterrupt            
00002309  ldexp                         
00002309  ldexpl                        
00002309  scalbn                        
00002309  scalbnl                       
00002419  aligned_alloc                 
00002419  memalign                      
00002519  __aeabi_dmul                  
00002615  main                          
0000279b  __aeabi_memcpy                
0000279b  __aeabi_memcpy4               
0000279b  __aeabi_memcpy8               
0000279b  memcpy                        
00002837  __aeabi_uldivmod              
000028cd  __aeabi_cdcmpeq               
000028cd  __aeabi_cdcmple               
00002953  __aeabi_cdrcmple              
000029d9  __aeabi_memclr                
000029d9  __aeabi_memclr4               
000029d9  __aeabi_memclr8               
000029db  __aeabi_memset                
000029db  __aeabi_memset4               
000029db  __aeabi_memset8               
000029e1  memset                        
00002b33  __aeabi_d2f                   
00002ba1  __TI_decompress_lzss          
00002c09  frexp                         
00002c09  frexpl                        
00002cc3  __TI_ltoa                     
00002d69  atoi                          
00002db5  __aeabi_d2iz                  
00002dfd  __TI_auto_init_nobinit_nopinit
00002e41  __aeabi_uidiv                 
00002e41  __aeabi_uidivmod              
00002e81  vsnprintf                     
00002eff  __aeabi_f2d                   
00002f39  IntRegister                   
00002f6d  _c_int00_noargs               
00002fd1  __aeabi_i2d                   
00003029  __aeabi_ui2d                  
00003049  __TI_zero_init_nomemset       
00003081  memccpy                       
0000309d  copysign                      
0000309d  copysignl                     
000030cf  strcmp                        
000030e7  strchr                        
000030fd  strcpy                        
00003111  strlen                        
00003125  wcslen                        
00003137  IntMasterEnable               
00003147  lcd_clear                     
00003157  __TI_decompress_none          
00003165  CPUcpsie                      
00003171  ResetISR                      
0000317d  __aeabi_errno_addr            
00003185  malloc                        
0000318d  _system_pre_init              
00003191  C$$EXIT                       
00003191  abort                         
00003194  _ctypes_                      
000032b0  __TI_Handler_Table_Base       
000032bc  __TI_Handler_Table_Limit      
000032d0  __TI_CINIT_Base               
000032e8  __TI_CINIT_Limit              
20000000  __start___llvm_prf_cnts       
20000000  __stop___llvm_prf_cnts        
20000000  g_pfnRAMVectors               
20000270  __stack                       
20000470  __STACK_TOP                   
20001270  __STACK_END                   
20001270  _sys_memory                   
200022c4  _timeout_ticks                
200022c8  isr_int_value                 
200022cc  left_calibration_value        
200022d0  right_calibration_value       
200022d4  START_TIME                    
200022d8  END_TIME                      
200022dc  STATE                         
200022dd  OVERFLOW                      
200022de  _running                      
200022e0  _lock                         
200022e4  _unlock                       
200022f0  cyBOT_scan_features           
200022f4  errno                         
ffffffff  __TI_pprof_out_hndl           
ffffffff  __TI_prof_data_size           
ffffffff  __TI_prof_data_start          
ffffffff  __binit__                     
ffffffff  __c_args__                    
ffffffff  binit                         
UNDEFED   __mpu_init                    
UNDEFED   _system_post_cinit            

[137 symbols]
