<?xml version="1.0" encoding="ISO-8859-1" ?>
<link_info>
   <banner>TI ARM Linker PC v20.2.7.LTS</banner>
   <copyright>Copyright (c) 1996-2018 Texas Instruments Incorporated</copyright>
   <link_time>0x65e25586</link_time>
   <link_errors>0x0</link_errors>
   <output_file>Lab6.out</output_file>
   <entry_point>
      <name>_c_int00_noargs</name>
      <address>0x301d</address>
   </entry_point>
   <input_file_list>
      <input_file id="fl-2">
         <path>.\</path>
         <kind>object</kind>
         <file>Timer.obj</file>
         <name>Timer.obj</name>
      </input_file>
      <input_file id="fl-3">
         <path>.\</path>
         <kind>object</kind>
         <file>lab6-interrupt_template.obj</file>
         <name>lab6-interrupt_template.obj</name>
      </input_file>
      <input_file id="fl-4">
         <path>.\</path>
         <kind>object</kind>
         <file>lab6_template.obj</file>
         <name>lab6_template.obj</name>
      </input_file>
      <input_file id="fl-5">
         <path>.\</path>
         <kind>object</kind>
         <file>lcd.obj</file>
         <name>lcd.obj</name>
      </input_file>
      <input_file id="fl-6">
         <path>.\</path>
         <kind>object</kind>
         <file>movement.obj</file>
         <name>movement.obj</name>
      </input_file>
      <input_file id="fl-7">
         <path>.\</path>
         <kind>object</kind>
         <file>open_interface.obj</file>
         <name>open_interface.obj</name>
      </input_file>
      <input_file id="fl-8">
         <path>.\</path>
         <kind>object</kind>
         <file>scan.obj</file>
         <name>scan.obj</name>
      </input_file>
      <input_file id="fl-9">
         <path>.\</path>
         <kind>object</kind>
         <file>tm4c123gh6pm_startup_ccs.obj</file>
         <name>tm4c123gh6pm_startup_ccs.obj</name>
      </input_file>
      <input_file id="fl-a">
         <path>.\</path>
         <kind>object</kind>
         <file>uart-interrupt.obj</file>
         <name>uart-interrupt.obj</name>
      </input_file>
      <input_file id="fl-b">
         <path>.\</path>
         <kind>object</kind>
         <file>uart.obj</file>
         <name>uart.obj</name>
      </input_file>
      <input_file id="fl-11">
         <kind>object</kind>
         <file>&lt;internal&gt;</file>
         <name>&lt;internal&gt;</name>
      </input_file>
      <input_file id="fl-12">
         <path>..\</path>
         <kind>archive</kind>
         <file>libcybotScan.lib</file>
         <name>cyBot_Scan.obj</name>
      </input_file>
      <input_file id="fl-13">
         <path>..\</path>
         <kind>archive</kind>
         <file>libcybotScan.lib</file>
         <name>ir.obj</name>
      </input_file>
      <input_file id="fl-14">
         <path>..\</path>
         <kind>archive</kind>
         <file>libcybotScan.lib</file>
         <name>ping.obj</name>
      </input_file>
      <input_file id="fl-15">
         <path>..\</path>
         <kind>archive</kind>
         <file>libcybotScan.lib</file>
         <name>servo.obj</name>
      </input_file>
      <input_file id="fl-16">
         <path>C:\ti\TivaWare_C_Series-2.2.0.295\driverlib\ccs\Debug\</path>
         <kind>archive</kind>
         <file>driverlib.lib</file>
         <name>interrupt.obj</name>
      </input_file>
      <input_file id="fl-17">
         <path>C:\ti\TivaWare_C_Series-2.2.0.295\driverlib\ccs\Debug\</path>
         <kind>archive</kind>
         <file>driverlib.lib</file>
         <name>cpu.obj</name>
      </input_file>
      <input_file id="fl-cd">
         <path>C:\ti\ccs1230\ccs\tools\compiler\ti-cgt-arm_20.2.7.LTS\lib\</path>
         <kind>archive</kind>
         <file>rtsv7M4_T_le_v4SPD16_eabi.lib</file>
         <name>sprintf.c.obj</name>
      </input_file>
      <input_file id="fl-ce">
         <path>C:\ti\ccs1230\ccs\tools\compiler\ti-cgt-arm_20.2.7.LTS\lib\</path>
         <kind>archive</kind>
         <file>rtsv7M4_T_le_v4SPD16_eabi.lib</file>
         <name>vsnprintf.c.obj</name>
      </input_file>
      <input_file id="fl-cf">
         <path>C:\ti\ccs1230\ccs\tools\compiler\ti-cgt-arm_20.2.7.LTS\lib\</path>
         <kind>archive</kind>
         <file>rtsv7M4_T_le_v4SPD16_eabi.lib</file>
         <name>fd_add_t2.asm.obj</name>
      </input_file>
      <input_file id="fl-d0">
         <path>C:\ti\ccs1230\ccs\tools\compiler\ti-cgt-arm_20.2.7.LTS\lib\</path>
         <kind>archive</kind>
         <file>rtsv7M4_T_le_v4SPD16_eabi.lib</file>
         <name>fd_cmp_t2.asm.obj</name>
      </input_file>
      <input_file id="fl-d1">
         <path>C:\ti\ccs1230\ccs\tools\compiler\ti-cgt-arm_20.2.7.LTS\lib\</path>
         <kind>archive</kind>
         <file>rtsv7M4_T_le_v4SPD16_eabi.lib</file>
         <name>fd_div_t2.asm.obj</name>
      </input_file>
      <input_file id="fl-d2">
         <path>C:\ti\ccs1230\ccs\tools\compiler\ti-cgt-arm_20.2.7.LTS\lib\</path>
         <kind>archive</kind>
         <file>rtsv7M4_T_le_v4SPD16_eabi.lib</file>
         <name>fd_mul_t2.asm.obj</name>
      </input_file>
      <input_file id="fl-d3">
         <path>C:\ti\ccs1230\ccs\tools\compiler\ti-cgt-arm_20.2.7.LTS\lib\</path>
         <kind>archive</kind>
         <file>rtsv7M4_T_le_v4SPD16_eabi.lib</file>
         <name>fd_tos_t2.asm.obj</name>
      </input_file>
      <input_file id="fl-d4">
         <path>C:\ti\ccs1230\ccs\tools\compiler\ti-cgt-arm_20.2.7.LTS\lib\</path>
         <kind>archive</kind>
         <file>rtsv7M4_T_le_v4SPD16_eabi.lib</file>
         <name>fs_tod_t2.asm.obj</name>
      </input_file>
      <input_file id="fl-d5">
         <path>C:\ti\ccs1230\ccs\tools\compiler\ti-cgt-arm_20.2.7.LTS\lib\</path>
         <kind>archive</kind>
         <file>rtsv7M4_T_le_v4SPD16_eabi.lib</file>
         <name>i_tofd_t2.asm.obj</name>
      </input_file>
      <input_file id="fl-d6">
         <path>C:\ti\ccs1230\ccs\tools\compiler\ti-cgt-arm_20.2.7.LTS\lib\</path>
         <kind>archive</kind>
         <file>rtsv7M4_T_le_v4SPD16_eabi.lib</file>
         <name>memcpy_t2.asm.obj</name>
      </input_file>
      <input_file id="fl-d7">
         <path>C:\ti\ccs1230\ccs\tools\compiler\ti-cgt-arm_20.2.7.LTS\lib\</path>
         <kind>archive</kind>
         <file>rtsv7M4_T_le_v4SPD16_eabi.lib</file>
         <name>u_divt2.asm.obj</name>
      </input_file>
      <input_file id="fl-d8">
         <path>C:\ti\ccs1230\ccs\tools\compiler\ti-cgt-arm_20.2.7.LTS\lib\</path>
         <kind>archive</kind>
         <file>rtsv7M4_T_le_v4SPD16_eabi.lib</file>
         <name>copy_zero_init.c.obj</name>
      </input_file>
      <input_file id="fl-d9">
         <path>C:\ti\ccs1230\ccs\tools\compiler\ti-cgt-arm_20.2.7.LTS\lib\</path>
         <kind>archive</kind>
         <file>rtsv7M4_T_le_v4SPD16_eabi.lib</file>
         <name>copy_decompress_none.c.obj</name>
      </input_file>
      <input_file id="fl-da">
         <path>C:\ti\ccs1230\ccs\tools\compiler\ti-cgt-arm_20.2.7.LTS\lib\</path>
         <kind>archive</kind>
         <file>rtsv7M4_T_le_v4SPD16_eabi.lib</file>
         <name>copy_decompress_lzss.c.obj</name>
      </input_file>
      <input_file id="fl-db">
         <path>C:\ti\ccs1230\ccs\tools\compiler\ti-cgt-arm_20.2.7.LTS\lib\</path>
         <kind>archive</kind>
         <file>rtsv7M4_T_le_v4SPD16_eabi.lib</file>
         <name>memory.c.obj</name>
      </input_file>
      <input_file id="fl-dc">
         <path>C:\ti\ccs1230\ccs\tools\compiler\ti-cgt-arm_20.2.7.LTS\lib\</path>
         <kind>archive</kind>
         <file>rtsv7M4_T_le_v4SPD16_eabi.lib</file>
         <name>strcmp.c.obj</name>
      </input_file>
      <input_file id="fl-dd">
         <path>C:\ti\ccs1230\ccs\tools\compiler\ti-cgt-arm_20.2.7.LTS\lib\</path>
         <kind>archive</kind>
         <file>rtsv7M4_T_le_v4SPD16_eabi.lib</file>
         <name>strcpy.c.obj</name>
      </input_file>
      <input_file id="fl-de">
         <path>C:\ti\ccs1230\ccs\tools\compiler\ti-cgt-arm_20.2.7.LTS\lib\</path>
         <kind>archive</kind>
         <file>rtsv7M4_T_le_v4SPD16_eabi.lib</file>
         <name>strlen.c.obj</name>
      </input_file>
      <input_file id="fl-df">
         <path>C:\ti\ccs1230\ccs\tools\compiler\ti-cgt-arm_20.2.7.LTS\lib\</path>
         <kind>archive</kind>
         <file>rtsv7M4_T_le_v4SPD16_eabi.lib</file>
         <name>boot_cortex_m.c.obj</name>
      </input_file>
      <input_file id="fl-e0">
         <path>C:\ti\ccs1230\ccs\tools\compiler\ti-cgt-arm_20.2.7.LTS\lib\</path>
         <kind>archive</kind>
         <file>rtsv7M4_T_le_v4SPD16_eabi.lib</file>
         <name>_printfi.c.obj</name>
      </input_file>
      <input_file id="fl-e1">
         <path>C:\ti\ccs1230\ccs\tools\compiler\ti-cgt-arm_20.2.7.LTS\lib\</path>
         <kind>archive</kind>
         <file>rtsv7M4_T_le_v4SPD16_eabi.lib</file>
         <name>div0.asm.obj</name>
      </input_file>
      <input_file id="fl-e2">
         <path>C:\ti\ccs1230\ccs\tools\compiler\ti-cgt-arm_20.2.7.LTS\lib\</path>
         <kind>archive</kind>
         <file>rtsv7M4_T_le_v4SPD16_eabi.lib</file>
         <name>fd_toi_t2.asm.obj</name>
      </input_file>
      <input_file id="fl-e3">
         <path>C:\ti\ccs1230\ccs\tools\compiler\ti-cgt-arm_20.2.7.LTS\lib\</path>
         <kind>archive</kind>
         <file>rtsv7M4_T_le_v4SPD16_eabi.lib</file>
         <name>memset_t2.asm.obj</name>
      </input_file>
      <input_file id="fl-e4">
         <path>C:\ti\ccs1230\ccs\tools\compiler\ti-cgt-arm_20.2.7.LTS\lib\</path>
         <kind>archive</kind>
         <file>rtsv7M4_T_le_v4SPD16_eabi.lib</file>
         <name>ull_div_t2.asm.obj</name>
      </input_file>
      <input_file id="fl-e5">
         <path>C:\ti\ccs1230\ccs\tools\compiler\ti-cgt-arm_20.2.7.LTS\lib\</path>
         <kind>archive</kind>
         <file>rtsv7M4_T_le_v4SPD16_eabi.lib</file>
         <name>autoinit.c.obj</name>
      </input_file>
      <input_file id="fl-e6">
         <path>C:\ti\ccs1230\ccs\tools\compiler\ti-cgt-arm_20.2.7.LTS\lib\</path>
         <kind>archive</kind>
         <file>rtsv7M4_T_le_v4SPD16_eabi.lib</file>
         <name>pre_init.c.obj</name>
      </input_file>
      <input_file id="fl-e7">
         <path>C:\ti\ccs1230\ccs\tools\compiler\ti-cgt-arm_20.2.7.LTS\lib\</path>
         <kind>archive</kind>
         <file>rtsv7M4_T_le_v4SPD16_eabi.lib</file>
         <name>cpy_tbl.c.obj</name>
      </input_file>
      <input_file id="fl-e8">
         <path>C:\ti\ccs1230\ccs\tools\compiler\ti-cgt-arm_20.2.7.LTS\lib\</path>
         <kind>archive</kind>
         <file>rtsv7M4_T_le_v4SPD16_eabi.lib</file>
         <name>exit.c.obj</name>
      </input_file>
      <input_file id="fl-e9">
         <path>C:\ti\ccs1230\ccs\tools\compiler\ti-cgt-arm_20.2.7.LTS\lib\</path>
         <kind>archive</kind>
         <file>rtsv7M4_T_le_v4SPD16_eabi.lib</file>
         <name>_lock.c.obj</name>
      </input_file>
      <input_file id="fl-ea">
         <path>C:\ti\ccs1230\ccs\tools\compiler\ti-cgt-arm_20.2.7.LTS\lib\</path>
         <kind>archive</kind>
         <file>rtsv7M4_T_le_v4SPD16_eabi.lib</file>
         <name>_ltoa.c.obj</name>
      </input_file>
      <input_file id="fl-eb">
         <path>C:\ti\ccs1230\ccs\tools\compiler\ti-cgt-arm_20.2.7.LTS\lib\</path>
         <kind>archive</kind>
         <file>rtsv7M4_T_le_v4SPD16_eabi.lib</file>
         <name>args_main.c.obj</name>
      </input_file>
      <input_file id="fl-ec">
         <path>C:\ti\ccs1230\ccs\tools\compiler\ti-cgt-arm_20.2.7.LTS\lib\</path>
         <kind>archive</kind>
         <file>rtsv7M4_T_le_v4SPD16_eabi.lib</file>
         <name>atoi.c.obj</name>
      </input_file>
      <input_file id="fl-ed">
         <path>C:\ti\ccs1230\ccs\tools\compiler\ti-cgt-arm_20.2.7.LTS\lib\</path>
         <kind>archive</kind>
         <file>rtsv7M4_T_le_v4SPD16_eabi.lib</file>
         <name>ctype.c.obj</name>
      </input_file>
      <input_file id="fl-ee">
         <path>C:\ti\ccs1230\ccs\tools\compiler\ti-cgt-arm_20.2.7.LTS\lib\</path>
         <kind>archive</kind>
         <file>rtsv7M4_T_le_v4SPD16_eabi.lib</file>
         <name>memccpy.c.obj</name>
      </input_file>
      <input_file id="fl-ef">
         <path>C:\ti\ccs1230\ccs\tools\compiler\ti-cgt-arm_20.2.7.LTS\lib\</path>
         <kind>archive</kind>
         <file>rtsv7M4_T_le_v4SPD16_eabi.lib</file>
         <name>strchr.c.obj</name>
      </input_file>
      <input_file id="fl-f0">
         <path>C:\ti\ccs1230\ccs\tools\compiler\ti-cgt-arm_20.2.7.LTS\lib\</path>
         <kind>archive</kind>
         <file>rtsv7M4_T_le_v4SPD16_eabi.lib</file>
         <name>errno.c.obj</name>
      </input_file>
      <input_file id="fl-f1">
         <path>C:\ti\ccs1230\ccs\tools\compiler\ti-cgt-arm_20.2.7.LTS\lib\</path>
         <kind>archive</kind>
         <file>rtsv7M4_T_le_v4SPD16_eabi.lib</file>
         <name>wcslen.c.obj</name>
      </input_file>
      <input_file id="fl-f2">
         <path>C:\ti\ccs1230\ccs\tools\compiler\ti-cgt-arm_20.2.7.LTS\lib\</path>
         <kind>archive</kind>
         <file>rtsv7M4_T_le_v4SPD16_eabi.lib</file>
         <name>s_frexp.c.obj</name>
      </input_file>
      <input_file id="fl-f3">
         <path>C:\ti\ccs1230\ccs\tools\compiler\ti-cgt-arm_20.2.7.LTS\lib\</path>
         <kind>archive</kind>
         <file>rtsv7M4_T_le_v4SPD16_eabi.lib</file>
         <name>s_scalbn.c.obj</name>
      </input_file>
      <input_file id="fl-f4">
         <path>C:\ti\ccs1230\ccs\tools\compiler\ti-cgt-arm_20.2.7.LTS\lib\</path>
         <kind>archive</kind>
         <file>rtsv7M4_T_le_v4SPD16_eabi.lib</file>
         <name>s_copysign.c.obj</name>
      </input_file>
   </input_file_list>
   <object_component_list>
      <object_component id="oc-12">
         <name>.intvecs</name>
         <load_address>0x0</load_address>
         <run_address>0x0</run_address>
         <size>0x26c</size>
         <input_file_ref idref="fl-9"/>
      </object_component>
      <object_component id="oc-1ec">
         <name>.text:__TI_printfi</name>
         <load_address>0x26c</load_address>
         <run_address>0x26c</run_address>
         <size>0xa4e</size>
         <input_file_ref idref="fl-e0"/>
      </object_component>
      <object_component id="oc-245">
         <name>.text:_nop</name>
         <load_address>0xcba</load_address>
         <run_address>0xcba</run_address>
         <size>0x2</size>
         <input_file_ref idref="fl-e9"/>
      </object_component>
      <object_component id="oc-dd">
         <name>.text</name>
         <load_address>0xcbc</load_address>
         <run_address>0xcbc</run_address>
         <size>0x374</size>
         <input_file_ref idref="fl-5"/>
      </object_component>
      <object_component id="oc-298">
         <name>.text:_pconv_a</name>
         <load_address>0x1030</load_address>
         <run_address>0x1030</run_address>
         <size>0x270</size>
         <input_file_ref idref="fl-e0"/>
      </object_component>
      <object_component id="oc-e9">
         <name>.text</name>
         <load_address>0x12a0</load_address>
         <run_address>0x12a0</run_address>
         <size>0x260</size>
         <input_file_ref idref="fl-12"/>
      </object_component>
      <object_component id="oc-d7">
         <name>.text</name>
         <load_address>0x1500</load_address>
         <run_address>0x1500</run_address>
         <size>0x248</size>
         <input_file_ref idref="fl-2"/>
      </object_component>
      <object_component id="oc-e3">
         <name>.text</name>
         <load_address>0x1748</load_address>
         <run_address>0x1748</run_address>
         <size>0x210</size>
         <input_file_ref idref="fl-a"/>
      </object_component>
      <object_component id="oc-187">
         <name>.text</name>
         <load_address>0x1958</load_address>
         <run_address>0x1958</run_address>
         <size>0x1ec</size>
         <input_file_ref idref="fl-14"/>
      </object_component>
      <object_component id="oc-286">
         <name>.text:_pconv_g</name>
         <load_address>0x1b44</load_address>
         <run_address>0x1b44</run_address>
         <size>0x1d0</size>
         <input_file_ref idref="fl-e0"/>
      </object_component>
      <object_component id="oc-30a">
         <name>.text</name>
         <load_address>0x1d14</load_address>
         <run_address>0x1d14</run_address>
         <size>0x1b6</size>
         <input_file_ref idref="fl-cf"/>
      </object_component>
      <object_component id="oc-1e6">
         <name>.text</name>
         <load_address>0x1eca</load_address>
         <run_address>0x1eca</run_address>
         <size>0x2</size>
         <input_file_ref idref="fl-e1"/>
      </object_component>
      <object_component id="oc-181">
         <name>.text</name>
         <load_address>0x1ecc</load_address>
         <run_address>0x1ecc</run_address>
         <size>0x158</size>
         <input_file_ref idref="fl-15"/>
      </object_component>
      <object_component id="oc-292">
         <name>.text:_pconv_e</name>
         <load_address>0x2024</load_address>
         <run_address>0x2024</run_address>
         <size>0x13c</size>
         <input_file_ref idref="fl-e0"/>
      </object_component>
      <object_component id="oc-2f0">
         <name>.text</name>
         <load_address>0x2160</load_address>
         <run_address>0x2160</run_address>
         <size>0x136</size>
         <input_file_ref idref="fl-d1"/>
      </object_component>
      <object_component id="oc-31c">
         <name>.text:fcvt</name>
         <load_address>0x2298</load_address>
         <run_address>0x2298</run_address>
         <size>0x124</size>
         <input_file_ref idref="fl-e0"/>
      </object_component>
      <object_component id="oc-18d">
         <name>.text</name>
         <load_address>0x23bc</load_address>
         <run_address>0x23bc</run_address>
         <size>0x118</size>
         <input_file_ref idref="fl-13"/>
      </object_component>
      <object_component id="oc-330">
         <name>.text:scalbn</name>
         <load_address>0x24d4</load_address>
         <run_address>0x24d4</run_address>
         <size>0x110</size>
         <input_file_ref idref="fl-f3"/>
      </object_component>
      <object_component id="oc-19e">
         <name>.text:aligned_alloc</name>
         <load_address>0x25e4</load_address>
         <run_address>0x25e4</run_address>
         <size>0x100</size>
         <input_file_ref idref="fl-db"/>
      </object_component>
      <object_component id="oc-2eb">
         <name>.text</name>
         <load_address>0x26e4</load_address>
         <run_address>0x26e4</run_address>
         <size>0xfc</size>
         <input_file_ref idref="fl-d2"/>
      </object_component>
      <object_component id="oc-27b">
         <name>.text:_ltostr</name>
         <load_address>0x27e0</load_address>
         <run_address>0x27e0</run_address>
         <size>0xb1</size>
         <input_file_ref idref="fl-e0"/>
      </object_component>
      <object_component id="oc-3e">
         <name>.text</name>
         <load_address>0x2892</load_address>
         <run_address>0x2892</run_address>
         <size>0x9c</size>
         <input_file_ref idref="fl-d6"/>
      </object_component>
      <object_component id="oc-2e4">
         <name>.text</name>
         <load_address>0x292e</load_address>
         <run_address>0x292e</run_address>
         <size>0x96</size>
         <input_file_ref idref="fl-e4"/>
      </object_component>
      <object_component id="oc-281">
         <name>.text:__aeabi_cdcmple</name>
         <load_address>0x29c4</load_address>
         <run_address>0x29c4</run_address>
         <size>0x86</size>
         <input_file_ref idref="fl-d0"/>
      </object_component>
      <object_component id="oc-2f5">
         <name>.text:__aeabi_cdrcmple</name>
         <load_address>0x2a4a</load_address>
         <run_address>0x2a4a</run_address>
         <size>0x86</size>
         <input_file_ref idref="fl-d0"/>
      </object_component>
      <object_component id="oc-96">
         <name>.text</name>
         <load_address>0x2ad0</load_address>
         <run_address>0x2ad0</run_address>
         <size>0x7a</size>
         <input_file_ref idref="fl-e3"/>
      </object_component>
      <object_component id="oc-239">
         <name>.text:split</name>
         <load_address>0x2b4c</load_address>
         <run_address>0x2b4c</run_address>
         <size>0x70</size>
         <input_file_ref idref="fl-db"/>
      </object_component>
      <object_component id="oc-315">
         <name>.text:_mcpy</name>
         <load_address>0x2bbc</load_address>
         <run_address>0x2bbc</run_address>
         <size>0x6e</size>
         <input_file_ref idref="fl-e0"/>
      </object_component>
      <object_component id="oc-15">
         <name>.text:decompress:lzss:__TI_decompress_lzss</name>
         <load_address>0x2c2a</load_address>
         <run_address>0x2c2a</run_address>
         <size>0x68</size>
         <input_file_ref idref="fl-da"/>
      </object_component>
      <object_component id="oc-32a">
         <name>.text:frexp</name>
         <load_address>0x2c94</load_address>
         <run_address>0x2c94</run_address>
         <size>0x64</size>
         <input_file_ref idref="fl-f2"/>
      </object_component>
      <object_component id="oc-a2">
         <name>.text</name>
         <load_address>0x2cf8</load_address>
         <run_address>0x2cf8</run_address>
         <size>0x5c</size>
         <input_file_ref idref="fl-3"/>
      </object_component>
      <object_component id="oc-28c">
         <name>.text:_pconv_f</name>
         <load_address>0x2d54</load_address>
         <run_address>0x2d54</run_address>
         <size>0x56</size>
         <input_file_ref idref="fl-e0"/>
      </object_component>
      <object_component id="oc-2ff">
         <name>.text:__TI_ltoa</name>
         <load_address>0x2daa</load_address>
         <run_address>0x2daa</run_address>
         <size>0x54</size>
         <input_file_ref idref="fl-ea"/>
      </object_component>
      <object_component id="oc-30f">
         <name>.text:_ecpy</name>
         <load_address>0x2dfe</load_address>
         <run_address>0x2dfe</run_address>
         <size>0x52</size>
         <input_file_ref idref="fl-e0"/>
      </object_component>
      <object_component id="oc-275">
         <name>.text:atoi</name>
         <load_address>0x2e50</load_address>
         <run_address>0x2e50</run_address>
         <size>0x4c</size>
         <input_file_ref idref="fl-ec"/>
      </object_component>
      <object_component id="oc-2fa">
         <name>.text</name>
         <load_address>0x2e9c</load_address>
         <run_address>0x2e9c</run_address>
         <size>0x48</size>
         <input_file_ref idref="fl-e2"/>
      </object_component>
      <object_component id="oc-107">
         <name>.text:__TI_auto_init_nobinit_nopinit:__TI_auto_init_nobinit_nopinit</name>
         <load_address>0x2ee4</load_address>
         <run_address>0x2ee4</run_address>
         <size>0x44</size>
         <input_file_ref idref="fl-e5"/>
      </object_component>
      <object_component id="oc-153">
         <name>.text</name>
         <load_address>0x2f28</load_address>
         <run_address>0x2f28</run_address>
         <size>0x40</size>
         <input_file_ref idref="fl-d7"/>
      </object_component>
      <object_component id="oc-158">
         <name>.text:vsnprintf</name>
         <load_address>0x2f68</load_address>
         <run_address>0x2f68</run_address>
         <size>0x40</size>
         <input_file_ref idref="fl-ce"/>
      </object_component>
      <object_component id="oc-322">
         <name>.text:_fcpy</name>
         <load_address>0x2fa8</load_address>
         <run_address>0x2fa8</run_address>
         <size>0x3e</size>
         <input_file_ref idref="fl-e0"/>
      </object_component>
      <object_component id="oc-13b">
         <name>.text:IntRegister</name>
         <load_address>0x2fe8</load_address>
         <run_address>0x2fe8</run_address>
         <size>0x34</size>
         <input_file_ref idref="fl-16"/>
      </object_component>
      <object_component id="oc-5c">
         <name>.text:_c_int00_noargs:_c_int00_noargs</name>
         <load_address>0x301c</load_address>
         <run_address>0x301c</run_address>
         <size>0x34</size>
         <input_file_ref idref="fl-df"/>
      </object_component>
      <object_component id="oc-1f2">
         <name>.text:_outs</name>
         <load_address>0x3050</load_address>
         <run_address>0x3050</run_address>
         <size>0x30</size>
         <input_file_ref idref="fl-ce"/>
      </object_component>
      <object_component id="oc-305">
         <name>.text</name>
         <load_address>0x3080</load_address>
         <run_address>0x3080</run_address>
         <size>0x2e</size>
         <input_file_ref idref="fl-d5"/>
      </object_component>
      <object_component id="oc-233">
         <name>.text:free_list_insert</name>
         <load_address>0x30b0</load_address>
         <run_address>0x30b0</run_address>
         <size>0x28</size>
         <input_file_ref idref="fl-db"/>
      </object_component>
      <object_component id="oc-4a">
         <name>.text:decompress:ZI:__TI_zero_init_nomemset:__TI_zero_init_nomemset</name>
         <load_address>0x30d8</load_address>
         <run_address>0x30d8</run_address>
         <size>0x1c</size>
         <input_file_ref idref="fl-d8"/>
      </object_component>
      <object_component id="oc-22d">
         <name>.text:free_list_remove</name>
         <load_address>0x30f4</load_address>
         <run_address>0x30f4</run_address>
         <size>0x1c</size>
         <input_file_ref idref="fl-db"/>
      </object_component>
      <object_component id="oc-29e">
         <name>.text:memccpy</name>
         <load_address>0x3110</load_address>
         <run_address>0x3110</run_address>
         <size>0x1c</size>
         <input_file_ref idref="fl-ee"/>
      </object_component>
      <object_component id="oc-370">
         <name>.text:copysign</name>
         <load_address>0x312c</load_address>
         <run_address>0x312c</run_address>
         <size>0x1a</size>
         <input_file_ref idref="fl-f4"/>
      </object_component>
      <object_component id="oc-1f8">
         <name>.text:_outc</name>
         <load_address>0x3146</load_address>
         <run_address>0x3146</run_address>
         <size>0x18</size>
         <input_file_ref idref="fl-ce"/>
      </object_component>
      <object_component id="oc-15e">
         <name>.text:strcmp</name>
         <load_address>0x315e</load_address>
         <run_address>0x315e</run_address>
         <size>0x18</size>
         <input_file_ref idref="fl-dc"/>
      </object_component>
      <object_component id="oc-336">
         <name>.text:strchr</name>
         <load_address>0x3176</load_address>
         <run_address>0x3176</run_address>
         <size>0x16</size>
         <input_file_ref idref="fl-ef"/>
      </object_component>
      <object_component id="oc-164">
         <name>.text:strcpy</name>
         <load_address>0x318c</load_address>
         <run_address>0x318c</run_address>
         <size>0x14</size>
         <input_file_ref idref="fl-dd"/>
      </object_component>
      <object_component id="oc-14d">
         <name>.text:strlen</name>
         <load_address>0x31a0</load_address>
         <run_address>0x31a0</run_address>
         <size>0x14</size>
         <input_file_ref idref="fl-de"/>
      </object_component>
      <object_component id="oc-2a4">
         <name>.text:wcslen</name>
         <load_address>0x31b4</load_address>
         <run_address>0x31b4</run_address>
         <size>0x12</size>
         <input_file_ref idref="fl-f1"/>
      </object_component>
      <object_component id="oc-174">
         <name>.text:IntMasterEnable</name>
         <load_address>0x31c6</load_address>
         <run_address>0x31c6</run_address>
         <size>0x10</size>
         <input_file_ref idref="fl-16"/>
      </object_component>
      <object_component id="oc-146">
         <name>.text:lcd_clear</name>
         <load_address>0x31d6</load_address>
         <run_address>0x31d6</run_address>
         <size>0x10</size>
         <input_file_ref idref="fl-5"/>
      </object_component>
      <object_component id="oc-1b">
         <name>.text:decompress:none:__TI_decompress_none</name>
         <load_address>0x31e6</load_address>
         <run_address>0x31e6</run_address>
         <size>0xe</size>
         <input_file_ref idref="fl-d9"/>
      </object_component>
      <object_component id="oc-210">
         <name>.text:CPUcpsie</name>
         <load_address>0x31f4</load_address>
         <run_address>0x31f4</run_address>
         <size>0xc</size>
         <input_file_ref idref="fl-17"/>
      </object_component>
      <object_component id="oc-2a">
         <name>.text</name>
         <load_address>0x3200</load_address>
         <run_address>0x3200</run_address>
         <size>0xc</size>
         <input_file_ref idref="fl-9"/>
      </object_component>
      <object_component id="oc-2aa">
         <name>.text:__aeabi_errno_addr</name>
         <load_address>0x320c</load_address>
         <run_address>0x320c</run_address>
         <size>0x8</size>
         <input_file_ref idref="fl-f0"/>
      </object_component>
      <object_component id="oc-ef">
         <name>.text:malloc</name>
         <load_address>0x3214</load_address>
         <run_address>0x3214</run_address>
         <size>0x8</size>
         <input_file_ref idref="fl-db"/>
      </object_component>
      <object_component id="oc-9c">
         <name>.text:_system_pre_init</name>
         <load_address>0x321c</load_address>
         <run_address>0x321c</run_address>
         <size>0x4</size>
         <input_file_ref idref="fl-e6"/>
      </object_component>
      <object_component id="oc-fb">
         <name>.text:abort:abort</name>
         <load_address>0x3220</load_address>
         <run_address>0x3220</run_address>
         <size>0x4</size>
         <input_file_ref idref="fl-e8"/>
      </object_component>
      <object_component id="oc-2df">
         <name>.const:.string:_ctypes_</name>
         <load_address>0x3224</load_address>
         <run_address>0x3224</run_address>
         <size>0x101</size>
         <input_file_ref idref="fl-ed"/>
      </object_component>
      <object_component id="oc-16a">
         <name>.const:.string:lineAddress$1</name>
         <load_address>0x3325</load_address>
         <run_address>0x3325</run_address>
         <size>0x4</size>
         <input_file_ref idref="fl-5"/>
      </object_component>
      <object_component id="oc-16b">
         <name>.const:.string:lineAddresses$2</name>
         <load_address>0x3329</load_address>
         <run_address>0x3329</run_address>
         <size>0x4</size>
         <input_file_ref idref="fl-5"/>
      </object_component>
      <object_component id="oc-3c8">
         <name>.cinit..data.load</name>
         <load_address>0x3330</load_address>
         <run_address>0x3330</run_address>
         <size>0x12</size>
      </object_component>
      <object_component id="oc-3c5">
         <name>__TI_handler_table</name>
         <load_address>0x3344</load_address>
         <run_address>0x3344</run_address>
         <size>0xc</size>
      </object_component>
      <object_component id="oc-3c9">
         <name>.cinit..bss.load</name>
         <load_address>0x3350</load_address>
         <run_address>0x3350</run_address>
         <size>0x8</size>
      </object_component>
      <object_component id="oc-3c7">
         <name>.cinit..vtable.load</name>
         <load_address>0x3358</load_address>
         <run_address>0x3358</run_address>
         <size>0x8</size>
      </object_component>
      <object_component id="oc-3c6">
         <name>__TI_cinit_table</name>
         <load_address>0x3360</load_address>
         <run_address>0x3360</run_address>
         <size>0x18</size>
      </object_component>
      <object_component id="oc-1d8">
         <name>.vtable</name>
         <uninitialized>true</uninitialized>
         <run_address>0x20000000</run_address>
         <size>0x26c</size>
         <input_file_ref idref="fl-16"/>
      </object_component>
      <object_component id="oc-141">
         <name>.data</name>
         <load_address>0x20002308</load_address>
         <run_address>0x20002308</run_address>
         <size>0x1</size>
         <input_file_ref idref="fl-2"/>
      </object_component>
      <object_component id="oc-f5">
         <name>.data</name>
         <load_address>0x200022e4</load_address>
         <run_address>0x200022e4</run_address>
         <size>0xc</size>
         <input_file_ref idref="fl-a"/>
      </object_component>
      <object_component id="oc-193">
         <name>.data</name>
         <load_address>0x20002300</load_address>
         <run_address>0x20002300</run_address>
         <size>0x4</size>
         <input_file_ref idref="fl-12"/>
      </object_component>
      <object_component id="oc-23f">
         <name>.data:$O1$$</name>
         <load_address>0x200022f8</load_address>
         <run_address>0x200022f8</run_address>
         <size>0x8</size>
         <input_file_ref idref="fl-db"/>
      </object_component>
      <object_component id="oc-1bc">
         <name>.data:$O1$$</name>
         <load_address>0x200022f0</load_address>
         <run_address>0x200022f0</run_address>
         <size>0x8</size>
         <input_file_ref idref="fl-e9"/>
      </object_component>
      <object_component id="oc-346">
         <name>.data</name>
         <load_address>0x20002304</load_address>
         <run_address>0x20002304</run_address>
         <size>0x4</size>
         <input_file_ref idref="fl-f0"/>
      </object_component>
      <object_component id="oc-16c">
         <name>.bss:lastbuffer$3</name>
         <uninitialized>true</uninitialized>
         <run_address>0x20002270</run_address>
         <size>0x54</size>
         <input_file_ref idref="fl-5"/>
      </object_component>
      <object_component id="oc-144">
         <name>.common:_timeout_ticks</name>
         <uninitialized>true</uninitialized>
         <run_address>0x200022c4</run_address>
         <size>0x4</size>
      </object_component>
      <object_component id="oc-219">
         <name>.common:right_calibration_value</name>
         <uninitialized>true</uninitialized>
         <run_address>0x200022d8</run_address>
         <size>0x4</size>
      </object_component>
      <object_component id="oc-21c">
         <name>.common:left_calibration_value</name>
         <uninitialized>true</uninitialized>
         <run_address>0x200022d0</run_address>
         <size>0x4</size>
      </object_component>
      <object_component id="oc-225">
         <name>.common:isr_int_value</name>
         <uninitialized>true</uninitialized>
         <run_address>0x200022cc</run_address>
         <size>0x4</size>
      </object_component>
      <object_component id="oc-221">
         <name>.common:risingEdge</name>
         <uninitialized>true</uninitialized>
         <run_address>0x200022dc</run_address>
         <size>0x4</size>
      </object_component>
      <object_component id="oc-222">
         <name>.common:fallingEdge</name>
         <uninitialized>true</uninitialized>
         <run_address>0x200022c8</run_address>
         <size>0x4</size>
      </object_component>
      <object_component id="oc-223">
         <name>.common:pulseLength</name>
         <uninitialized>true</uninitialized>
         <run_address>0x200022d4</run_address>
         <size>0x4</size>
      </object_component>
      <object_component id="oc-21e">
         <name>.common:isRisingEdge</name>
         <uninitialized>true</uninitialized>
         <run_address>0x200022e0</run_address>
         <size>0x1</size>
      </object_component>
      <object_component id="oc-24">
         <name>.sysmem</name>
         <uninitialized>true</uninitialized>
         <run_address>0x20001270</run_address>
         <size>0x10</size>
         <input_file_ref idref="fl-db"/>
      </object_component>
      <object_component id="oc-3cc">
         <name>.sysmem</name>
         <uninitialized>true</uninitialized>
         <run_address>0x20001270</run_address>
         <size>0x0</size>
      </object_component>
      <object_component id="oc-27">
         <name>.stack</name>
         <uninitialized>true</uninitialized>
         <run_address>0x20000270</run_address>
         <size>0x4</size>
         <input_file_ref idref="fl-df"/>
      </object_component>
      <object_component id="oc-3cb">
         <name>.stack</name>
         <uninitialized>true</uninitialized>
         <run_address>0x20000270</run_address>
         <size>0x0</size>
      </object_component>
      <object_component id="oc-c5">
         <name>.debug_info</name>
         <load_address>0x0</load_address>
         <run_address>0x0</run_address>
         <size>0x2bb</size>
         <input_file_ref idref="fl-2"/>
      </object_component>
      <object_component id="oc-142">
         <name>.debug_info</name>
         <load_address>0x2bb</load_address>
         <run_address>0x2bb</run_address>
         <size>0xc9</size>
         <input_file_ref idref="fl-2"/>
      </object_component>
      <object_component id="oc-d8">
         <name>.debug_info</name>
         <load_address>0x384</load_address>
         <run_address>0x384</run_address>
         <size>0x511</size>
         <input_file_ref idref="fl-2"/>
      </object_component>
      <object_component id="oc-77">
         <name>.debug_info</name>
         <load_address>0x895</load_address>
         <run_address>0x895</run_address>
         <size>0x26b</size>
         <input_file_ref idref="fl-2"/>
      </object_component>
      <object_component id="oc-39">
         <name>.debug_info</name>
         <load_address>0xb00</load_address>
         <run_address>0xb00</run_address>
         <size>0x84</size>
         <input_file_ref idref="fl-2"/>
      </object_component>
      <object_component id="oc-c0">
         <name>.debug_info</name>
         <load_address>0xb84</load_address>
         <run_address>0xb84</run_address>
         <size>0x2a4</size>
         <input_file_ref idref="fl-2"/>
      </object_component>
      <object_component id="oc-7c">
         <name>.debug_info</name>
         <load_address>0xe28</load_address>
         <run_address>0xe28</run_address>
         <size>0xbb</size>
         <input_file_ref idref="fl-2"/>
      </object_component>
      <object_component id="oc-f9">
         <name>.debug_info</name>
         <load_address>0xee3</load_address>
         <run_address>0xee3</run_address>
         <size>0x456</size>
         <input_file_ref idref="fl-3"/>
      </object_component>
      <object_component id="oc-a3">
         <name>.debug_info</name>
         <load_address>0x1339</load_address>
         <run_address>0x1339</run_address>
         <size>0x1b3</size>
         <input_file_ref idref="fl-3"/>
      </object_component>
      <object_component id="oc-1a9">
         <name>.debug_info</name>
         <load_address>0x14ec</load_address>
         <run_address>0x14ec</run_address>
         <size>0x9d</size>
         <input_file_ref idref="fl-3"/>
      </object_component>
      <object_component id="oc-1b3">
         <name>.debug_info</name>
         <load_address>0x1589</load_address>
         <run_address>0x1589</run_address>
         <size>0xcc</size>
         <input_file_ref idref="fl-3"/>
      </object_component>
      <object_component id="oc-16f">
         <name>.debug_info</name>
         <load_address>0x1655</load_address>
         <run_address>0x1655</run_address>
         <size>0x2c</size>
         <input_file_ref idref="fl-3"/>
      </object_component>
      <object_component id="oc-1ae">
         <name>.debug_info</name>
         <load_address>0x1681</load_address>
         <run_address>0x1681</run_address>
         <size>0x35</size>
         <input_file_ref idref="fl-3"/>
      </object_component>
      <object_component id="oc-16e">
         <name>.debug_info</name>
         <load_address>0x16b6</load_address>
         <run_address>0x16b6</run_address>
         <size>0x3ab</size>
         <input_file_ref idref="fl-5"/>
      </object_component>
      <object_component id="oc-148">
         <name>.debug_info</name>
         <load_address>0x1a61</load_address>
         <run_address>0x1a61</run_address>
         <size>0x11e</size>
         <input_file_ref idref="fl-5"/>
      </object_component>
      <object_component id="oc-df">
         <name>.debug_info</name>
         <load_address>0x1b7f</load_address>
         <run_address>0x1b7f</run_address>
         <size>0x97c</size>
         <input_file_ref idref="fl-5"/>
      </object_component>
      <object_component id="oc-17b">
         <name>.debug_info</name>
         <load_address>0x24fb</load_address>
         <run_address>0x24fb</run_address>
         <size>0x8b</size>
         <input_file_ref idref="fl-7"/>
      </object_component>
      <object_component id="oc-21a">
         <name>.debug_info</name>
         <load_address>0x2586</load_address>
         <run_address>0x2586</run_address>
         <size>0x444</size>
         <input_file_ref idref="fl-8"/>
      </object_component>
      <object_component id="oc-32">
         <name>.debug_info</name>
         <load_address>0x29ca</load_address>
         <run_address>0x29ca</run_address>
         <size>0x2a5</size>
         <input_file_ref idref="fl-9"/>
      </object_component>
      <object_component id="oc-13">
         <name>.debug_info</name>
         <load_address>0x2c6f</load_address>
         <run_address>0x2c6f</run_address>
         <size>0xe4</size>
         <input_file_ref idref="fl-9"/>
      </object_component>
      <object_component id="oc-2d">
         <name>.debug_info</name>
         <load_address>0x2d53</load_address>
         <run_address>0x2d53</run_address>
         <size>0x260</size>
         <input_file_ref idref="fl-9"/>
      </object_component>
      <object_component id="oc-180">
         <name>.debug_info</name>
         <load_address>0x2fb3</load_address>
         <run_address>0x2fb3</run_address>
         <size>0x303</size>
         <input_file_ref idref="fl-a"/>
      </object_component>
      <object_component id="oc-f6">
         <name>.debug_info</name>
         <load_address>0x32b6</load_address>
         <run_address>0x32b6</run_address>
         <size>0x165</size>
         <input_file_ref idref="fl-a"/>
      </object_component>
      <object_component id="oc-e7">
         <name>.debug_info</name>
         <load_address>0x341b</load_address>
         <run_address>0x341b</run_address>
         <size>0x43e</size>
         <input_file_ref idref="fl-a"/>
      </object_component>
      <object_component id="oc-197">
         <name>.debug_info</name>
         <load_address>0x3859</load_address>
         <run_address>0x3859</run_address>
         <size>0x485</size>
         <input_file_ref idref="fl-12"/>
      </object_component>
      <object_component id="oc-194">
         <name>.debug_info</name>
         <load_address>0x3cde</load_address>
         <run_address>0x3cde</run_address>
         <size>0x114</size>
         <input_file_ref idref="fl-12"/>
      </object_component>
      <object_component id="oc-eb">
         <name>.debug_info</name>
         <load_address>0x3df2</load_address>
         <run_address>0x3df2</run_address>
         <size>0x4ce</size>
         <input_file_ref idref="fl-12"/>
      </object_component>
      <object_component id="oc-199">
         <name>.debug_info</name>
         <load_address>0x42c0</load_address>
         <run_address>0x42c0</run_address>
         <size>0x9d</size>
         <input_file_ref idref="fl-12"/>
      </object_component>
      <object_component id="oc-226">
         <name>.debug_info</name>
         <load_address>0x435d</load_address>
         <run_address>0x435d</run_address>
         <size>0x2b7</size>
         <input_file_ref idref="fl-13"/>
      </object_component>
      <object_component id="oc-18f">
         <name>.debug_info</name>
         <load_address>0x4614</load_address>
         <run_address>0x4614</run_address>
         <size>0x266</size>
         <input_file_ref idref="fl-13"/>
      </object_component>
      <object_component id="oc-21f">
         <name>.debug_info</name>
         <load_address>0x487a</load_address>
         <run_address>0x487a</run_address>
         <size>0x3ba</size>
         <input_file_ref idref="fl-14"/>
      </object_component>
      <object_component id="oc-18a">
         <name>.debug_info</name>
         <load_address>0x4c34</load_address>
         <run_address>0x4c34</run_address>
         <size>0x270</size>
         <input_file_ref idref="fl-14"/>
      </object_component>
      <object_component id="oc-182">
         <name>.debug_info</name>
         <load_address>0x4ea4</load_address>
         <run_address>0x4ea4</run_address>
         <size>0x296</size>
         <input_file_ref idref="fl-15"/>
      </object_component>
      <object_component id="oc-1e1">
         <name>.debug_info</name>
         <load_address>0x513a</load_address>
         <run_address>0x513a</run_address>
         <size>0x3b7</size>
         <input_file_ref idref="fl-16"/>
      </object_component>
      <object_component id="oc-1d9">
         <name>.debug_info</name>
         <load_address>0x54f1</load_address>
         <run_address>0x54f1</run_address>
         <size>0x160</size>
         <input_file_ref idref="fl-16"/>
      </object_component>
      <object_component id="oc-13c">
         <name>.debug_info</name>
         <load_address>0x5651</load_address>
         <run_address>0x5651</run_address>
         <size>0x2ca</size>
         <input_file_ref idref="fl-16"/>
      </object_component>
      <object_component id="oc-175">
         <name>.debug_info</name>
         <load_address>0x591b</load_address>
         <run_address>0x591b</run_address>
         <size>0x247</size>
         <input_file_ref idref="fl-16"/>
      </object_component>
      <object_component id="oc-26d">
         <name>.debug_info</name>
         <load_address>0x5b62</load_address>
         <run_address>0x5b62</run_address>
         <size>0x26b</size>
         <input_file_ref idref="fl-16"/>
      </object_component>
      <object_component id="oc-266">
         <name>.debug_info</name>
         <load_address>0x5dcd</load_address>
         <run_address>0x5dcd</run_address>
         <size>0x297</size>
         <input_file_ref idref="fl-16"/>
      </object_component>
      <object_component id="oc-1dc">
         <name>.debug_info</name>
         <load_address>0x6064</load_address>
         <run_address>0x6064</run_address>
         <size>0xbb</size>
         <input_file_ref idref="fl-16"/>
      </object_component>
      <object_component id="oc-211">
         <name>.debug_info</name>
         <load_address>0x611f</load_address>
         <run_address>0x611f</run_address>
         <size>0x21b</size>
         <input_file_ref idref="fl-17"/>
      </object_component>
      <object_component id="oc-200">
         <name>.debug_info</name>
         <load_address>0x633a</load_address>
         <run_address>0x633a</run_address>
         <size>0x2c</size>
         <input_file_ref idref="fl-cd"/>
      </object_component>
      <object_component id="oc-1ff">
         <name>.debug_info</name>
         <load_address>0x6366</load_address>
         <run_address>0x6366</run_address>
         <size>0x340</size>
         <input_file_ref idref="fl-ce"/>
      </object_component>
      <object_component id="oc-15b">
         <name>.debug_info</name>
         <load_address>0x66a6</load_address>
         <run_address>0x66a6</run_address>
         <size>0x208</size>
         <input_file_ref idref="fl-ce"/>
      </object_component>
      <object_component id="oc-1f6">
         <name>.debug_info</name>
         <load_address>0x68ae</load_address>
         <run_address>0x68ae</run_address>
         <size>0x1c6</size>
         <input_file_ref idref="fl-ce"/>
      </object_component>
      <object_component id="oc-1fc">
         <name>.debug_info</name>
         <load_address>0x6a74</load_address>
         <run_address>0x6a74</run_address>
         <size>0x179</size>
         <input_file_ref idref="fl-ce"/>
      </object_component>
      <object_component id="oc-205">
         <name>.debug_info</name>
         <load_address>0x6bed</load_address>
         <run_address>0x6bed</run_address>
         <size>0x69</size>
         <input_file_ref idref="fl-ce"/>
      </object_component>
      <object_component id="oc-30c">
         <name>.debug_info</name>
         <load_address>0x6c56</load_address>
         <run_address>0x6c56</run_address>
         <size>0x14c</size>
         <input_file_ref idref="fl-cf"/>
      </object_component>
      <object_component id="oc-284">
         <name>.debug_info</name>
         <load_address>0x6da2</load_address>
         <run_address>0x6da2</run_address>
         <size>0x128</size>
         <input_file_ref idref="fl-d0"/>
      </object_component>
      <object_component id="oc-2f7">
         <name>.debug_info</name>
         <load_address>0x6eca</load_address>
         <run_address>0x6eca</run_address>
         <size>0x12a</size>
         <input_file_ref idref="fl-d0"/>
      </object_component>
      <object_component id="oc-2f2">
         <name>.debug_info</name>
         <load_address>0x6ff4</load_address>
         <run_address>0x6ff4</run_address>
         <size>0x13a</size>
         <input_file_ref idref="fl-d1"/>
      </object_component>
      <object_component id="oc-2ed">
         <name>.debug_info</name>
         <load_address>0x712e</load_address>
         <run_address>0x712e</run_address>
         <size>0x13a</size>
         <input_file_ref idref="fl-d2"/>
      </object_component>
      <object_component id="oc-308">
         <name>.debug_info</name>
         <load_address>0x7268</load_address>
         <run_address>0x7268</run_address>
         <size>0x12c</size>
         <input_file_ref idref="fl-d5"/>
      </object_component>
      <object_component id="oc-41">
         <name>.debug_info</name>
         <load_address>0x7394</load_address>
         <run_address>0x7394</run_address>
         <size>0x119</size>
         <input_file_ref idref="fl-d6"/>
      </object_component>
      <object_component id="oc-154">
         <name>.debug_info</name>
         <load_address>0x74ad</load_address>
         <run_address>0x74ad</run_address>
         <size>0x142</size>
         <input_file_ref idref="fl-d7"/>
      </object_component>
      <object_component id="oc-95">
         <name>.debug_info</name>
         <load_address>0x75ef</load_address>
         <run_address>0x75ef</run_address>
         <size>0x2d4</size>
         <input_file_ref idref="fl-d8"/>
      </object_component>
      <object_component id="oc-4b">
         <name>.debug_info</name>
         <load_address>0x78c3</load_address>
         <run_address>0x78c3</run_address>
         <size>0x1d2</size>
         <input_file_ref idref="fl-d8"/>
      </object_component>
      <object_component id="oc-90">
         <name>.debug_info</name>
         <load_address>0x7a95</load_address>
         <run_address>0x7a95</run_address>
         <size>0x46</size>
         <input_file_ref idref="fl-d8"/>
      </object_component>
      <object_component id="oc-ce">
         <name>.debug_info</name>
         <load_address>0x7adb</load_address>
         <run_address>0x7adb</run_address>
         <size>0x2c</size>
         <input_file_ref idref="fl-d8"/>
      </object_component>
      <object_component id="oc-49">
         <name>.debug_info</name>
         <load_address>0x7b07</load_address>
         <run_address>0x7b07</run_address>
         <size>0x2a8</size>
         <input_file_ref idref="fl-d9"/>
      </object_component>
      <object_component id="oc-1c">
         <name>.debug_info</name>
         <load_address>0x7daf</load_address>
         <run_address>0x7daf</run_address>
         <size>0x1ea</size>
         <input_file_ref idref="fl-d9"/>
      </object_component>
      <object_component id="oc-44">
         <name>.debug_info</name>
         <load_address>0x7f99</load_address>
         <run_address>0x7f99</run_address>
         <size>0x46</size>
         <input_file_ref idref="fl-d9"/>
      </object_component>
      <object_component id="oc-88">
         <name>.debug_info</name>
         <load_address>0x7fdf</load_address>
         <run_address>0x7fdf</run_address>
         <size>0x2c</size>
         <input_file_ref idref="fl-d9"/>
      </object_component>
      <object_component id="oc-86">
         <name>.debug_info</name>
         <load_address>0x800b</load_address>
         <run_address>0x800b</run_address>
         <size>0x29e</size>
         <input_file_ref idref="fl-da"/>
      </object_component>
      <object_component id="oc-17">
         <name>.debug_info</name>
         <load_address>0x82a9</load_address>
         <run_address>0x82a9</run_address>
         <size>0x250</size>
         <input_file_ref idref="fl-da"/>
      </object_component>
      <object_component id="oc-34">
         <name>.debug_info</name>
         <load_address>0x84f9</load_address>
         <run_address>0x84f9</run_address>
         <size>0x60</size>
         <input_file_ref idref="fl-da"/>
      </object_component>
      <object_component id="oc-c7">
         <name>.debug_info</name>
         <load_address>0x8559</load_address>
         <run_address>0x8559</run_address>
         <size>0x46</size>
         <input_file_ref idref="fl-da"/>
      </object_component>
      <object_component id="oc-81">
         <name>.debug_info</name>
         <load_address>0x859f</load_address>
         <run_address>0x859f</run_address>
         <size>0x39</size>
         <input_file_ref idref="fl-da"/>
      </object_component>
      <object_component id="oc-70">
         <name>.debug_info</name>
         <load_address>0x85d8</load_address>
         <run_address>0x85d8</run_address>
         <size>0x3b2</size>
         <input_file_ref idref="fl-db"/>
      </object_component>
      <object_component id="oc-25">
         <name>.debug_info</name>
         <load_address>0x898a</load_address>
         <run_address>0x898a</run_address>
         <size>0x10c</size>
         <input_file_ref idref="fl-db"/>
      </object_component>
      <object_component id="oc-240">
         <name>.debug_info</name>
         <load_address>0x8a96</load_address>
         <run_address>0x8a96</run_address>
         <size>0x13f</size>
         <input_file_ref idref="fl-db"/>
      </object_component>
      <object_component id="oc-f3">
         <name>.debug_info</name>
         <load_address>0x8bd5</load_address>
         <run_address>0x8bd5</run_address>
         <size>0x168</size>
         <input_file_ref idref="fl-db"/>
      </object_component>
      <object_component id="oc-231">
         <name>.debug_info</name>
         <load_address>0x8d3d</load_address>
         <run_address>0x8d3d</run_address>
         <size>0x18e</size>
         <input_file_ref idref="fl-db"/>
      </object_component>
      <object_component id="oc-237">
         <name>.debug_info</name>
         <load_address>0x8ecb</load_address>
         <run_address>0x8ecb</run_address>
         <size>0x19f</size>
         <input_file_ref idref="fl-db"/>
      </object_component>
      <object_component id="oc-23c">
         <name>.debug_info</name>
         <load_address>0x906a</load_address>
         <run_address>0x906a</run_address>
         <size>0x1db</size>
         <input_file_ref idref="fl-db"/>
      </object_component>
      <object_component id="oc-1a1">
         <name>.debug_info</name>
         <load_address>0x9245</load_address>
         <run_address>0x9245</run_address>
         <size>0x299</size>
         <input_file_ref idref="fl-db"/>
      </object_component>
      <object_component id="oc-bb">
         <name>.debug_info</name>
         <load_address>0x94de</load_address>
         <run_address>0x94de</run_address>
         <size>0xb2</size>
         <input_file_ref idref="fl-db"/>
      </object_component>
      <object_component id="oc-b6">
         <name>.debug_info</name>
         <load_address>0x9590</load_address>
         <run_address>0x9590</run_address>
         <size>0x2c</size>
         <input_file_ref idref="fl-db"/>
      </object_component>
      <object_component id="oc-20b">
         <name>.debug_info</name>
         <load_address>0x95bc</load_address>
         <run_address>0x95bc</run_address>
         <size>0x28a</size>
         <input_file_ref idref="fl-dc"/>
      </object_component>
      <object_component id="oc-162">
         <name>.debug_info</name>
         <load_address>0x9846</load_address>
         <run_address>0x9846</run_address>
         <size>0x273</size>
         <input_file_ref idref="fl-dc"/>
      </object_component>
      <object_component id="oc-20d">
         <name>.debug_info</name>
         <load_address>0x9ab9</load_address>
         <run_address>0x9ab9</run_address>
         <size>0x2a4</size>
         <input_file_ref idref="fl-dd"/>
      </object_component>
      <object_component id="oc-166">
         <name>.debug_info</name>
         <load_address>0x9d5d</load_address>
         <run_address>0x9d5d</run_address>
         <size>0x24d</size>
         <input_file_ref idref="fl-dd"/>
      </object_component>
      <object_component id="oc-1e5">
         <name>.debug_info</name>
         <load_address>0x9faa</load_address>
         <run_address>0x9faa</run_address>
         <size>0x28f</size>
         <input_file_ref idref="fl-de"/>
      </object_component>
      <object_component id="oc-14f">
         <name>.debug_info</name>
         <load_address>0xa239</load_address>
         <run_address>0xa239</run_address>
         <size>0x245</size>
         <input_file_ref idref="fl-de"/>
      </object_component>
      <object_component id="oc-28">
         <name>.debug_info</name>
         <load_address>0xa47e</load_address>
         <run_address>0xa47e</run_address>
         <size>0x10b</size>
         <input_file_ref idref="fl-df"/>
      </object_component>
      <object_component id="oc-5d">
         <name>.debug_info</name>
         <load_address>0xa589</load_address>
         <run_address>0xa589</run_address>
         <size>0x1a9</size>
         <input_file_ref idref="fl-df"/>
      </object_component>
      <object_component id="oc-2b1">
         <name>.debug_info</name>
         <load_address>0xa732</load_address>
         <run_address>0xa732</run_address>
         <size>0x590</size>
         <input_file_ref idref="fl-e0"/>
      </object_component>
      <object_component id="oc-27d">
         <name>.debug_info</name>
         <load_address>0xacc2</load_address>
         <run_address>0xacc2</run_address>
         <size>0x21e</size>
         <input_file_ref idref="fl-e0"/>
      </object_component>
      <object_component id="oc-311">
         <name>.debug_info</name>
         <load_address>0xaee0</load_address>
         <run_address>0xaee0</run_address>
         <size>0x1b3</size>
         <input_file_ref idref="fl-e0"/>
      </object_component>
      <object_component id="oc-317">
         <name>.debug_info</name>
         <load_address>0xb093</load_address>
         <run_address>0xb093</run_address>
         <size>0x21b</size>
         <input_file_ref idref="fl-e0"/>
      </object_component>
      <object_component id="oc-288">
         <name>.debug_info</name>
         <load_address>0xb2ae</load_address>
         <run_address>0xb2ae</run_address>
         <size>0x3c0</size>
         <input_file_ref idref="fl-e0"/>
      </object_component>
      <object_component id="oc-31d">
         <name>.debug_info</name>
         <load_address>0xb66e</load_address>
         <run_address>0xb66e</run_address>
         <size>0x30a</size>
         <input_file_ref idref="fl-e0"/>
      </object_component>
      <object_component id="oc-323">
         <name>.debug_info</name>
         <load_address>0xb978</load_address>
         <run_address>0xb978</run_address>
         <size>0x215</size>
         <input_file_ref idref="fl-e0"/>
      </object_component>
      <object_component id="oc-28e">
         <name>.debug_info</name>
         <load_address>0xbb8d</load_address>
         <run_address>0xbb8d</run_address>
         <size>0x215</size>
         <input_file_ref idref="fl-e0"/>
      </object_component>
      <object_component id="oc-293">
         <name>.debug_info</name>
         <load_address>0xbda2</load_address>
         <run_address>0xbda2</run_address>
         <size>0x304</size>
         <input_file_ref idref="fl-e0"/>
      </object_component>
      <object_component id="oc-299">
         <name>.debug_info</name>
         <load_address>0xc0a6</load_address>
         <run_address>0xc0a6</run_address>
         <size>0x4b5</size>
         <input_file_ref idref="fl-e0"/>
      </object_component>
      <object_component id="oc-1ed">
         <name>.debug_info</name>
         <load_address>0xc55b</load_address>
         <run_address>0xc55b</run_address>
         <size>0x5f4</size>
         <input_file_ref idref="fl-e0"/>
      </object_component>
      <object_component id="oc-2b2">
         <name>.debug_info</name>
         <load_address>0xcb4f</load_address>
         <run_address>0xcb4f</run_address>
         <size>0x86</size>
         <input_file_ref idref="fl-e0"/>
      </object_component>
      <object_component id="oc-34d">
         <name>.debug_info</name>
         <load_address>0xcbd5</load_address>
         <run_address>0xcbd5</run_address>
         <size>0x39</size>
         <input_file_ref idref="fl-e0"/>
      </object_component>
      <object_component id="oc-387">
         <name>.debug_info</name>
         <load_address>0xcc0e</load_address>
         <run_address>0xcc0e</run_address>
         <size>0xb6</size>
         <input_file_ref idref="fl-e0"/>
      </object_component>
      <object_component id="oc-352">
         <name>.debug_info</name>
         <load_address>0xccc4</load_address>
         <run_address>0xccc4</run_address>
         <size>0x46</size>
         <input_file_ref idref="fl-e0"/>
      </object_component>
      <object_component id="oc-2b7">
         <name>.debug_info</name>
         <load_address>0xcd0a</load_address>
         <run_address>0xcd0a</run_address>
         <size>0x46</size>
         <input_file_ref idref="fl-e0"/>
      </object_component>
      <object_component id="oc-1e7">
         <name>.debug_info</name>
         <load_address>0xcd50</load_address>
         <run_address>0xcd50</run_address>
         <size>0x115</size>
         <input_file_ref idref="fl-e1"/>
      </object_component>
      <object_component id="oc-2fb">
         <name>.debug_info</name>
         <load_address>0xce65</load_address>
         <run_address>0xce65</run_address>
         <size>0x12e</size>
         <input_file_ref idref="fl-e2"/>
      </object_component>
      <object_component id="oc-97">
         <name>.debug_info</name>
         <load_address>0xcf93</load_address>
         <run_address>0xcf93</run_address>
         <size>0x147</size>
         <input_file_ref idref="fl-e3"/>
      </object_component>
      <object_component id="oc-2e7">
         <name>.debug_info</name>
         <load_address>0xd0da</load_address>
         <run_address>0xd0da</run_address>
         <size>0x134</size>
         <input_file_ref idref="fl-e4"/>
      </object_component>
      <object_component id="oc-1c3">
         <name>.debug_info</name>
         <load_address>0xd20e</load_address>
         <run_address>0xd20e</run_address>
         <size>0x4b3</size>
         <input_file_ref idref="fl-e5"/>
      </object_component>
      <object_component id="oc-108">
         <name>.debug_info</name>
         <load_address>0xd6c1</load_address>
         <run_address>0xd6c1</run_address>
         <size>0x1a6</size>
         <input_file_ref idref="fl-e5"/>
      </object_component>
      <object_component id="oc-253">
         <name>.debug_info</name>
         <load_address>0xd867</load_address>
         <run_address>0xd867</run_address>
         <size>0x39</size>
         <input_file_ref idref="fl-e5"/>
      </object_component>
      <object_component id="oc-2d3">
         <name>.debug_info</name>
         <load_address>0xd8a0</load_address>
         <run_address>0xd8a0</run_address>
         <size>0x39</size>
         <input_file_ref idref="fl-e5"/>
      </object_component>
      <object_component id="oc-258">
         <name>.debug_info</name>
         <load_address>0xd8d9</load_address>
         <run_address>0xd8d9</run_address>
         <size>0x39</size>
         <input_file_ref idref="fl-e5"/>
      </object_component>
      <object_component id="oc-25d">
         <name>.debug_info</name>
         <load_address>0xd912</load_address>
         <run_address>0xd912</run_address>
         <size>0xcd</size>
         <input_file_ref idref="fl-e5"/>
      </object_component>
      <object_component id="oc-9d">
         <name>.debug_info</name>
         <load_address>0xd9df</load_address>
         <run_address>0xd9df</run_address>
         <size>0x153</size>
         <input_file_ref idref="fl-e6"/>
      </object_component>
      <object_component id="oc-ff">
         <name>.debug_info</name>
         <load_address>0xdb32</load_address>
         <run_address>0xdb32</run_address>
         <size>0x122</size>
         <input_file_ref idref="fl-e8"/>
      </object_component>
      <object_component id="oc-24d">
         <name>.debug_info</name>
         <load_address>0xdc54</load_address>
         <run_address>0xdc54</run_address>
         <size>0x2c9</size>
         <input_file_ref idref="fl-e9"/>
      </object_component>
      <object_component id="oc-1bd">
         <name>.debug_info</name>
         <load_address>0xdf1d</load_address>
         <run_address>0xdf1d</run_address>
         <size>0x11e</size>
         <input_file_ref idref="fl-e9"/>
      </object_component>
      <object_component id="oc-247">
         <name>.debug_info</name>
         <load_address>0xe03b</load_address>
         <run_address>0xe03b</run_address>
         <size>0x12e</size>
         <input_file_ref idref="fl-e9"/>
      </object_component>
      <object_component id="oc-362">
         <name>.debug_info</name>
         <load_address>0xe169</load_address>
         <run_address>0xe169</run_address>
         <size>0x29c</size>
         <input_file_ref idref="fl-ea"/>
      </object_component>
      <object_component id="oc-301">
         <name>.debug_info</name>
         <load_address>0xe405</load_address>
         <run_address>0xe405</run_address>
         <size>0x1da</size>
         <input_file_ref idref="fl-ea"/>
      </object_component>
      <object_component id="oc-2e3">
         <name>.debug_info</name>
         <load_address>0xe5df</load_address>
         <run_address>0xe5df</run_address>
         <size>0x2b9</size>
         <input_file_ref idref="fl-ec"/>
      </object_component>
      <object_component id="oc-276">
         <name>.debug_info</name>
         <load_address>0xe898</load_address>
         <run_address>0xe898</run_address>
         <size>0x17c</size>
         <input_file_ref idref="fl-ec"/>
      </object_component>
      <object_component id="oc-359">
         <name>.debug_info</name>
         <load_address>0xea14</load_address>
         <run_address>0xea14</run_address>
         <size>0xf9</size>
         <input_file_ref idref="fl-ed"/>
      </object_component>
      <object_component id="oc-2e0">
         <name>.debug_info</name>
         <load_address>0xeb0d</load_address>
         <run_address>0xeb0d</run_address>
         <size>0x105</size>
         <input_file_ref idref="fl-ed"/>
      </object_component>
      <object_component id="oc-33e">
         <name>.debug_info</name>
         <load_address>0xec12</load_address>
         <run_address>0xec12</run_address>
         <size>0x2a7</size>
         <input_file_ref idref="fl-ee"/>
      </object_component>
      <object_component id="oc-2a1">
         <name>.debug_info</name>
         <load_address>0xeeb9</load_address>
         <run_address>0xeeb9</run_address>
         <size>0x1b8</size>
         <input_file_ref idref="fl-ee"/>
      </object_component>
      <object_component id="oc-379">
         <name>.debug_info</name>
         <load_address>0xf071</load_address>
         <run_address>0xf071</run_address>
         <size>0x29a</size>
         <input_file_ref idref="fl-ef"/>
      </object_component>
      <object_component id="oc-337">
         <name>.debug_info</name>
         <load_address>0xf30b</load_address>
         <run_address>0xf30b</run_address>
         <size>0x262</size>
         <input_file_ref idref="fl-ef"/>
      </object_component>
      <object_component id="oc-34a">
         <name>.debug_info</name>
         <load_address>0xf56d</load_address>
         <run_address>0xf56d</run_address>
         <size>0x289</size>
         <input_file_ref idref="fl-f0"/>
      </object_component>
      <object_component id="oc-347">
         <name>.debug_info</name>
         <load_address>0xf7f6</load_address>
         <run_address>0xf7f6</run_address>
         <size>0x10e</size>
         <input_file_ref idref="fl-f0"/>
      </object_component>
      <object_component id="oc-2ab">
         <name>.debug_info</name>
         <load_address>0xf904</load_address>
         <run_address>0xf904</run_address>
         <size>0x14e</size>
         <input_file_ref idref="fl-f0"/>
      </object_component>
      <object_component id="oc-345">
         <name>.debug_info</name>
         <load_address>0xfa52</load_address>
         <run_address>0xfa52</run_address>
         <size>0x28f</size>
         <input_file_ref idref="fl-f1"/>
      </object_component>
      <object_component id="oc-2a7">
         <name>.debug_info</name>
         <load_address>0xfce1</load_address>
         <run_address>0xfce1</run_address>
         <size>0x15a</size>
         <input_file_ref idref="fl-f1"/>
      </object_component>
      <object_component id="oc-37c">
         <name>.debug_info</name>
         <load_address>0xfe3b</load_address>
         <run_address>0xfe3b</run_address>
         <size>0x46</size>
         <input_file_ref idref="fl-f1"/>
      </object_component>
      <object_component id="oc-340">
         <name>.debug_info</name>
         <load_address>0xfe81</load_address>
         <run_address>0xfe81</run_address>
         <size>0x39</size>
         <input_file_ref idref="fl-f1"/>
      </object_component>
      <object_component id="oc-36a">
         <name>.debug_info</name>
         <load_address>0xfeba</load_address>
         <run_address>0xfeba</run_address>
         <size>0x295</size>
         <input_file_ref idref="fl-f2"/>
      </object_component>
      <object_component id="oc-32d">
         <name>.debug_info</name>
         <load_address>0x1014f</load_address>
         <run_address>0x1014f</run_address>
         <size>0x195</size>
         <input_file_ref idref="fl-f2"/>
      </object_component>
      <object_component id="oc-392">
         <name>.debug_info</name>
         <load_address>0x102e4</load_address>
         <run_address>0x102e4</run_address>
         <size>0x39</size>
         <input_file_ref idref="fl-f2"/>
      </object_component>
      <object_component id="oc-36b">
         <name>.debug_info</name>
         <load_address>0x1031d</load_address>
         <run_address>0x1031d</run_address>
         <size>0x2c</size>
         <input_file_ref idref="fl-f2"/>
      </object_component>
      <object_component id="oc-377">
         <name>.debug_info</name>
         <load_address>0x10349</load_address>
         <run_address>0x10349</run_address>
         <size>0x2f8</size>
         <input_file_ref idref="fl-f3"/>
      </object_component>
      <object_component id="oc-331">
         <name>.debug_info</name>
         <load_address>0x10641</load_address>
         <run_address>0x10641</run_address>
         <size>0x225</size>
         <input_file_ref idref="fl-f3"/>
      </object_component>
      <object_component id="oc-372">
         <name>.debug_info</name>
         <load_address>0x10866</load_address>
         <run_address>0x10866</run_address>
         <size>0x161</size>
         <input_file_ref idref="fl-f4"/>
      </object_component>
      <object_component id="oc-3cd">
         <name>.debug_info</name>
         <load_address>0x109c7</load_address>
         <run_address>0x109c7</run_address>
         <size>0x97</size>
      </object_component>
      <object_component id="oc-13a">
         <name>.debug_line</name>
         <load_address>0x0</load_address>
         <run_address>0x0</run_address>
         <size>0x69</size>
         <input_file_ref idref="fl-2"/>
      </object_component>
      <object_component id="oc-1e3">
         <name>.debug_line</name>
         <load_address>0x69</load_address>
         <run_address>0x69</run_address>
         <size>0x2e</size>
         <input_file_ref idref="fl-2"/>
      </object_component>
      <object_component id="oc-dc">
         <name>.debug_line</name>
         <load_address>0x97</load_address>
         <run_address>0x97</run_address>
         <size>0x179</size>
         <input_file_ref idref="fl-2"/>
      </object_component>
      <object_component id="oc-7a">
         <name>.debug_line</name>
         <load_address>0x210</load_address>
         <run_address>0x210</run_address>
         <size>0x6f</size>
         <input_file_ref idref="fl-2"/>
      </object_component>
      <object_component id="oc-3c">
         <name>.debug_line</name>
         <load_address>0x27f</load_address>
         <run_address>0x27f</run_address>
         <size>0x20</size>
         <input_file_ref idref="fl-2"/>
      </object_component>
      <object_component id="oc-c3">
         <name>.debug_line</name>
         <load_address>0x29f</load_address>
         <run_address>0x29f</run_address>
         <size>0x73</size>
         <input_file_ref idref="fl-2"/>
      </object_component>
      <object_component id="oc-7f">
         <name>.debug_line</name>
         <load_address>0x312</load_address>
         <run_address>0x312</run_address>
         <size>0x70</size>
         <input_file_ref idref="fl-2"/>
      </object_component>
      <object_component id="oc-1a8">
         <name>.debug_line</name>
         <load_address>0x382</load_address>
         <run_address>0x382</run_address>
         <size>0xcf</size>
         <input_file_ref idref="fl-3"/>
      </object_component>
      <object_component id="oc-a7">
         <name>.debug_line</name>
         <load_address>0x451</load_address>
         <run_address>0x451</run_address>
         <size>0x74</size>
         <input_file_ref idref="fl-3"/>
      </object_component>
      <object_component id="oc-1ac">
         <name>.debug_line</name>
         <load_address>0x4c5</load_address>
         <run_address>0x4c5</run_address>
         <size>0x33</size>
         <input_file_ref idref="fl-3"/>
      </object_component>
      <object_component id="oc-1b6">
         <name>.debug_line</name>
         <load_address>0x4f8</load_address>
         <run_address>0x4f8</run_address>
         <size>0x6a</size>
         <input_file_ref idref="fl-3"/>
      </object_component>
      <object_component id="oc-172">
         <name>.debug_line</name>
         <load_address>0x562</load_address>
         <run_address>0x562</run_address>
         <size>0x6b</size>
         <input_file_ref idref="fl-3"/>
      </object_component>
      <object_component id="oc-1b1">
         <name>.debug_line</name>
         <load_address>0x5cd</load_address>
         <run_address>0x5cd</run_address>
         <size>0x74</size>
         <input_file_ref idref="fl-3"/>
      </object_component>
      <object_component id="oc-20f">
         <name>.debug_line</name>
         <load_address>0x641</load_address>
         <run_address>0x641</run_address>
         <size>0xc3</size>
         <input_file_ref idref="fl-5"/>
      </object_component>
      <object_component id="oc-14b">
         <name>.debug_line</name>
         <load_address>0x704</load_address>
         <run_address>0x704</run_address>
         <size>0x45</size>
         <input_file_ref idref="fl-5"/>
      </object_component>
      <object_component id="oc-de">
         <name>.debug_line</name>
         <load_address>0x749</load_address>
         <run_address>0x749</run_address>
         <size>0x1d1</size>
         <input_file_ref idref="fl-5"/>
      </object_component>
      <object_component id="oc-17e">
         <name>.debug_line</name>
         <load_address>0x91a</load_address>
         <run_address>0x91a</run_address>
         <size>0x20</size>
         <input_file_ref idref="fl-7"/>
      </object_component>
      <object_component id="oc-2c6">
         <name>.debug_line</name>
         <load_address>0x93a</load_address>
         <run_address>0x93a</run_address>
         <size>0xdb</size>
         <input_file_ref idref="fl-8"/>
      </object_component>
      <object_component id="oc-76">
         <name>.debug_line</name>
         <load_address>0xa15</load_address>
         <run_address>0xa15</run_address>
         <size>0x41</size>
         <input_file_ref idref="fl-9"/>
      </object_component>
      <object_component id="oc-31">
         <name>.debug_line</name>
         <load_address>0xa56</load_address>
         <run_address>0xa56</run_address>
         <size>0x41</size>
         <input_file_ref idref="fl-9"/>
      </object_component>
      <object_component id="oc-2b">
         <name>.debug_line</name>
         <load_address>0xa97</load_address>
         <run_address>0xa97</run_address>
         <size>0xa1</size>
         <input_file_ref idref="fl-9"/>
      </object_component>
      <object_component id="oc-218">
         <name>.debug_line</name>
         <load_address>0xb38</load_address>
         <run_address>0xb38</run_address>
         <size>0x69</size>
         <input_file_ref idref="fl-a"/>
      </object_component>
      <object_component id="oc-1a6">
         <name>.debug_line</name>
         <load_address>0xba1</load_address>
         <run_address>0xba1</run_address>
         <size>0x37</size>
         <input_file_ref idref="fl-a"/>
      </object_component>
      <object_component id="oc-e6">
         <name>.debug_line</name>
         <load_address>0xbd8</load_address>
         <run_address>0xbd8</run_address>
         <size>0x119</size>
         <input_file_ref idref="fl-a"/>
      </object_component>
      <object_component id="oc-22c">
         <name>.debug_line</name>
         <load_address>0xcf1</load_address>
         <run_address>0xcf1</run_address>
         <size>0x73</size>
         <input_file_ref idref="fl-12"/>
      </object_component>
      <object_component id="oc-22a">
         <name>.debug_line</name>
         <load_address>0xd64</load_address>
         <run_address>0xd64</run_address>
         <size>0x33</size>
         <input_file_ref idref="fl-12"/>
      </object_component>
      <object_component id="oc-ed">
         <name>.debug_line</name>
         <load_address>0xd97</load_address>
         <run_address>0xd97</run_address>
         <size>0x120</size>
         <input_file_ref idref="fl-12"/>
      </object_component>
      <object_component id="oc-19c">
         <name>.debug_line</name>
         <load_address>0xeb7</load_address>
         <run_address>0xeb7</run_address>
         <size>0x33</size>
         <input_file_ref idref="fl-12"/>
      </object_component>
      <object_component id="oc-2ca">
         <name>.debug_line</name>
         <load_address>0xeea</load_address>
         <run_address>0xeea</run_address>
         <size>0x2b</size>
         <input_file_ref idref="fl-13"/>
      </object_component>
      <object_component id="oc-191">
         <name>.debug_line</name>
         <load_address>0xf15</load_address>
[...]
      </symbol>
      <symbol id="sm-e">
         <name>__TI_pprof_out_hndl</name>
         <value>0xffffffff</value>
      </symbol>
      <symbol id="sm-f">
         <name>__TI_prof_data_start</name>
         <value>0xffffffff</value>
      </symbol>
      <symbol id="sm-10">
         <name>__TI_prof_data_size</name>
         <value>0xffffffff</value>
      </symbol>
      <symbol id="sm-76">
         <name>_timeout_ticks</name>
         <value>0x200022c4</value>
      </symbol>
      <symbol id="sm-77">
         <name>timer_pause</name>
         <value>0x15a3</value>
         <object_component_ref idref="oc-d7"/>
      </symbol>
      <symbol id="sm-78">
         <name>timer_resume</name>
         <value>0x15b5</value>
         <object_component_ref idref="oc-d7"/>
      </symbol>
      <symbol id="sm-79">
         <name>timer_getMillis</name>
         <value>0x15c7</value>
         <object_component_ref idref="oc-d7"/>
      </symbol>
      <symbol id="sm-7a">
         <name>_running</name>
         <value>0x20002308</value>
         <object_component_ref idref="oc-141"/>
      </symbol>
      <symbol id="sm-7b">
         <name>timer_init</name>
         <value>0x1501</value>
         <object_component_ref idref="oc-d7"/>
      </symbol>
      <symbol id="sm-7c">
         <name>timer_stop</name>
         <value>0x1579</value>
         <object_component_ref idref="oc-d7"/>
      </symbol>
      <symbol id="sm-7d">
         <name>timer_getMicros</name>
         <value>0x161f</value>
         <object_component_ref idref="oc-d7"/>
      </symbol>
      <symbol id="sm-7e">
         <name>timer_waitMillis</name>
         <value>0x16ab</value>
         <object_component_ref idref="oc-d7"/>
      </symbol>
      <symbol id="sm-7f">
         <name>timer_waitMicros</name>
         <value>0x1679</value>
         <object_component_ref idref="oc-d7"/>
      </symbol>
      <symbol id="sm-a7">
         <name>right_calibration_value</name>
         <value>0x200022d8</value>
      </symbol>
      <symbol id="sm-a8">
         <name>left_calibration_value</name>
         <value>0x200022d0</value>
      </symbol>
      <symbol id="sm-a9">
         <name>main</name>
         <value>0x2cf9</value>
         <object_component_ref idref="oc-a2"/>
      </symbol>
      <symbol id="sm-ec">
         <name>lcd_rotatingBanner</name>
         <value>0xcf9</value>
         <object_component_ref idref="oc-dd"/>
      </symbol>
      <symbol id="sm-ed">
         <name>lcd_sendCommand</name>
         <value>0xe55</value>
         <object_component_ref idref="oc-dd"/>
      </symbol>
      <symbol id="sm-ee">
         <name>lcd_sendNibble</name>
         <value>0xe93</value>
         <object_component_ref idref="oc-dd"/>
      </symbol>
      <symbol id="sm-ef">
         <name>lcd_clear</name>
         <value>0x31d7</value>
         <object_component_ref idref="oc-146"/>
      </symbol>
      <symbol id="sm-f0">
         <name>lcd_printf</name>
         <value>0xf3d</value>
         <object_component_ref idref="oc-dd"/>
      </symbol>
      <symbol id="sm-f1">
         <name>lcd_setCursorPos</name>
         <value>0xeff</value>
         <object_component_ref idref="oc-dd"/>
      </symbol>
      <symbol id="sm-f2">
         <name>lcd_init</name>
         <value>0xd3f</value>
         <object_component_ref idref="oc-dd"/>
      </symbol>
      <symbol id="sm-f3">
         <name>lcd_puts</name>
         <value>0xe37</value>
         <object_component_ref idref="oc-dd"/>
      </symbol>
      <symbol id="sm-f4">
         <name>lcd_putc</name>
         <value>0xdff</value>
         <object_component_ref idref="oc-dd"/>
      </symbol>
      <symbol id="sm-f5">
         <name>lcd_reverseNibble</name>
         <value>0xcbd</value>
         <object_component_ref idref="oc-dd"/>
      </symbol>
      <symbol id="sm-f6">
         <name>lcd_gotoLine</name>
         <value>0xed7</value>
         <object_component_ref idref="oc-dd"/>
      </symbol>
      <symbol id="sm-11e">
         <name>ResetISR</name>
         <value>0x3201</value>
         <object_component_ref idref="oc-2a"/>
      </symbol>
      <symbol id="sm-11f">
         <name>g_pfnVectors</name>
         <value>0x0</value>
         <object_component_ref idref="oc-12"/>
      </symbol>
      <symbol id="sm-15c">
         <name>UART1_Handler</name>
         <value>0x189d</value>
         <object_component_ref idref="oc-e3"/>
      </symbol>
      <symbol id="sm-15d">
         <name>uart_recieve_nonblocking</name>
         <value>0x1865</value>
         <object_component_ref idref="oc-e3"/>
      </symbol>
      <symbol id="sm-15e">
         <name>uart_sendChar</name>
         <value>0x1823</value>
         <object_component_ref idref="oc-e3"/>
      </symbol>
      <symbol id="sm-15f">
         <name>uart_interrupt_init</name>
         <value>0x1749</value>
         <object_component_ref idref="oc-e3"/>
      </symbol>
      <symbol id="sm-160">
         <name>uart_receive</name>
         <value>0x183f</value>
         <object_component_ref idref="oc-e3"/>
      </symbol>
      <symbol id="sm-161">
         <name>uart_sendStr</name>
         <value>0x1893</value>
         <object_component_ref idref="oc-e3"/>
      </symbol>
      <symbol id="sm-162">
         <name>command_flag_s</name>
         <value>0x200022e8</value>
         <object_component_ref idref="oc-f5"/>
      </symbol>
      <symbol id="sm-163">
         <name>command_flag_g</name>
         <value>0x200022ec</value>
         <object_component_ref idref="oc-f5"/>
      </symbol>
      <symbol id="sm-164">
         <name>command_byte_s</name>
         <value>0x200022e4</value>
         <object_component_ref idref="oc-f5"/>
      </symbol>
      <symbol id="sm-165">
         <name>command_byte_g</name>
         <value>0x200022e5</value>
         <object_component_ref idref="oc-f5"/>
      </symbol>
      <symbol id="sm-1a2">
         <name>cyBOT_SERVO_cal</name>
         <value>0x1379</value>
         <object_component_ref idref="oc-e9"/>
      </symbol>
      <symbol id="sm-1a3">
         <name>cyBOT_Scan</name>
         <value>0x1307</value>
         <object_component_ref idref="oc-e9"/>
      </symbol>
      <symbol id="sm-1a4">
         <name>cyBOT_scan_features</name>
         <value>0x20002300</value>
         <object_component_ref idref="oc-193"/>
      </symbol>
      <symbol id="sm-1a5">
         <name>cyBOT_scan_version</name>
         <value>0x12a1</value>
         <object_component_ref idref="oc-e9"/>
      </symbol>
      <symbol id="sm-1a6">
         <name>cyBOT_init_Scan</name>
         <value>0x12af</value>
         <object_component_ref idref="oc-e9"/>
      </symbol>
      <symbol id="sm-1cd">
         <name>isr_int_value</name>
         <value>0x200022cc</value>
      </symbol>
      <symbol id="sm-1ce">
         <name>ir_enableInterrupt</name>
         <value>0x246b</value>
         <object_component_ref idref="oc-18d"/>
      </symbol>
      <symbol id="sm-1cf">
         <name>ir_getDistance</name>
         <value>0x244d</value>
         <object_component_ref idref="oc-18d"/>
      </symbol>
      <symbol id="sm-1d0">
         <name>ir_init</name>
         <value>0x23bd</value>
         <object_component_ref idref="oc-18d"/>
      </symbol>
      <symbol id="sm-1d1">
         <name>ADC0SS0_Handler</name>
         <value>0x2455</value>
         <object_component_ref idref="oc-18d"/>
      </symbol>
      <symbol id="sm-1d2">
         <name>ir_getValue</name>
         <value>0x2425</value>
         <object_component_ref idref="oc-18d"/>
      </symbol>
      <symbol id="sm-201">
         <name>risingEdge</name>
         <value>0x200022dc</value>
      </symbol>
      <symbol id="sm-202">
         <name>fallingEdge</name>
         <value>0x200022c8</value>
      </symbol>
      <symbol id="sm-203">
         <name>pulseLength</name>
         <value>0x200022d4</value>
      </symbol>
      <symbol id="sm-204">
         <name>isRisingEdge</name>
         <value>0x200022e0</value>
      </symbol>
      <symbol id="sm-205">
         <name>TIMER3B_Handler</name>
         <value>0x1a49</value>
         <object_component_ref idref="oc-187"/>
      </symbol>
      <symbol id="sm-206">
         <name>ping_init</name>
         <value>0x1959</value>
         <object_component_ref idref="oc-187"/>
      </symbol>
      <symbol id="sm-207">
         <name>ping_getDistance</name>
         <value>0x1a9b</value>
         <object_component_ref idref="oc-187"/>
      </symbol>
      <symbol id="sm-208">
         <name>ping_trigger</name>
         <value>0x19df</value>
         <object_component_ref idref="oc-187"/>
      </symbol>
      <symbol id="sm-22a">
         <name>servo_move</name>
         <value>0x1f5d</value>
         <object_component_ref idref="oc-181"/>
      </symbol>
      <symbol id="sm-22b">
         <name>servo_init</name>
         <value>0x1ecd</value>
         <object_component_ref idref="oc-181"/>
      </symbol>
      <symbol id="sm-22c">
         <name>servo_stop</name>
         <value>0x1f51</value>
         <object_component_ref idref="oc-181"/>
      </symbol>
      <symbol id="sm-22d">
         <name>servo_setPWM</name>
         <value>0x1fbd</value>
         <object_component_ref idref="oc-181"/>
      </symbol>
      <symbol id="sm-25c">
         <name>IntRegister</name>
         <value>0x2fe9</value>
         <object_component_ref idref="oc-13b"/>
      </symbol>
      <symbol id="sm-25d">
         <name>g_pfnRAMVectors</name>
         <value>0x20000000</value>
         <object_component_ref idref="oc-1d8"/>
      </symbol>
      <symbol id="sm-25e">
         <name>IntMasterEnable</name>
         <value>0x31c7</value>
         <object_component_ref idref="oc-174"/>
      </symbol>
      <symbol id="sm-268">
         <name>CPUcpsie</name>
         <value>0x31f5</value>
         <object_component_ref idref="oc-210"/>
      </symbol>
      <symbol id="sm-298">
         <name>vsnprintf</name>
         <value>0x2f69</value>
         <object_component_ref idref="oc-158"/>
      </symbol>
      <symbol id="sm-2af">
         <name>__aeabi_dsub</name>
         <value>0x1d15</value>
         <object_component_ref idref="oc-30a"/>
      </symbol>
      <symbol id="sm-2b0">
         <name>__aeabi_dadd</name>
         <value>0x1d1f</value>
         <object_component_ref idref="oc-30a"/>
      </symbol>
      <symbol id="sm-2d2">
         <name>__aeabi_cdcmpeq</name>
         <value>0x29c5</value>
         <object_component_ref idref="oc-281"/>
      </symbol>
      <symbol id="sm-2d3">
         <name>__aeabi_cdcmple</name>
         <value>0x29c5</value>
         <object_component_ref idref="oc-281"/>
      </symbol>
      <symbol id="sm-2d4">
         <name>__aeabi_cdrcmple</name>
         <value>0x2a4b</value>
         <object_component_ref idref="oc-2f5"/>
      </symbol>
      <symbol id="sm-2e8">
         <name>__aeabi_ddiv</name>
         <value>0x2161</value>
         <object_component_ref idref="oc-2f0"/>
      </symbol>
      <symbol id="sm-2f3">
         <name>__aeabi_dmul</name>
         <value>0x26e5</value>
         <object_component_ref idref="oc-2eb"/>
      </symbol>
      <symbol id="sm-2ff">
         <name>__aeabi_i2d</name>
         <value>0x3081</value>
         <object_component_ref idref="oc-305"/>
      </symbol>
      <symbol id="sm-31a">
         <name>memcpy</name>
         <value>0x2893</value>
         <object_component_ref idref="oc-3e"/>
      </symbol>
      <symbol id="sm-31b">
         <name>__aeabi_memcpy</name>
         <value>0x2893</value>
         <object_component_ref idref="oc-3e"/>
      </symbol>
      <symbol id="sm-31c">
         <name>__aeabi_memcpy8</name>
         <value>0x2893</value>
         <object_component_ref idref="oc-3e"/>
      </symbol>
      <symbol id="sm-31d">
         <name>__aeabi_memcpy4</name>
         <value>0x2893</value>
         <object_component_ref idref="oc-3e"/>
      </symbol>
      <symbol id="sm-32c">
         <name>__aeabi_uidivmod</name>
         <value>0x2f29</value>
         <object_component_ref idref="oc-153"/>
      </symbol>
      <symbol id="sm-32d">
         <name>__aeabi_uidiv</name>
         <value>0x2f29</value>
         <object_component_ref idref="oc-153"/>
      </symbol>
      <symbol id="sm-346">
         <name>__TI_zero_init_nomemset</name>
         <value>0x30d9</value>
         <object_component_ref idref="oc-4a"/>
      </symbol>
      <symbol id="sm-35d">
         <name>__TI_decompress_none</name>
         <value>0x31e7</value>
         <object_component_ref idref="oc-1b"/>
      </symbol>
      <symbol id="sm-380">
         <name>__TI_decompress_lzss</name>
         <value>0x2c2b</value>
         <object_component_ref idref="oc-15"/>
      </symbol>
      <symbol id="sm-3ee">
         <name>_sys_memory</name>
         <value>0x20001270</value>
         <object_component_ref idref="oc-24"/>
      </symbol>
      <symbol id="sm-3ef">
         <name>memalign</name>
         <value>0x25e5</value>
         <object_component_ref idref="oc-19e"/>
      </symbol>
      <symbol id="sm-3f0">
         <name>malloc</name>
         <value>0x3215</value>
         <object_component_ref idref="oc-ef"/>
      </symbol>
      <symbol id="sm-3f1">
         <name>aligned_alloc</name>
         <value>0x25e5</value>
         <object_component_ref idref="oc-19e"/>
      </symbol>
      <symbol id="sm-400">
         <name>strcmp</name>
         <value>0x315f</value>
         <object_component_ref idref="oc-15e"/>
      </symbol>
      <symbol id="sm-40e">
         <name>strcpy</name>
         <value>0x318d</value>
         <object_component_ref idref="oc-164"/>
      </symbol>
      <symbol id="sm-41c">
         <name>strlen</name>
         <value>0x31a1</value>
         <object_component_ref idref="oc-14d"/>
      </symbol>
      <symbol id="sm-42f">
         <name>__stack</name>
         <value>0x20000270</value>
         <object_component_ref idref="oc-27"/>
      </symbol>
      <symbol id="sm-430">
         <name>_c_int00_noargs</name>
         <value>0x301d</value>
         <object_component_ref idref="oc-5c"/>
      </symbol>
      <symbol id="sm-595">
         <name>__TI_printfi</name>
         <value>0x26d</value>
         <object_component_ref idref="oc-1ec"/>
      </symbol>
      <symbol id="sm-59f">
         <name>__aeabi_idiv0</name>
         <value>0x1ecb</value>
         <object_component_ref idref="oc-1e6"/>
      </symbol>
      <symbol id="sm-5a0">
         <name>__aeabi_ldiv0</name>
         <value>0x1ecb</value>
         <object_component_ref idref="oc-1e6"/>
      </symbol>
      <symbol id="sm-5aa">
         <name>__aeabi_d2iz</name>
         <value>0x2e9d</value>
         <object_component_ref idref="oc-2fa"/>
      </symbol>
      <symbol id="sm-5b9">
         <name>__aeabi_memset</name>
         <value>0x2ad3</value>
         <object_component_ref idref="oc-96"/>
      </symbol>
      <symbol id="sm-5ba">
         <name>memset</name>
         <value>0x2ad9</value>
         <object_component_ref idref="oc-96"/>
      </symbol>
      <symbol id="sm-5bb">
         <name>__aeabi_memset8</name>
         <value>0x2ad3</value>
         <object_component_ref idref="oc-96"/>
      </symbol>
      <symbol id="sm-5bc">
         <name>__aeabi_memset4</name>
         <value>0x2ad3</value>
         <object_component_ref idref="oc-96"/>
      </symbol>
      <symbol id="sm-5bd">
         <name>__aeabi_memclr8</name>
         <value>0x2ad1</value>
         <object_component_ref idref="oc-96"/>
      </symbol>
      <symbol id="sm-5be">
         <name>__aeabi_memclr4</name>
         <value>0x2ad1</value>
         <object_component_ref idref="oc-96"/>
      </symbol>
      <symbol id="sm-5bf">
         <name>__aeabi_memclr</name>
         <value>0x2ad1</value>
         <object_component_ref idref="oc-96"/>
      </symbol>
      <symbol id="sm-5cc">
         <name>__aeabi_uldivmod</name>
         <value>0x292f</value>
         <object_component_ref idref="oc-2e4"/>
      </symbol>
      <symbol id="sm-5f4">
         <name>__TI_auto_init_nobinit_nopinit</name>
         <value>0x2ee5</value>
         <object_component_ref idref="oc-107"/>
      </symbol>
      <symbol id="sm-5fe">
         <name>_system_pre_init</name>
         <value>0x321d</value>
         <object_component_ref idref="oc-9c"/>
      </symbol>
      <symbol id="sm-60a">
         <name>C$$EXIT</name>
         <value>0x3221</value>
         <object_component_ref idref="oc-fb"/>
      </symbol>
      <symbol id="sm-60b">
         <name>abort</name>
         <value>0x3221</value>
         <object_component_ref idref="oc-fb"/>
      </symbol>
      <symbol id="sm-620">
         <name>_nop</name>
         <value>0xcbb</value>
         <object_component_ref idref="oc-245"/>
      </symbol>
      <symbol id="sm-621">
         <name>_lock</name>
         <value>0x200022f0</value>
         <object_component_ref idref="oc-1bc"/>
      </symbol>
      <symbol id="sm-622">
         <name>_unlock</name>
         <value>0x200022f4</value>
         <object_component_ref idref="oc-1bc"/>
      </symbol>
      <symbol id="sm-631">
         <name>__TI_ltoa</name>
         <value>0x2dab</value>
         <object_component_ref idref="oc-2ff"/>
      </symbol>
      <symbol id="sm-648">
         <name>atoi</name>
         <value>0x2e51</value>
         <object_component_ref idref="oc-275"/>
      </symbol>
      <symbol id="sm-653">
         <name>_ctypes_</name>
         <value>0x3224</value>
         <object_component_ref idref="oc-2df"/>
      </symbol>
      <symbol id="sm-663">
         <name>memccpy</name>
         <value>0x3111</value>
         <object_component_ref idref="oc-29e"/>
      </symbol>
      <symbol id="sm-673">
         <name>strchr</name>
         <value>0x3177</value>
         <object_component_ref idref="oc-336"/>
      </symbol>
      <symbol id="sm-689">
         <name>__aeabi_errno_addr</name>
         <value>0x320d</value>
         <object_component_ref idref="oc-2aa"/>
      </symbol>
      <symbol id="sm-68a">
         <name>errno</name>
         <value>0x20002304</value>
         <object_component_ref idref="oc-346"/>
      </symbol>
      <symbol id="sm-6a3">
         <name>wcslen</name>
         <value>0x31b5</value>
         <object_component_ref idref="oc-2a4"/>
      </symbol>
      <symbol id="sm-6c3">
         <name>frexpl</name>
         <value>0x2c95</value>
         <object_component_ref idref="oc-32a"/>
      </symbol>
      <symbol id="sm-6c4">
         <name>frexp</name>
         <value>0x2c95</value>
         <object_component_ref idref="oc-32a"/>
      </symbol>
      <symbol id="sm-6e1">
         <name>scalbn</name>
         <value>0x24d5</value>
         <object_component_ref idref="oc-330"/>
      </symbol>
      <symbol id="sm-6e2">
         <name>scalbnl</name>
         <value>0x24d5</value>
         <object_component_ref idref="oc-330"/>
      </symbol>
      <symbol id="sm-6e3">
         <name>ldexpl</name>
         <value>0x24d5</value>
         <object_component_ref idref="oc-330"/>
      </symbol>
      <symbol id="sm-6e4">
         <name>ldexp</name>
         <value>0x24d5</value>
         <object_component_ref idref="oc-330"/>
      </symbol>
      <symbol id="sm-6ee">
         <name>copysign</name>
         <value>0x312d</value>
         <object_component_ref idref="oc-370"/>
      </symbol>
      <symbol id="sm-6ef">
         <name>copysignl</name>
         <value>0x312d</value>
         <object_component_ref idref="oc-370"/>
      </symbol>
      <symbol id="sm-6f0">
         <name>__TI_static_base__</name>
         <value>0x0</value>
      </symbol>
      <symbol id="sm-6f3">
         <name>__mpu_init</name>
         <value>0x0</value>
      </symbol>
      <symbol id="sm-6f4">
         <name>_system_post_cinit</name>
         <value>0x0</value>
      </symbol>
   </symbol_table>
   <title>Link successful</title>
</link_info>
