******************************************************************************
                  TI ARM Linker PC v20.2.7                     
******************************************************************************
>> Linked Mon Mar 25 15:43:45 2024

OUTPUT FILE NAME:   <Lab8.out>
ENTRY POINT SYMBOL: "_c_int00_noargs"  address: 00004b81


MEMORY CONFIGURATION

         name            origin    length      used     unused   attr    fill
----------------------  --------  ---------  --------  --------  ----  --------
  FLASH                 00000000   00040000  00004f87  0003b079  R  X
  SRAM                  20000000   00008000  0000233a  00005cc6  RW X


SEGMENT ALLOCATION MAP

run origin  load origin   length   init length attrs members
----------  ----------- ---------- ----------- ----- -------
00000000    00000000    00004f90   00004f90    r-x
  00000000    00000000    0000026c   0000026c    r-- .intvecs
  0000026c    0000026c    00004b78   00004b78    r-x .text
  00004de8    00004de8    0000014b   0000014b    r-- .const
  00004f38    00004f38    00000058   00000058    r-- .cinit
20000000    20000000    00002341   00000000    rw-
  20000000    20000000    0000026c   00000000    rw- .vtable
  20000270    20000270    00001000   00000000    rw- .stack
  20001270    20001270    00001000   00000000    rw- .sysmem
  20002270    20002270    00000089   00000000    rw- .bss
  200022fc    200022fc    00000045   00000000    rw- .data


SECTION ALLOCATION MAP

 output                                  attributes/
section   page    origin      length       input sections
--------  ----  ----------  ----------   ----------------
.intvecs   0    00000000    0000026c     
                  00000000    0000026c     tm4c123gh6pm_startup_ccs.obj (.intvecs)

.text      0    0000026c    00004b78     
                  0000026c    00000c20     open_interface.obj (.text)
                  00000e8c    00000a4e     rtsv7M4_T_le_v4SPD16_eabi.lib : _printfi.c.obj (.text:__TI_printfi)
                  000018da    00000002                                   : _lock.c.obj (.text:_nop)
                  000018dc    000009d0                                   : e_pow.c.obj (.text:pow)
                  000022ac    00000374     lcd.obj (.text)
                  00002620    00000270     rtsv7M4_T_le_v4SPD16_eabi.lib : _printfi.c.obj (.text:_pconv_a)
                  00002890    00000260     libcybotScan.lib : cyBot_Scan.obj (.text)
                  00002af0    00000248     Timer.obj (.text)
                  00002d38    00000220     uart-interrupt.obj (.text)
                  00002f58    000001ec     libcybotScan.lib : ping.obj (.text)
                  00003144    000001d0     rtsv7M4_T_le_v4SPD16_eabi.lib : _printfi.c.obj (.text:_pconv_g)
                  00003314    000001b6                                   : fd_add_t2.asm.obj (.text)
                  000034ca    00000002                                   : div0.asm.obj (.text)
                  000034cc    00000158     libcybotScan.lib : servo.obj (.text)
                  00003624    00000158     rtsv7M4_T_le_v4SPD16_eabi.lib : e_sqrt.c.obj (.text:sqrt)
                  0000377c    00000144     adc.obj (.text)
                  000038c0    0000013c     rtsv7M4_T_le_v4SPD16_eabi.lib : _printfi.c.obj (.text:_pconv_e)
                  000039fc    00000136                                   : fd_div_t2.asm.obj (.text)
                  00003b32    00000002     --HOLE-- [fill = 0]
                  00003b34    00000124                                   : _printfi.c.obj (.text:fcvt)
                  00003c58    00000124     lab8.obj (.text)
                  00003d7c    00000118     libcybotScan.lib : ir.obj (.text)
                  00003e94    00000110     rtsv7M4_T_le_v4SPD16_eabi.lib : s_scalbn.c.obj (.text:scalbn)
                  00003fa4    00000100                                   : memory.c.obj (.text:aligned_alloc)
                  000040a4    000000fc                                   : fd_mul_t2.asm.obj (.text)
                  000041a0    000000e4                                   : memory.c.obj (.text:free)
                  00004284    000000b1                                   : _printfi.c.obj (.text:_ltostr)
                  00004335    00000001     --HOLE-- [fill = 0]
                  00004336    0000009c                                   : memcpy_t2.asm.obj (.text)
                  000043d2    00000096                                   : ull_div_t2.asm.obj (.text)
                  00004468    00000086                                   : fd_cmp_t2.asm.obj (.text:__aeabi_cdcmple)
                  000044ee    00000086                                   : fd_cmp_t2.asm.obj (.text:__aeabi_cdrcmple)
                  00004574    0000007a                                   : memset_t2.asm.obj (.text)
                  000045ee    00000002     --HOLE-- [fill = 0]
                  000045f0    00000070                                   : memory.c.obj (.text:split)
                  00004660    0000006e                                   : _printfi.c.obj (.text:_mcpy)
                  000046ce    0000006e                                   : fd_tos_t2.asm.obj (.text)
                  0000473c    00000068                                   : copy_decompress_lzss.c.obj (.text:decompress:lzss:__TI_decompress_lzss)
                  000047a4    00000064                                   : s_frexp.c.obj (.text:frexp)
                  00004808    00000056                                   : _printfi.c.obj (.text:_pconv_f)
                  0000485e    00000054                                   : _ltoa.c.obj (.text:__TI_ltoa)
                  000048b2    00000052                                   : _printfi.c.obj (.text:_ecpy)
                  00004904    0000004c                                   : atoi.c.obj (.text:atoi)
                  00004950    00000048                                   : fd_toi_t2.asm.obj (.text)
                  00004998    00000044                                   : autoinit.c.obj (.text:__TI_auto_init_nobinit_nopinit:__TI_auto_init_nobinit_nopinit)
                  000049dc    00000040                                   : u_divt2.asm.obj (.text)
                  00004a1c    00000040                                   : sprintf.c.obj (.text:sprintf)
                  00004a5c    00000040                                   : vsnprintf.c.obj (.text:vsnprintf)
                  00004a9c    0000003e                                   : _printfi.c.obj (.text:_fcpy)
                  00004ada    00000002     --HOLE-- [fill = 0]
                  00004adc    00000038                                   : memory.c.obj (.text:calloc)
                  00004b14    00000038                                   : fs_tod_t2.asm.obj (.text)
                  00004b4c    00000034     driverlib.lib : interrupt.obj (.text:IntRegister)
                  00004b80    00000034     rtsv7M4_T_le_v4SPD16_eabi.lib : boot_cortex_m.c.obj (.text:_c_int00_noargs:_c_int00_noargs)
                  00004bb4    00000030                                   : vsnprintf.c.obj (.text:_outs)
                  00004be4    0000002e                                   : i_tofd_t2.asm.obj (.text)
                  00004c12    00000002     --HOLE-- [fill = 0]
                  00004c14    00000028                                   : memory.c.obj (.text:free_list_insert)
                  00004c3c    00000020                                   : u_tofd_t2.asm.obj (.text)
                  00004c5c    0000001c                                   : copy_zero_init.c.obj (.text:decompress:ZI:__TI_zero_init_nomemset:__TI_zero_init_nomemset)
                  00004c78    0000001c                                   : memory.c.obj (.text:free_list_remove)
                  00004c94    0000001c                                   : memccpy.c.obj (.text:memccpy)
                  00004cb0    0000001a                                   : s_copysign.c.obj (.text:copysign)
                  00004cca    00000018                                   : vsnprintf.c.obj (.text:_outc)
                  00004ce2    00000018                                   : sprintf.c.obj (.text:_outs)
                  00004cfa    00000018     open_interface.obj (.text:oi_parseInt)
                  00004d12    00000018     rtsv7M4_T_le_v4SPD16_eabi.lib : strcmp.c.obj (.text:strcmp)
                  00004d2a    00000016                                   : strchr.c.obj (.text:strchr)
                  00004d40    00000014                                   : strcpy.c.obj (.text:strcpy)
                  00004d54    00000014                                   : strlen.c.obj (.text:strlen)
                  00004d68    00000012                                   : wcslen.c.obj (.text:wcslen)
                  00004d7a    00000010     driverlib.lib : interrupt.obj (.text:IntMasterEnable)
                  00004d8a    00000010     lcd.obj (.text:lcd_clear)
                  00004d9a    0000000e     rtsv7M4_T_le_v4SPD16_eabi.lib : copy_decompress_none.c.obj (.text:decompress:none:__TI_decompress_none)
                  00004da8    0000000c     driverlib.lib : cpu.obj (.text:CPUcpsie)
                  00004db4    0000000c     tm4c123gh6pm_startup_ccs.obj (.text)
                  00004dc0    0000000a     rtsv7M4_T_le_v4SPD16_eabi.lib : sprintf.c.obj (.text:_outc)
                  00004dca    00000002     --HOLE-- [fill = 0]
                  00004dcc    00000008                                   : errno.c.obj (.text:__aeabi_errno_addr)
                  00004dd4    00000008                                   : memory.c.obj (.text:malloc)
                  00004ddc    00000004                                   : pre_init.c.obj (.text:_system_pre_init)
                  00004de0    00000004                                   : exit.c.obj (.text:abort:abort)

.const     0    00004de8    0000014b     
                  00004de8    00000101     rtsv7M4_T_le_v4SPD16_eabi.lib : ctype.c.obj (.const:.string:_ctypes_)
                  00004ee9    00000004     lcd.obj (.const:.string:lineAddress$1)
                  00004eed    00000003     --HOLE-- [fill = 0]
                  00004ef0    00000030     rtsv7M4_T_le_v4SPD16_eabi.lib : e_pow.c.obj (.const:$O1$$)
                  00004f20    0000000f     open_interface.obj (.const:.string:$P$T0$3)
                  00004f2f    00000004     lcd.obj (.const:.string:lineAddresses$2)

.cinit     0    00004f38    00000058     
                  00004f38    0000001f     (.cinit..data.load) [load image, compression = lzss]
                  00004f57    00000001     --HOLE-- [fill = 0]
                  00004f58    0000000c     (__TI_handler_table)
                  00004f64    00000004     --HOLE-- [fill = 0]
                  00004f68    00000008     (.cinit..bss.load) [load image, compression = zero_init]
                  00004f70    00000008     (.cinit..vtable.load) [load image, compression = zero_init]
                  00004f78    00000018     (__TI_cinit_table)

.init_array 
*          0    00000000    00000000     UNINITIALIZED

.vtable    0    20000000    0000026c     UNINITIALIZED
                  20000000    0000026c     driverlib.lib : interrupt.obj (.vtable)

.stack     0    20000270    00001000     UNINITIALIZED
                  20000270    00000004     rtsv7M4_T_le_v4SPD16_eabi.lib : boot_cortex_m.c.obj (.stack)
                  20000274    00000ffc     --HOLE--

.sysmem    0    20001270    00001000     UNINITIALIZED
                  20001270    00000010     rtsv7M4_T_le_v4SPD16_eabi.lib : memory.c.obj (.sysmem)
                  20001280    00000ff0     --HOLE--

.bss       0    20002270    00000089     UNINITIALIZED
                  20002270    00000054     lcd.obj (.bss:lastbuffer$3)
                  200022c4    00000018     open_interface.obj (.bss:firmware$2)
                  200022dc    00000004     (.common:_timeout_ticks)
                  200022e0    00000004     (.common:fallingEdge)
                  200022e4    00000004     (.common:isr_int_value)
                  200022e8    00000004     (.common:left_calibration_value)
                  200022ec    00000004     (.common:pulseLength)
                  200022f0    00000004     (.common:right_calibration_value)
                  200022f4    00000004     (.common:risingEdge)
                  200022f8    00000001     (.common:isRisingEdge)

.data      0    200022fc    00000045     UNINITIALIZED
                  200022fc    00000020     open_interface.obj (.data)
                  2000231c    0000000c     uart-interrupt.obj (.data)
                  20002328    00000008     rtsv7M4_T_le_v4SPD16_eabi.lib : _lock.c.obj (.data:$O1$$)
                  20002330    00000008                                   : memory.c.obj (.data:$O1$$)
                  20002338    00000004     libcybotScan.lib : cyBot_Scan.obj (.data)
                  2000233c    00000004     rtsv7M4_T_le_v4SPD16_eabi.lib : errno.c.obj (.data)
                  20002340    00000001     Timer.obj (.data)

__llvm_prf_cnts 
*          0    20000000    00000000     UNINITIALIZED

MODULE SUMMARY

       Module                         code    ro data   rw data
       ------                         ----    -------   -------
    .\
       open_interface.obj             3128    15        56     
       lcd.obj                        900     8         84     
       tm4c123gh6pm_startup_ccs.obj   12      620       0      
       Timer.obj                      584     0         5      
       uart-interrupt.obj             544     0         12     
       adc.obj                        324     0         0      
       lab8.obj                       292     0         8      
    +--+------------------------------+-------+---------+---------+
       Total:                         5784    643       165    
                                                               
    ../libcybotScan.lib
       cyBot_Scan.obj                 608     0         4      
       ping.obj                       492     0         13     
       servo.obj                      344     0         0      
       ir.obj                         280     0         4      
    +--+------------------------------+-------+---------+---------+
       Total:                         1724    0         21     
                                                               
    C:/ti/TivaWare_C_Series-2.2.0.295/driverlib/ccs/Debug/driverlib.lib
       interrupt.obj                  68      0         620    
       cpu.obj                        12      0         0      
    +--+------------------------------+-------+---------+---------+
       Total:                         80      0         620    
                                                               
    C:\ti\ccs1230\ccs\tools\compiler\ti-cgt-arm_20.2.7.LTS\lib\rtsv7M4_T_le_v4SPD16_eabi.lib
       _printfi.c.obj                 4851    0         0      
       e_pow.c.obj                    2512    48        0      
       memory.c.obj                   728     0         8      
       fd_add_t2.asm.obj              438     0         0      
       e_sqrt.c.obj                   344     0         0      
       fd_div_t2.asm.obj              310     0         0      
       s_scalbn.c.obj                 272     0         0      
       fd_cmp_t2.asm.obj              268     0         0      
       ctype.c.obj                    0       257       0      
       fd_mul_t2.asm.obj              252     0         0      
       memcpy_t2.asm.obj              156     0         0      
       ull_div_t2.asm.obj             150     0         0      
       vsnprintf.c.obj                136     0         0      
       memset_t2.asm.obj              122     0         0      
       fd_tos_t2.asm.obj              110     0         0      
       copy_decompress_lzss.c.obj     104     0         0      
       s_frexp.c.obj                  100     0         0      
       sprintf.c.obj                  98      0         0      
       _ltoa.c.obj                    84      0         0      
       atoi.c.obj                     76      0         0      
       fd_toi_t2.asm.obj              72      0         0      
       autoinit.c.obj                 68      0         0      
       u_divt2.asm.obj                64      0         0      
       fs_tod_t2.asm.obj              56      0         0      
       boot_cortex_m.c.obj            52      0         0      
       i_tofd_t2.asm.obj              46      0         0      
       u_tofd_t2.asm.obj              32      0         0      
       copy_zero_init.c.obj           28      0         0      
       memccpy.c.obj                  28      0         0      
       s_copysign.c.obj               26      0         0      
       strcmp.c.obj                   24      0         0      
       strchr.c.obj                   22      0         0      
       strcpy.c.obj                   20      0         0      
       strlen.c.obj                   20      0         0      
       wcslen.c.obj                   18      0         0      
       copy_decompress_none.c.obj     14      0         0      
       errno.c.obj                    8       0         4      
       _lock.c.obj                    2       0         8      
       exit.c.obj                     4       0         0      
       pre_init.c.obj                 4       0         0      
       div0.asm.obj                   2       0         0      
    +--+------------------------------+-------+---------+---------+
       Total:                         11721   305       20     
                                                               
       Heap:                          0       0         4096   
       Stack:                         0       0         4096   
       Linker Generated:              0       83        0      
    +--+------------------------------+-------+---------+---------+
       Grand Total:                   19309   1031      9018   


LINKER GENERATED COPY TABLES

__TI_cinit_table @ 00004f78 records: 3, size/record: 8, table size: 24
	.data: load addr=00004f38, load size=0000001f bytes, run addr=200022fc, run size=00000045 bytes, compression=lzss
	.bss: load addr=00004f68, load size=00000008 bytes, run addr=20002270, run size=00000089 bytes, compression=zero_init
	.vtable: load addr=00004f70, load size=00000008 bytes, run addr=20000000, run size=0000026c bytes, compression=zero_init


LINKER GENERATED HANDLER TABLE

__TI_handler_table @ 00004f58 records: 3, size/record: 4, table size: 12
	index: 0, handler: __TI_zero_init
	index: 1, handler: __TI_decompress_lzss
	index: 2, handler: __TI_decompress_none


GLOBAL SYMBOLS: SORTED ALPHABETICALLY BY Name 

address   name                          
-------   ----                          
00003e15  ADC0SS0_Handler               
00004de1  C$$EXIT                       
00004da9  CPUcpsie                      
00000bc3  GPIOF_Handler                 
00004d7b  IntMasterEnable               
00004b4d  IntRegister                   
00004db5  ResetISR                      
00003049  TIMER3B_Handler               
00002e9d  UART1_Handler                 
20001270  __STACK_END                   
00001000  __STACK_SIZE                  
20000470  __STACK_TOP                   
00001000  __SYSMEM_SIZE                 
00004f78  __TI_CINIT_Base               
00004f90  __TI_CINIT_Limit              
00004f58  __TI_Handler_Table_Base       
00004f64  __TI_Handler_Table_Limit      
00004999  __TI_auto_init_nobinit_nopinit
0000473d  __TI_decompress_lzss          
00004d9b  __TI_decompress_none          
0000485f  __TI_ltoa                     
ffffffff  __TI_pprof_out_hndl           
00000e8d  __TI_printfi                  
ffffffff  __TI_prof_data_size           
ffffffff  __TI_prof_data_start          
00000000  __TI_static_base__            
00004c5d  __TI_zero_init_nomemset       
00004469  __aeabi_cdcmpeq               
00004469  __aeabi_cdcmple               
000044ef  __aeabi_cdrcmple              
000046cf  __aeabi_d2f                   
00004951  __aeabi_d2iz                  
0000331f  __aeabi_dadd                  
000039fd  __aeabi_ddiv                  
000040a5  __aeabi_dmul                  
00003315  __aeabi_dsub                  
00004dcd  __aeabi_errno_addr            
00004b15  __aeabi_f2d                   
00004be5  __aeabi_i2d                   
000034cb  __aeabi_idiv0                 
000034cb  __aeabi_ldiv0                 
00004575  __aeabi_memclr                
00004575  __aeabi_memclr4               
00004575  __aeabi_memclr8               
00004337  __aeabi_memcpy                
00004337  __aeabi_memcpy4               
00004337  __aeabi_memcpy8               
00004577  __aeabi_memset                
00004577  __aeabi_memset4               
00004577  __aeabi_memset8               
00004c3d  __aeabi_ui2d                  
000049dd  __aeabi_uidiv                 
000049dd  __aeabi_uidivmod              
000043d3  __aeabi_uldivmod              
ffffffff  __binit__                     
ffffffff  __c_args__                    
UNDEFED   __mpu_init                    
20000270  __stack                       
20000000  __start___llvm_prf_cnts       
20000000  __stop___llvm_prf_cnts        
00004b81  _c_int00_noargs               
00004de8  _ctypes_                      
20002328  _lock                         
000018db  _nop                          
20002340  _running                      
20001270  _sys_memory                   
UNDEFED   _system_post_cinit            
00004ddd  _system_pre_init              
200022dc  _timeout_ticks                
2000232c  _unlock                       
00004de1  abort                         
0000377d  adc_init                      
0000380b  adc_read                      
00003fa5  aligned_alloc                 
00004905  atoi                          
ffffffff  binit                         
00003837  calcIRDistance                
00004add  calloc                        
2000231d  command_byte_g                
2000231c  command_byte_s                
20002324  command_flag_g                
20002320  command_flag_s                
00004cb1  copysign                      
00004cb1  copysignl                     
00002969  cyBOT_SERVO_cal               
000028f7  cyBOT_Scan                    
0000289f  cyBOT_init_Scan               
20002338  cyBOT_scan_features           
00002891  cyBOT_scan_version            
2000233c  errno                         
200022e0  fallingEdge                   
000041a1  free                          
000047a5  frexp                         
000047a5  frexpl                        
20000000  g_pfnRAMVectors               
00000000  g_pfnVectors                  
0000097f  go_charge                     
00003e2b  ir_enableInterrupt            
00003e0d  ir_getDistance                
00003de5  ir_getValue                   
00003d7d  ir_init                       
200022f8  isRisingEdge                  
200022e4  isr_int_value                 
00004d8b  lcd_clear                     
000024c7  lcd_gotoLine                  
0000232f  lcd_init                      
0000252d  lcd_printf                    
000023ef  lcd_putc                      
00002427  lcd_puts                      
000022ad  lcd_reverseNibble             
000022e9  lcd_rotatingBanner            
00002445  lcd_sendCommand               
00002483  lcd_sendNibble                
000024ef  lcd_setCursorPos              
00003e95  ldexp                         
00003e95  ldexpl                        
200022e8  left_calibration_value        
00003c59  main                          
00004dd5  malloc                        
00003fa5  memalign                      
00004c95  memccpy                       
00004337  memcpy                        
0000457d  memset                        
200022fc  motor_cal_factor_L            
20002300  motor_cal_factor_R            
0000026d  oi_alloc                      
00000aa9  oi_checkFirmware              
000002c7  oi_close                      
00000279  oi_free                       
00000ded  oi_getMotorCalibrationLeft    
00000e01  oi_getMotorCalibrationRight   
000002b1  oi_init                       
00000289  oi_init_noupdate              
00000915  oi_loadSong                   
00004cfb  oi_parseInt                   
0000032b  oi_parsePacket                
0000096b  oi_play_song                  
0000084b  oi_setLeds                    
00000db1  oi_setMotorCalibration        
0000088f  oi_setWheels                  
00000b51  oi_shutoff_init               
0000098d  oi_uartInit                   
00000a31  oi_uartReceive                
00000a77  oi_uartSendBuff               
00000a15  oi_uartSendChar               
00000a59  oi_uartSendStr                
000002d9  oi_update                     
0000309b  ping_getDistance              
00002f59  ping_init                     
00002fdf  ping_trigger                  
000018dd  pow                           
000018dd  powl                          
200022ec  pulseLength                   
200022f0  right_calibration_value       
200022f4  risingEdge                    
00003e95  scalbn                        
00003e95  scalbnl                       
000034cd  servo_init                    
0000355d  servo_move                    
000035bd  servo_setPWM                  
00003551  servo_stop                    
00004a1d  sprintf                       
00003625  sqrt                          
00003625  sqrtl                         
00004d2b  strchr                        
00004d13  strcmp                        
00004d41  strcpy                        
00004d55  strlen                        
00002c0f  timer_getMicros               
00002bb7  timer_getMillis               
00002af1  timer_init                    
00002b93  timer_pause                   
00002ba5  timer_resume                  
00002b69  timer_stop                    
00002c69  timer_waitMicros              
00002c9b  timer_waitMillis              
00002d39  uart_interrupt_init           
00002e2f  uart_receive                  
00002e55  uart_recieve_nonblocking      
00002e13  uart_sendChar                 
00002e7f  uart_sendStr                  
00004a5d  vsnprintf                     
00004d69  wcslen                        


GLOBAL SYMBOLS: SORTED BY Symbol Address 

address   name                          
-------   ----                          
00000000  __TI_static_base__            
00000000  g_pfnVectors                  
0000026d  oi_alloc                      
00000279  oi_free                       
00000289  oi_init_noupdate              
000002b1  oi_init                       
000002c7  oi_close                      
000002d9  oi_update                     
0000032b  oi_parsePacket                
0000084b  oi_setLeds                    
0000088f  oi_setWheels                  
00000915  oi_loadSong                   
0000096b  oi_play_song                  
0000097f  go_charge                     
0000098d  oi_uartInit                   
00000a15  oi_uartSendChar               
00000a31  oi_uartReceive                
00000a59  oi_uartSendStr                
00000a77  oi_uartSendBuff               
00000aa9  oi_checkFirmware              
00000b51  oi_shutoff_init               
00000bc3  GPIOF_Handler                 
00000db1  oi_setMotorCalibration        
00000ded  oi_getMotorCalibrationLeft    
00000e01  oi_getMotorCalibrationRight   
00000e8d  __TI_printfi                  
00001000  __STACK_SIZE                  
00001000  __SYSMEM_SIZE                 
000018db  _nop                          
000018dd  pow                           
000018dd  powl                          
000022ad  lcd_reverseNibble             
000022e9  lcd_rotatingBanner            
0000232f  lcd_init                      
000023ef  lcd_putc                      
00002427  lcd_puts                      
00002445  lcd_sendCommand               
00002483  lcd_sendNibble                
000024c7  lcd_gotoLine                  
000024ef  lcd_setCursorPos              
0000252d  lcd_printf                    
00002891  cyBOT_scan_version            
0000289f  cyBOT_init_Scan               
000028f7  cyBOT_Scan                    
00002969  cyBOT_SERVO_cal               
00002af1  timer_init                    
00002b69  timer_stop                    
00002b93  timer_pause                   
00002ba5  timer_resume                  
00002bb7  timer_getMillis               
00002c0f  timer_getMicros               
00002c69  timer_waitMicros              
00002c9b  timer_waitMillis              
00002d39  uart_interrupt_init           
00002e13  uart_sendChar                 
00002e2f  uart_receive                  
00002e55  uart_recieve_nonblocking      
00002e7f  uart_sendStr                  
00002e9d  UART1_Handler                 
00002f59  ping_init                     
00002fdf  ping_trigger                  
00003049  TIMER3B_Handler               
0000309b  ping_getDistance              
00003315  __aeabi_dsub                  
0000331f  __aeabi_dadd                  
000034cb  __aeabi_idiv0                 
000034cb  __aeabi_ldiv0                 
000034cd  servo_init                    
00003551  servo_stop                    
0000355d  servo_move                    
000035bd  servo_setPWM                  
00003625  sqrt                          
00003625  sqrtl                         
0000377d  adc_init                      
0000380b  adc_read                      
00003837  calcIRDistance                
000039fd  __aeabi_ddiv                  
00003c59  main                          
00003d7d  ir_init                       
00003de5  ir_getValue                   
00003e0d  ir_getDistance                
00003e15  ADC0SS0_Handler               
00003e2b  ir_enableInterrupt            
00003e95  ldexp                         
00003e95  ldexpl                        
00003e95  scalbn                        
00003e95  scalbnl                       
00003fa5  aligned_alloc                 
00003fa5  memalign                      
000040a5  __aeabi_dmul                  
000041a1  free                          
00004337  __aeabi_memcpy                
00004337  __aeabi_memcpy4               
00004337  __aeabi_memcpy8               
00004337  memcpy                        
000043d3  __aeabi_uldivmod              
00004469  __aeabi_cdcmpeq               
00004469  __aeabi_cdcmple               
000044ef  __aeabi_cdrcmple              
00004575  __aeabi_memclr                
00004575  __aeabi_memclr4               
00004575  __aeabi_memclr8               
00004577  __aeabi_memset                
00004577  __aeabi_memset4               
00004577  __aeabi_memset8               
0000457d  memset                        
000046cf  __aeabi_d2f                   
0000473d  __TI_decompress_lzss          
000047a5  frexp                         
000047a5  frexpl                        
0000485f  __TI_ltoa                     
00004905  atoi                          
00004951  __aeabi_d2iz                  
00004999  __TI_auto_init_nobinit_nopinit
000049dd  __aeabi_uidiv                 
000049dd  __aeabi_uidivmod              
00004a1d  sprintf                       
00004a5d  vsnprintf                     
00004add  calloc                        
00004b15  __aeabi_f2d                   
00004b4d  IntRegister                   
00004b81  _c_int00_noargs               
00004be5  __aeabi_i2d                   
00004c3d  __aeabi_ui2d                  
00004c5d  __TI_zero_init_nomemset       
00004c95  memccpy                       
00004cb1  copysign                      
00004cb1  copysignl                     
00004cfb  oi_parseInt                   
00004d13  strcmp                        
00004d2b  strchr                        
00004d41  strcpy                        
00004d55  strlen                        
00004d69  wcslen                        
00004d7b  IntMasterEnable               
00004d8b  lcd_clear                     
00004d9b  __TI_decompress_none          
00004da9  CPUcpsie                      
00004db5  ResetISR                      
00004dcd  __aeabi_errno_addr            
00004dd5  malloc                        
00004ddd  _system_pre_init              
00004de1  C$$EXIT                       
00004de1  abort                         
00004de8  _ctypes_                      
00004f58  __TI_Handler_Table_Base       
00004f64  __TI_Handler_Table_Limit      
00004f78  __TI_CINIT_Base               
00004f90  __TI_CINIT_Limit              
20000000  __start___llvm_prf_cnts       
20000000  __stop___llvm_prf_cnts        
20000000  g_pfnRAMVectors               
20000270  __stack                       
20000470  __STACK_TOP                   
20001270  __STACK_END                   
20001270  _sys_memory                   
200022dc  _timeout_ticks                
200022e0  fallingEdge                   
200022e4  isr_int_value                 
200022e8  left_calibration_value        
200022ec  pulseLength                   
200022f0  right_calibration_value       
200022f4  risingEdge                    
200022f8  isRisingEdge                  
200022fc  motor_cal_factor_L            
20002300  motor_cal_factor_R            
2000231c  command_byte_s                
2000231d  command_byte_g                
20002320  command_flag_s                
20002324  command_flag_g                
20002328  _lock                         
2000232c  _unlock                       
20002338  cyBOT_scan_features           
2000233c  errno                         
20002340  _running                      
ffffffff  __TI_pprof_out_hndl           
ffffffff  __TI_prof_data_size           
ffffffff  __TI_prof_data_start          
ffffffff  __binit__                     
ffffffff  __c_args__                    
ffffffff  binit                         
UNDEFED   __mpu_init                    
UNDEFED   _system_post_cinit            

[183 symbols]
