******************************************************************************
                  TI ARM Linker PC v20.2.7                     
******************************************************************************
>> Linked Tue Mar 26 15:38:46 2024

OUTPUT FILE NAME:   <Lab7.out>
ENTRY POINT SYMBOL: "_c_int00_noargs"  address: 00004625


MEMORY CONFIGURATION

         name            origin    length      used     unused   attr    fill
----------------------  --------  ---------  --------  --------  ----  --------
  FLASH                 00000000   00040000  000049d9  0003b627  R  X
  SRAM                  20000000   00008000  00002382  00005c7e  RW X


SEGMENT ALLOCATION MAP

run origin  load origin   length   init length attrs members
----------  ----------- ---------- ----------- ----- -------
00000000    00000000    000049e0   000049e0    r-x
  00000000    00000000    0000026c   0000026c    r-- .intvecs
  0000026c    0000026c    000045fc   000045fc    r-x .text
  00004868    00004868    00000119   00000119    r-- .const
  00004988    00004988    00000058   00000058    r-- .cinit
20000000    20000000    00002389   00000000    rw-
  20000000    20000000    0000026c   00000000    rw- .vtable
  20000270    20000270    00001000   00000000    rw- .stack
  20001270    20001270    00001000   00000000    rw- .sysmem
  20002270    20002270    000000bd   00000000    rw- .bss
  20002330    20002330    00000059   00000000    rw- .data


SECTION ALLOCATION MAP

 output                                  attributes/
section   page    origin      length       input sections
--------  ----  ----------  ----------   ----------------
.intvecs   0    00000000    0000026c     
                  00000000    0000026c     tm4c123gh6pm_startup_ccs.obj (.intvecs)

.text      0    0000026c    000045fc     
                  0000026c    00000c20     open_interface.obj (.text)
                  00000e8c    00000a4e     rtsv7M4_T_le_v4SPD16_eabi.lib : _printfi.c.obj (.text:__TI_printfi)
                  000018da    00000002                                   : _lock.c.obj (.text:_nop)
                  000018dc    000004d8     main.obj (.text)
                  00001db4    00000328     lcd.obj (.text)
                  000020dc    0000028c     movement.obj (.text)
                  00002368    00000270     rtsv7M4_T_le_v4SPD16_eabi.lib : _printfi.c.obj (.text:_pconv_a)
                  000025d8    00000260     libcybotScan.lib : cyBot_Scan.obj (.text)
                  00002838    00000248     Timer.obj (.text)
                  00002a80    00000220     uart-interrupt.obj (.text)
                  00002ca0    000001ec     libcybotScan.lib : ping.obj (.text)
                  00002e8c    000001d0     rtsv7M4_T_le_v4SPD16_eabi.lib : _printfi.c.obj (.text:_pconv_g)
                  0000305c    000001b6                                   : fd_add_t2.asm.obj (.text)
                  00003212    00000002                                   : div0.asm.obj (.text)
                  00003214    0000015c     libcybotUART.lib : uart.obj (.text)
                  00003370    00000158     libcybotScan.lib : servo.obj (.text)
                  000034c8    0000013c     rtsv7M4_T_le_v4SPD16_eabi.lib : _printfi.c.obj (.text:_pconv_e)
                  00003604    00000136                                   : fd_div_t2.asm.obj (.text)
                  0000373a    00000002     --HOLE-- [fill = 0]
                  0000373c    00000124                                   : _printfi.c.obj (.text:fcvt)
                  00003860    00000118     libcybotScan.lib : ir.obj (.text)
                  00003978    00000110     rtsv7M4_T_le_v4SPD16_eabi.lib : s_scalbn.c.obj (.text:scalbn)
                  00003a88    00000100                                   : memory.c.obj (.text:aligned_alloc)
                  00003b88    000000fc                                   : fd_mul_t2.asm.obj (.text)
                  00003c84    000000e4                                   : memory.c.obj (.text:free)
                  00003d68    000000b1                                   : _printfi.c.obj (.text:_ltostr)
                  00003e19    00000001     --HOLE-- [fill = 0]
                  00003e1a    0000009c                                   : memcpy_t2.asm.obj (.text)
                  00003eb6    00000096                                   : ull_div_t2.asm.obj (.text)
                  00003f4c    00000086                                   : fd_cmp_t2.asm.obj (.text:__aeabi_cdcmple)
                  00003fd2    00000086                                   : fd_cmp_t2.asm.obj (.text:__aeabi_cdrcmple)
                  00004058    0000007a                                   : memset_t2.asm.obj (.text)
                  000040d2    00000002     --HOLE-- [fill = 0]
                  000040d4    00000070                                   : memory.c.obj (.text:split)
                  00004144    0000006e                                   : _printfi.c.obj (.text:_mcpy)
                  000041b2    0000006e                                   : fd_tos_t2.asm.obj (.text)
                  00004220    00000068                                   : copy_decompress_lzss.c.obj (.text:decompress:lzss:__TI_decompress_lzss)
                  00004288    00000064                                   : s_frexp.c.obj (.text:frexp)
                  000042ec    00000056                                   : _printfi.c.obj (.text:_pconv_f)
                  00004342    00000054                                   : _ltoa.c.obj (.text:__TI_ltoa)
                  00004396    00000052                                   : _printfi.c.obj (.text:_ecpy)
                  000043e8    0000004c                                   : atoi.c.obj (.text:atoi)
                  00004434    00000048                                   : fd_toi_t2.asm.obj (.text)
                  0000447c    00000044                                   : autoinit.c.obj (.text:__TI_auto_init_nobinit_nopinit:__TI_auto_init_nobinit_nopinit)
                  000044c0    00000040                                   : sprintf.c.obj (.text:sprintf)
                  00004500    00000040                                   : vsnprintf.c.obj (.text:vsnprintf)
                  00004540    0000003e                                   : _printfi.c.obj (.text:_fcpy)
                  0000457e    00000002     --HOLE-- [fill = 0]
                  00004580    00000038                                   : memory.c.obj (.text:calloc)
                  000045b8    00000038                                   : fs_tod_t2.asm.obj (.text)
                  000045f0    00000034     driverlib.lib : interrupt.obj (.text:IntRegister)
                  00004624    00000034     rtsv7M4_T_le_v4SPD16_eabi.lib : boot_cortex_m.c.obj (.text:_c_int00_noargs:_c_int00_noargs)
                  00004658    00000030                                   : vsnprintf.c.obj (.text:_outs)
                  00004688    0000002e                                   : i_tofd_t2.asm.obj (.text)
                  000046b6    00000002     --HOLE-- [fill = 0]
                  000046b8    00000028                                   : memory.c.obj (.text:free_list_insert)
                  000046e0    0000001c                                   : copy_zero_init.c.obj (.text:decompress:ZI:__TI_zero_init_nomemset:__TI_zero_init_nomemset)
                  000046fc    0000001c                                   : memory.c.obj (.text:free_list_remove)
                  00004718    0000001c                                   : memccpy.c.obj (.text:memccpy)
                  00004734    0000001a                                   : s_copysign.c.obj (.text:copysign)
                  0000474e    00000018                                   : vsnprintf.c.obj (.text:_outc)
                  00004766    00000018                                   : sprintf.c.obj (.text:_outs)
                  0000477e    00000018     open_interface.obj (.text:oi_parseInt)
                  00004796    00000018     rtsv7M4_T_le_v4SPD16_eabi.lib : strcmp.c.obj (.text:strcmp)
                  000047ae    00000016                                   : strchr.c.obj (.text:strchr)
                  000047c4    00000014                                   : strcpy.c.obj (.text:strcpy)
                  000047d8    00000014                                   : strlen.c.obj (.text:strlen)
                  000047ec    00000012                                   : wcslen.c.obj (.text:wcslen)
                  000047fe    00000010     driverlib.lib : interrupt.obj (.text:IntMasterEnable)
                  0000480e    00000010     lcd.obj (.text:lcd_clear)
                  0000481e    0000000e     rtsv7M4_T_le_v4SPD16_eabi.lib : copy_decompress_none.c.obj (.text:decompress:none:__TI_decompress_none)
                  0000482c    0000000c     driverlib.lib : cpu.obj (.text:CPUcpsie)
                  00004838    0000000c     tm4c123gh6pm_startup_ccs.obj (.text)
                  00004844    0000000a     rtsv7M4_T_le_v4SPD16_eabi.lib : sprintf.c.obj (.text:_outc)
                  0000484e    00000002     --HOLE-- [fill = 0]
                  00004850    00000008                                   : errno.c.obj (.text:__aeabi_errno_addr)
                  00004858    00000008                                   : memory.c.obj (.text:malloc)
                  00004860    00000004                                   : pre_init.c.obj (.text:_system_pre_init)
                  00004864    00000004                                   : exit.c.obj (.text:abort:abort)

.const     0    00004868    00000119     
                  00004868    00000101     rtsv7M4_T_le_v4SPD16_eabi.lib : ctype.c.obj (.const:.string:_ctypes_)
                  00004969    0000000f     open_interface.obj (.const:.string:$P$T0$3)
                  00004978    00000004     lcd.obj (.const:.string:lineAddress$1)
                  0000497c    00000004     lcd.obj (.const:.string:lineAddresses$2)
                  00004980    00000001     main.obj (.const:.string:$P$T0$1)

.cinit     0    00004988    00000058     
                  00004988    00000021     (.cinit..data.load) [load image, compression = lzss]
                  000049a9    00000003     --HOLE-- [fill = 0]
                  000049ac    0000000c     (__TI_handler_table)
                  000049b8    00000008     (.cinit..bss.load) [load image, compression = zero_init]
                  000049c0    00000008     (.cinit..vtable.load) [load image, compression = zero_init]
                  000049c8    00000018     (__TI_cinit_table)

.init_array 
*          0    00000000    00000000     UNINITIALIZED

.vtable    0    20000000    0000026c     UNINITIALIZED
                  20000000    0000026c     driverlib.lib : interrupt.obj (.vtable)

.stack     0    20000270    00001000     UNINITIALIZED
                  20000270    00000004     rtsv7M4_T_le_v4SPD16_eabi.lib : boot_cortex_m.c.obj (.stack)
                  20000274    00000ffc     --HOLE--

.sysmem    0    20001270    00001000     UNINITIALIZED
                  20001270    00000010     rtsv7M4_T_le_v4SPD16_eabi.lib : memory.c.obj (.sysmem)
                  20001280    00000ff0     --HOLE--

.bss       0    20002270    000000bd     UNINITIALIZED
                  20002270    00000054     lcd.obj (.bss:lastbuffer$3)
                  200022c4    00000034     (.common:isr_char_buffer)
                  200022f8    00000018     open_interface.obj (.bss:firmware$2)
                  20002310    00000004     (.common:_timeout_ticks)
                  20002314    00000004     (.common:fallingEdge)
                  20002318    00000004     (.common:isr_int_value)
                  2000231c    00000004     (.common:left_calibration_value)
                  20002320    00000004     (.common:pulseLength)
                  20002324    00000004     (.common:right_calibration_value)
                  20002328    00000004     (.common:risingEdge)
                  2000232c    00000001     (.common:isRisingEdge)

.data      0    20002330    00000059     UNINITIALIZED
                  20002330    00000020     open_interface.obj (.data)
                  20002350    00000010     main.obj (.data)
                  20002360    0000000c     uart-interrupt.obj (.data)
                  2000236c    00000008     rtsv7M4_T_le_v4SPD16_eabi.lib : _lock.c.obj (.data:$O1$$)
                  20002374    00000008                                   : memory.c.obj (.data:$O1$$)
                  2000237c    00000004     libcybotScan.lib : cyBot_Scan.obj (.data)
                  20002380    00000004     libcybotUART.lib : uart.obj (.data)
                  20002384    00000004     rtsv7M4_T_le_v4SPD16_eabi.lib : errno.c.obj (.data)
                  20002388    00000001     Timer.obj (.data)

__llvm_prf_cnts 
*          0    20000000    00000000     UNINITIALIZED

MODULE SUMMARY

       Module                         code    ro data   rw data
       ------                         ----    -------   -------
    .\
       open_interface.obj             3128    15        56     
       main.obj                       1240    1         24     
       lcd.obj                        824     8         84     
       movement.obj                   652     0         0      
       tm4c123gh6pm_startup_ccs.obj   12      620       0      
       Timer.obj                      584     0         5      
       uart-interrupt.obj             544     0         12     
    +--+------------------------------+-------+---------+---------+
       Total:                         6984    644       181    
                                                               
    ../libcybotScan.lib
       cyBot_Scan.obj                 608     0         4      
       ping.obj                       492     0         13     
       servo.obj                      344     0         0      
       ir.obj                         280     0         4      
    +--+------------------------------+-------+---------+---------+
       Total:                         1724    0         21     
                                                               
    ../libcybotUART.lib
       uart.obj                       348     0         56     
    +--+------------------------------+-------+---------+---------+
       Total:                         348     0         56     
                                                               
    C:/ti/TivaWare_C_Series-2.2.0.295/driverlib/ccs/Debug/driverlib.lib
       interrupt.obj                  68      0         620    
       cpu.obj                        12      0         0      
    +--+------------------------------+-------+---------+---------+
       Total:                         80      0         620    
                                                               
    C:\ti\ccs1230\ccs\tools\compiler\ti-cgt-arm_20.2.7.LTS\lib\rtsv7M4_T_le_v4SPD16_eabi.lib
       _printfi.c.obj                 4851    0         0      
       memory.c.obj                   728     0         8      
       fd_add_t2.asm.obj              438     0         0      
       fd_div_t2.asm.obj              310     0         0      
       s_scalbn.c.obj                 272     0         0      
       fd_cmp_t2.asm.obj              268     0         0      
       ctype.c.obj                    0       257       0      
       fd_mul_t2.asm.obj              252     0         0      
       memcpy_t2.asm.obj              156     0         0      
       ull_div_t2.asm.obj             150     0         0      
       vsnprintf.c.obj                136     0         0      
       memset_t2.asm.obj              122     0         0      
       fd_tos_t2.asm.obj              110     0         0      
       copy_decompress_lzss.c.obj     104     0         0      
       s_frexp.c.obj                  100     0         0      
       sprintf.c.obj                  98      0         0      
       _ltoa.c.obj                    84      0         0      
       atoi.c.obj                     76      0         0      
       fd_toi_t2.asm.obj              72      0         0      
       autoinit.c.obj                 68      0         0      
       fs_tod_t2.asm.obj              56      0         0      
       boot_cortex_m.c.obj            52      0         0      
       i_tofd_t2.asm.obj              46      0         0      
       copy_zero_init.c.obj           28      0         0      
       memccpy.c.obj                  28      0         0      
       s_copysign.c.obj               26      0         0      
       strcmp.c.obj                   24      0         0      
       strchr.c.obj                   22      0         0      
       strcpy.c.obj                   20      0         0      
       strlen.c.obj                   20      0         0      
       wcslen.c.obj                   18      0         0      
       copy_decompress_none.c.obj     14      0         0      
       errno.c.obj                    8       0         4      
       _lock.c.obj                    2       0         8      
       exit.c.obj                     4       0         0      
       pre_init.c.obj                 4       0         0      
       div0.asm.obj                   2       0         0      
    +--+------------------------------+-------+---------+---------+
       Total:                         8769    257       20     
                                                               
       Heap:                          0       0         4096   
       Stack:                         0       0         4096   
       Linker Generated:              0       85        0      
    +--+------------------------------+-------+---------+---------+
       Grand Total:                   17905   986       9090   


LINKER GENERATED COPY TABLES

__TI_cinit_table @ 000049c8 records: 3, size/record: 8, table size: 24
	.data: load addr=00004988, load size=00000021 bytes, run addr=20002330, run size=00000059 bytes, compression=lzss
	.bss: load addr=000049b8, load size=00000008 bytes, run addr=20002270, run size=000000bd bytes, compression=zero_init
	.vtable: load addr=000049c0, load size=00000008 bytes, run addr=20000000, run size=0000026c bytes, compression=zero_init


LINKER GENERATED HANDLER TABLE

__TI_handler_table @ 000049ac records: 3, size/record: 4, table size: 12
	index: 0, handler: __TI_zero_init
	index: 1, handler: __TI_decompress_lzss
	index: 2, handler: __TI_decompress_none


GLOBAL SYMBOLS: SORTED ALPHABETICALLY BY Name 

address   name                          
-------   ----                          
000038f9  ADC0SS0_Handler               
00004865  C$$EXIT                       
0000482d  CPUcpsie                      
00000bc3  GPIOF_Handler                 
000047ff  IntMasterEnable               
000045f1  IntRegister                   
00004839  ResetISR                      
00002d91  TIMER3B_Handler               
00002be5  UART1_Handler                 
20001270  __STACK_END                   
00001000  __STACK_SIZE                  
20000470  __STACK_TOP                   
00001000  __SYSMEM_SIZE                 
000049c8  __TI_CINIT_Base               
000049e0  __TI_CINIT_Limit              
000049ac  __TI_Handler_Table_Base       
000049b8  __TI_Handler_Table_Limit      
0000447d  __TI_auto_init_nobinit_nopinit
00004221  __TI_decompress_lzss          
0000481f  __TI_decompress_none          
00004343  __TI_ltoa                     
ffffffff  __TI_pprof_out_hndl           
00000e8d  __TI_printfi                  
ffffffff  __TI_prof_data_size           
ffffffff  __TI_prof_data_start          
00000000  __TI_static_base__            
000046e1  __TI_zero_init_nomemset       
00003f4d  __aeabi_cdcmpeq               
00003f4d  __aeabi_cdcmple               
00003fd3  __aeabi_cdrcmple              
000041b3  __aeabi_d2f                   
00004435  __aeabi_d2iz                  
00003067  __aeabi_dadd                  
00003605  __aeabi_ddiv                  
00003b89  __aeabi_dmul                  
0000305d  __aeabi_dsub                  
00004851  __aeabi_errno_addr            
000045b9  __aeabi_f2d                   
00004689  __aeabi_i2d                   
00003213  __aeabi_idiv0                 
00003213  __aeabi_ldiv0                 
00004059  __aeabi_memclr                
00004059  __aeabi_memclr4               
00004059  __aeabi_memclr8               
00003e1b  __aeabi_memcpy                
00003e1b  __aeabi_memcpy4               
00003e1b  __aeabi_memcpy8               
0000405b  __aeabi_memset                
0000405b  __aeabi_memset4               
0000405b  __aeabi_memset8               
00003eb7  __aeabi_uldivmod              
ffffffff  __binit__                     
ffffffff  __c_args__                    
UNDEFED   __mpu_init                    
20000270  __stack                       
20000000  __start___llvm_prf_cnts       
20000000  __stop___llvm_prf_cnts        
00004625  _c_int00_noargs               
00004868  _ctypes_                      
2000236c  _lock                         
000018db  _nop                          
20002388  _running                      
20001270  _sys_memory                   
UNDEFED   _system_post_cinit            
00004861  _system_pre_init              
20002310  _timeout_ticks                
20002370  _unlock                       
00004865  abort                         
00003a89  aligned_alloc                 
000043e9  atoi                          
ffffffff  binit                         
00002185  bumper_triggered              
00004581  calloc                        
20002361  command_byte_g                
20002360  command_byte_s                
20002368  command_flag_g                
20002364  command_flag_s                
00004735  copysign                      
00004735  copysignl                     
000026b1  cyBOT_SERVO_cal               
0000263f  cyBOT_Scan                    
000025e7  cyBOT_init_Scan               
2000237c  cyBOT_scan_features           
000025d9  cyBOT_scan_version            
0000331d  cyBot_UART1_Handler           
00003303  cyBot_getByte                 
00003215  cyBot_sendByte                
000032e5  cyBot_uart_flush              
00003253  cyBot_uart_init               
0000323b  cyBot_uart_sendBuffer         
00003221  cyBot_uart_sendStr            
20002384  errno                         
20002314  fallingEdge                   
20002350  finalDistance                 
20002358  finalTurn                     
00003c85  free                          
00004289  frexp                         
00004289  frexpl                        
20000000  g_pfnRAMVectors               
00000000  g_pfnVectors                  
0000097f  go_charge                     
0000390f  ir_enableInterrupt            
000038f1  ir_getDistance                
000038c9  ir_getValue                   
00003861  ir_init                       
2000232c  isRisingEdge                  
200022c4  isr_char_buffer               
20002380  isr_counter                   
20002318  isr_int_value                 
0000480f  lcd_clear                     
00001f89  lcd_gotoLine                  
00001df1  lcd_init                      
00001fef  lcd_printf                    
00001eb1  lcd_putc                      
00001ee9  lcd_puts                      
00001db5  lcd_reverseNibble             
00001f07  lcd_sendCommand               
00001f45  lcd_sendNibble                
00001fb1  lcd_setCursorPos              
00003979  ldexp                         
00003979  ldexpl                        
2000231c  left_calibration_value        
000018dd  main                          
00004859  malloc                        
00003a89  memalign                      
00004719  memccpy                       
00003e1b  memcpy                        
00004061  memset                        
20002330  motor_cal_factor_L            
20002334  motor_cal_factor_R            
000021fb  move_backward                 
000020dd  move_forward                  
0000026d  oi_alloc                      
00000aa9  oi_checkFirmware              
000002c7  oi_close                      
00000279  oi_free                       
00000ded  oi_getMotorCalibrationLeft    
00000e01  oi_getMotorCalibrationRight   
000002b1  oi_init                       
00000289  oi_init_noupdate              
00000915  oi_loadSong                   
0000477f  oi_parseInt                   
0000032b  oi_parsePacket                
0000096b  oi_play_song                  
0000084b  oi_setLeds                    
00000db1  oi_setMotorCalibration        
0000088f  oi_setWheels                  
00000b51  oi_shutoff_init               
0000098d  oi_uartInit                   
00000a31  oi_uartReceive                
00000a77  oi_uartSendBuff               
00000a15  oi_uartSendChar               
00000a59  oi_uartSendStr                
000002d9  oi_update                     
00002de3  ping_getDistance              
00002ca1  ping_init                     
00002d27  ping_trigger                  
20002320  pulseLength                   
20002324  right_calibration_value       
20002328  risingEdge                    
00003979  scalbn                        
00003979  scalbnl                       
00001a05  scan                          
00001cd1  sendBack                      
00003371  servo_init                    
00003401  servo_move                    
00003461  servo_setPWM                  
000033f5  servo_stop                    
000044c1  sprintf                       
00001917  startDrive                    
000047af  strchr                        
00004797  strcmp                        
000047c5  strcpy                        
000047d9  strlen                        
00002957  timer_getMicros               
000028ff  timer_getMillis               
00002839  timer_init                    
000028db  timer_pause                   
000028ed  timer_resume                  
000028b1  timer_stop                    
000029b1  timer_waitMicros              
000029e3  timer_waitMillis              
000022bd  turn_left                     
00002251  turn_right                    
00002a81  uart_interrupt_init           
00002b77  uart_receive                  
00002b9d  uart_recieve_nonblocking      
00002b5b  uart_sendChar                 
00002bc7  uart_sendStr                  
00004501  vsnprintf                     
000047ed  wcslen                        


GLOBAL SYMBOLS: SORTED BY Symbol Address 

address   name                          
-------   ----                          
00000000  __TI_static_base__            
00000000  g_pfnVectors                  
0000026d  oi_alloc                      
00000279  oi_free                       
00000289  oi_init_noupdate              
000002b1  oi_init                       
000002c7  oi_close                      
000002d9  oi_update                     
0000032b  oi_parsePacket                
0000084b  oi_setLeds                    
0000088f  oi_setWheels                  
00000915  oi_loadSong                   
0000096b  oi_play_song                  
0000097f  go_charge                     
0000098d  oi_uartInit                   
00000a15  oi_uartSendChar               
00000a31  oi_uartReceive                
00000a59  oi_uartSendStr                
00000a77  oi_uartSendBuff               
00000aa9  oi_checkFirmware              
00000b51  oi_shutoff_init               
00000bc3  GPIOF_Handler                 
00000db1  oi_setMotorCalibration        
00000ded  oi_getMotorCalibrationLeft    
00000e01  oi_getMotorCalibrationRight   
00000e8d  __TI_printfi                  
00001000  __STACK_SIZE                  
00001000  __SYSMEM_SIZE                 
000018db  _nop                          
000018dd  main                          
00001917  startDrive                    
00001a05  scan                          
00001cd1  sendBack                      
00001db5  lcd_reverseNibble             
00001df1  lcd_init                      
00001eb1  lcd_putc                      
00001ee9  lcd_puts                      
00001f07  lcd_sendCommand               
00001f45  lcd_sendNibble                
00001f89  lcd_gotoLine                  
00001fb1  lcd_setCursorPos              
00001fef  lcd_printf                    
000020dd  move_forward                  
00002185  bumper_triggered              
000021fb  move_backward                 
00002251  turn_right                    
000022bd  turn_left                     
000025d9  cyBOT_scan_version            
000025e7  cyBOT_init_Scan               
0000263f  cyBOT_Scan                    
000026b1  cyBOT_SERVO_cal               
00002839  timer_init                    
000028b1  timer_stop                    
000028db  timer_pause                   
000028ed  timer_resume                  
000028ff  timer_getMillis               
00002957  timer_getMicros               
000029b1  timer_waitMicros              
000029e3  timer_waitMillis              
00002a81  uart_interrupt_init           
00002b5b  uart_sendChar                 
00002b77  uart_receive                  
00002b9d  uart_recieve_nonblocking      
00002bc7  uart_sendStr                  
00002be5  UART1_Handler                 
00002ca1  ping_init                     
00002d27  ping_trigger                  
00002d91  TIMER3B_Handler               
00002de3  ping_getDistance              
0000305d  __aeabi_dsub                  
00003067  __aeabi_dadd                  
00003213  __aeabi_idiv0                 
00003213  __aeabi_ldiv0                 
00003215  cyBot_sendByte                
00003221  cyBot_uart_sendStr            
0000323b  cyBot_uart_sendBuffer         
00003253  cyBot_uart_init               
000032e5  cyBot_uart_flush              
00003303  cyBot_getByte                 
0000331d  cyBot_UART1_Handler           
00003371  servo_init                    
000033f5  servo_stop                    
00003401  servo_move                    
00003461  servo_setPWM                  
00003605  __aeabi_ddiv                  
00003861  ir_init                       
000038c9  ir_getValue                   
000038f1  ir_getDistance                
000038f9  ADC0SS0_Handler               
0000390f  ir_enableInterrupt            
00003979  ldexp                         
00003979  ldexpl                        
00003979  scalbn                        
00003979  scalbnl                       
00003a89  aligned_alloc                 
00003a89  memalign                      
00003b89  __aeabi_dmul                  
00003c85  free                          
00003e1b  __aeabi_memcpy                
00003e1b  __aeabi_memcpy4               
00003e1b  __aeabi_memcpy8               
00003e1b  memcpy                        
00003eb7  __aeabi_uldivmod              
00003f4d  __aeabi_cdcmpeq               
00003f4d  __aeabi_cdcmple               
00003fd3  __aeabi_cdrcmple              
00004059  __aeabi_memclr                
00004059  __aeabi_memclr4               
00004059  __aeabi_memclr8               
0000405b  __aeabi_memset                
0000405b  __aeabi_memset4               
0000405b  __aeabi_memset8               
00004061  memset                        
000041b3  __aeabi_d2f                   
00004221  __TI_decompress_lzss          
00004289  frexp                         
00004289  frexpl                        
00004343  __TI_ltoa                     
000043e9  atoi                          
00004435  __aeabi_d2iz                  
0000447d  __TI_auto_init_nobinit_nopinit
000044c1  sprintf                       
00004501  vsnprintf                     
00004581  calloc                        
000045b9  __aeabi_f2d                   
000045f1  IntRegister                   
00004625  _c_int00_noargs               
00004689  __aeabi_i2d                   
000046e1  __TI_zero_init_nomemset       
00004719  memccpy                       
00004735  copysign                      
00004735  copysignl                     
0000477f  oi_parseInt                   
00004797  strcmp                        
000047af  strchr                        
000047c5  strcpy                        
000047d9  strlen                        
000047ed  wcslen                        
000047ff  IntMasterEnable               
0000480f  lcd_clear                     
0000481f  __TI_decompress_none          
0000482d  CPUcpsie                      
00004839  ResetISR                      
00004851  __aeabi_errno_addr            
00004859  malloc                        
00004861  _system_pre_init              
00004865  C$$EXIT                       
00004865  abort                         
00004868  _ctypes_                      
000049ac  __TI_Handler_Table_Base       
000049b8  __TI_Handler_Table_Limit      
000049c8  __TI_CINIT_Base               
000049e0  __TI_CINIT_Limit              
20000000  __start___llvm_prf_cnts       
20000000  __stop___llvm_prf_cnts        
20000000  g_pfnRAMVectors               
20000270  __stack                       
20000470  __STACK_TOP                   
20001270  __STACK_END                   
20001270  _sys_memory                   
200022c4  isr_char_buffer               
20002310  _timeout_ticks                
20002314  fallingEdge                   
20002318  isr_int_value                 
2000231c  left_calibration_value        
20002320  pulseLength                   
20002324  right_calibration_value       
20002328  risingEdge                    
2000232c  isRisingEdge                  
20002330  motor_cal_factor_L            
20002334  motor_cal_factor_R            
20002350  finalDistance                 
20002358  finalTurn                     
20002360  command_byte_s                
20002361  command_byte_g                
20002364  command_flag_s                
20002368  command_flag_g                
2000236c  _lock                         
20002370  _unlock                       
2000237c  cyBOT_scan_features           
20002380  isr_counter                   
20002384  errno                         
20002388  _running                      
ffffffff  __TI_pprof_out_hndl           
ffffffff  __TI_prof_data_size           
ffffffff  __TI_prof_data_start          
ffffffff  __binit__                     
ffffffff  __c_args__                    
ffffffff  binit                         
UNDEFED   __mpu_init                    
UNDEFED   _system_post_cinit            

[191 symbols]
