******************************************************************************
                  TI ARM Linker PC v20.2.7                     
******************************************************************************
>> Linked Thu Mar  7 16:32:52 2024

OUTPUT FILE NAME:   <Lab6.out>
ENTRY POINT SYMBOL: "_c_int00_noargs"  address: 0000301d


MEMORY CONFIGURATION

         name            origin    length      used     unused   attr    fill
----------------------  --------  ---------  --------  --------  ----  --------
  FLASH                 00000000   00040000  00003375  0003cc8b  R  X
  SRAM                  20000000   00008000  00002302  00005cfe  RW X


SEGMENT ALLOCATION MAP

run origin  load origin   length   init length attrs members
----------  ----------- ---------- ----------- ----- -------
00000000    00000000    00003378   00003378    r-x
  00000000    00000000    0000026c   0000026c    r-- .intvecs
  0000026c    0000026c    00002fb8   00002fb8    r-x .text
  00003224    00003224    00000109   00000109    r-- .const
  00003330    00003330    00000048   00000048    r-- .cinit
20000000    20000000    00002309   00000000    rw-
  20000000    20000000    0000026c   00000000    rw- .vtable
  20000270    20000270    00001000   00000000    rw- .stack
  20001270    20001270    00001000   00000000    rw- .sysmem
  20002270    20002270    00000071   00000000    rw- .bss
  200022e4    200022e4    00000025   00000000    rw- .data


SECTION ALLOCATION MAP

 output                                  attributes/
section   page    origin      length       input sections
--------  ----  ----------  ----------   ----------------
.intvecs   0    00000000    0000026c     
                  00000000    0000026c     tm4c123gh6pm_startup_ccs.obj (.intvecs)

.text      0    0000026c    00002fb8     
                  0000026c    00000a4e     rtsv7M4_T_le_v4SPD16_eabi.lib : _printfi.c.obj (.text:__TI_printfi)
                  00000cba    00000002                                   : _lock.c.obj (.text:_nop)
                  00000cbc    00000374     lcd.obj (.text)
                  00001030    00000270     rtsv7M4_T_le_v4SPD16_eabi.lib : _printfi.c.obj (.text:_pconv_a)
                  000012a0    00000260     libcybotScan.lib : cyBot_Scan.obj (.text)
                  00001500    00000248     Timer.obj (.text)
                  00001748    00000210     uart-interrupt.obj (.text)
                  00001958    000001ec     libcybotScan.lib : ping.obj (.text)
                  00001b44    000001d0     rtsv7M4_T_le_v4SPD16_eabi.lib : _printfi.c.obj (.text:_pconv_g)
                  00001d14    000001b6                                   : fd_add_t2.asm.obj (.text)
                  00001eca    00000002                                   : div0.asm.obj (.text)
                  00001ecc    00000158     libcybotScan.lib : servo.obj (.text)
                  00002024    0000013c     rtsv7M4_T_le_v4SPD16_eabi.lib : _printfi.c.obj (.text:_pconv_e)
                  00002160    00000136                                   : fd_div_t2.asm.obj (.text)
                  00002296    00000002     --HOLE-- [fill = 0]
                  00002298    00000124                                   : _printfi.c.obj (.text:fcvt)
                  000023bc    00000118     libcybotScan.lib : ir.obj (.text)
                  000024d4    00000110     rtsv7M4_T_le_v4SPD16_eabi.lib : s_scalbn.c.obj (.text:scalbn)
                  000025e4    00000100                                   : memory.c.obj (.text:aligned_alloc)
                  000026e4    000000fc                                   : fd_mul_t2.asm.obj (.text)
                  000027e0    000000b1                                   : _printfi.c.obj (.text:_ltostr)
                  00002891    00000001     --HOLE-- [fill = 0]
                  00002892    0000009c                                   : memcpy_t2.asm.obj (.text)
                  0000292e    00000096                                   : ull_div_t2.asm.obj (.text)
                  000029c4    00000086                                   : fd_cmp_t2.asm.obj (.text:__aeabi_cdcmple)
                  00002a4a    00000086                                   : fd_cmp_t2.asm.obj (.text:__aeabi_cdrcmple)
                  00002ad0    0000007a                                   : memset_t2.asm.obj (.text)
                  00002b4a    00000002     --HOLE-- [fill = 0]
                  00002b4c    00000070                                   : memory.c.obj (.text:split)
                  00002bbc    0000006e                                   : _printfi.c.obj (.text:_mcpy)
                  00002c2a    00000068                                   : copy_decompress_lzss.c.obj (.text:decompress:lzss:__TI_decompress_lzss)
                  00002c92    00000002     --HOLE-- [fill = 0]
                  00002c94    00000064                                   : s_frexp.c.obj (.text:frexp)
                  00002cf8    0000005c     lab6-interrupt_template.obj (.text)
                  00002d54    00000056     rtsv7M4_T_le_v4SPD16_eabi.lib : _printfi.c.obj (.text:_pconv_f)
                  00002daa    00000054                                   : _ltoa.c.obj (.text:__TI_ltoa)
                  00002dfe    00000052                                   : _printfi.c.obj (.text:_ecpy)
                  00002e50    0000004c                                   : atoi.c.obj (.text:atoi)
                  00002e9c    00000048                                   : fd_toi_t2.asm.obj (.text)
                  00002ee4    00000044                                   : autoinit.c.obj (.text:__TI_auto_init_nobinit_nopinit:__TI_auto_init_nobinit_nopinit)
                  00002f28    00000040                                   : u_divt2.asm.obj (.text)
                  00002f68    00000040                                   : vsnprintf.c.obj (.text:vsnprintf)
                  00002fa8    0000003e                                   : _printfi.c.obj (.text:_fcpy)
                  00002fe6    00000002     --HOLE-- [fill = 0]
                  00002fe8    00000034     driverlib.lib : interrupt.obj (.text:IntRegister)
                  0000301c    00000034     rtsv7M4_T_le_v4SPD16_eabi.lib : boot_cortex_m.c.obj (.text:_c_int00_noargs:_c_int00_noargs)
                  00003050    00000030                                   : vsnprintf.c.obj (.text:_outs)
                  00003080    0000002e                                   : i_tofd_t2.asm.obj (.text)
                  000030ae    00000002     --HOLE-- [fill = 0]
                  000030b0    00000028                                   : memory.c.obj (.text:free_list_insert)
                  000030d8    0000001c                                   : copy_zero_init.c.obj (.text:decompress:ZI:__TI_zero_init_nomemset:__TI_zero_init_nomemset)
                  000030f4    0000001c                                   : memory.c.obj (.text:free_list_remove)
                  00003110    0000001c                                   : memccpy.c.obj (.text:memccpy)
                  0000312c    0000001a                                   : s_copysign.c.obj (.text:copysign)
                  00003146    00000018                                   : vsnprintf.c.obj (.text:_outc)
                  0000315e    00000018                                   : strcmp.c.obj (.text:strcmp)
                  00003176    00000016                                   : strchr.c.obj (.text:strchr)
                  0000318c    00000014                                   : strcpy.c.obj (.text:strcpy)
                  000031a0    00000014                                   : strlen.c.obj (.text:strlen)
                  000031b4    00000012                                   : wcslen.c.obj (.text:wcslen)
                  000031c6    00000010     driverlib.lib : interrupt.obj (.text:IntMasterEnable)
                  000031d6    00000010     lcd.obj (.text:lcd_clear)
                  000031e6    0000000e     rtsv7M4_T_le_v4SPD16_eabi.lib : copy_decompress_none.c.obj (.text:decompress:none:__TI_decompress_none)
                  000031f4    0000000c     driverlib.lib : cpu.obj (.text:CPUcpsie)
                  00003200    0000000c     tm4c123gh6pm_startup_ccs.obj (.text)
                  0000320c    00000008     rtsv7M4_T_le_v4SPD16_eabi.lib : errno.c.obj (.text:__aeabi_errno_addr)
                  00003214    00000008                                   : memory.c.obj (.text:malloc)
                  0000321c    00000004                                   : pre_init.c.obj (.text:_system_pre_init)
                  00003220    00000004                                   : exit.c.obj (.text:abort:abort)

.const     0    00003224    00000109     
                  00003224    00000101     rtsv7M4_T_le_v4SPD16_eabi.lib : ctype.c.obj (.const:.string:_ctypes_)
                  00003325    00000004     lcd.obj (.const:.string:lineAddress$1)
                  00003329    00000004     lcd.obj (.const:.string:lineAddresses$2)

.cinit     0    00003330    00000048     
                  00003330    00000012     (.cinit..data.load) [load image, compression = lzss]
                  00003342    00000002     --HOLE-- [fill = 0]
                  00003344    0000000c     (__TI_handler_table)
                  00003350    00000008     (.cinit..bss.load) [load image, compression = zero_init]
                  00003358    00000008     (.cinit..vtable.load) [load image, compression = zero_init]
                  00003360    00000018     (__TI_cinit_table)

.init_array 
*          0    00000000    00000000     UNINITIALIZED

.vtable    0    20000000    0000026c     UNINITIALIZED
                  20000000    0000026c     driverlib.lib : interrupt.obj (.vtable)

.stack     0    20000270    00001000     UNINITIALIZED
                  20000270    00000004     rtsv7M4_T_le_v4SPD16_eabi.lib : boot_cortex_m.c.obj (.stack)
                  20000274    00000ffc     --HOLE--

.sysmem    0    20001270    00001000     UNINITIALIZED
                  20001270    00000010     rtsv7M4_T_le_v4SPD16_eabi.lib : memory.c.obj (.sysmem)
                  20001280    00000ff0     --HOLE--

.bss       0    20002270    00000071     UNINITIALIZED
                  20002270    00000054     lcd.obj (.bss:lastbuffer$3)
                  200022c4    00000004     (.common:_timeout_ticks)
                  200022c8    00000004     (.common:fallingEdge)
                  200022cc    00000004     (.common:isr_int_value)
                  200022d0    00000004     (.common:left_calibration_value)
                  200022d4    00000004     (.common:pulseLength)
                  200022d8    00000004     (.common:right_calibration_value)
                  200022dc    00000004     (.common:risingEdge)
                  200022e0    00000001     (.common:isRisingEdge)

.data      0    200022e4    00000025     UNINITIALIZED
                  200022e4    0000000c     uart-interrupt.obj (.data)
                  200022f0    00000008     rtsv7M4_T_le_v4SPD16_eabi.lib : _lock.c.obj (.data:$O1$$)
                  200022f8    00000008                                   : memory.c.obj (.data:$O1$$)
                  20002300    00000004     libcybotScan.lib : cyBot_Scan.obj (.data)
                  20002304    00000004     rtsv7M4_T_le_v4SPD16_eabi.lib : errno.c.obj (.data)
                  20002308    00000001     Timer.obj (.data)

__llvm_prf_cnts 
*          0    20000000    00000000     UNINITIALIZED

MODULE SUMMARY

       Module                         code    ro data   rw data
       ------                         ----    -------   -------
    .\
       lcd.obj                        900     8         84     
       tm4c123gh6pm_startup_ccs.obj   12      620       0      
       Timer.obj                      584     0         5      
       uart-interrupt.obj             528     0         12     
       lab6-interrupt_template.obj    92      0         8      
    +--+------------------------------+-------+---------+---------+
       Total:                         2116    628       109    
                                                               
    ../libcybotScan.lib
       cyBot_Scan.obj                 608     0         4      
       ping.obj                       492     0         13     
       servo.obj                      344     0         0      
       ir.obj                         280     0         4      
    +--+------------------------------+-------+---------+---------+
       Total:                         1724    0         21     
                                                               
    C:/ti/TivaWare_C_Series-2.2.0.295/driverlib/ccs/Debug/driverlib.lib
       interrupt.obj                  68      0         620    
       cpu.obj                        12      0         0      
    +--+------------------------------+-------+---------+---------+
       Total:                         80      0         620    
                                                               
    C:\ti\ccs1230\ccs\tools\compiler\ti-cgt-arm_20.2.7.LTS\lib\rtsv7M4_T_le_v4SPD16_eabi.lib
       _printfi.c.obj                 4851    0         0      
       memory.c.obj                   444     0         8      
       fd_add_t2.asm.obj              438     0         0      
       fd_div_t2.asm.obj              310     0         0      
       s_scalbn.c.obj                 272     0         0      
       fd_cmp_t2.asm.obj              268     0         0      
       ctype.c.obj                    0       257       0      
       fd_mul_t2.asm.obj              252     0         0      
       memcpy_t2.asm.obj              156     0         0      
       ull_div_t2.asm.obj             150     0         0      
       vsnprintf.c.obj                136     0         0      
       memset_t2.asm.obj              122     0         0      
       copy_decompress_lzss.c.obj     104     0         0      
       s_frexp.c.obj                  100     0         0      
       _ltoa.c.obj                    84      0         0      
       atoi.c.obj                     76      0         0      
       fd_toi_t2.asm.obj              72      0         0      
       autoinit.c.obj                 68      0         0      
       u_divt2.asm.obj                64      0         0      
       boot_cortex_m.c.obj            52      0         0      
       i_tofd_t2.asm.obj              46      0         0      
       copy_zero_init.c.obj           28      0         0      
       memccpy.c.obj                  28      0         0      
       s_copysign.c.obj               26      0         0      
       strcmp.c.obj                   24      0         0      
       strchr.c.obj                   22      0         0      
       strcpy.c.obj                   20      0         0      
       strlen.c.obj                   20      0         0      
       wcslen.c.obj                   18      0         0      
       copy_decompress_none.c.obj     14      0         0      
       errno.c.obj                    8       0         4      
       _lock.c.obj                    2       0         8      
       exit.c.obj                     4       0         0      
       pre_init.c.obj                 4       0         0      
       div0.asm.obj                   2       0         0      
    +--+------------------------------+-------+---------+---------+
       Total:                         8285    257       20     
                                                               
       Heap:                          0       0         4096   
       Stack:                         0       0         4096   
       Linker Generated:              0       70        0      
    +--+------------------------------+-------+---------+---------+
       Grand Total:                   12205   955       8962   


LINKER GENERATED COPY TABLES

__TI_cinit_table @ 00003360 records: 3, size/record: 8, table size: 24
	.data: load addr=00003330, load size=00000012 bytes, run addr=200022e4, run size=00000025 bytes, compression=lzss
	.bss: load addr=00003350, load size=00000008 bytes, run addr=20002270, run size=00000071 bytes, compression=zero_init
	.vtable: load addr=00003358, load size=00000008 bytes, run addr=20000000, run size=0000026c bytes, compression=zero_init


LINKER GENERATED HANDLER TABLE

__TI_handler_table @ 00003344 records: 3, size/record: 4, table size: 12
	index: 0, handler: __TI_zero_init
	index: 1, handler: __TI_decompress_lzss
	index: 2, handler: __TI_decompress_none


GLOBAL SYMBOLS: SORTED ALPHABETICALLY BY Name 

address   name                          
-------   ----                          
00002455  ADC0SS0_Handler               
00003221  C$$EXIT                       
000031f5  CPUcpsie                      
000031c7  IntMasterEnable               
00002fe9  IntRegister                   
00003201  ResetISR                      
00001a49  TIMER3B_Handler               
0000189d  UART1_Handler                 
20001270  __STACK_END                   
00001000  __STACK_SIZE                  
20000470  __STACK_TOP                   
00001000  __SYSMEM_SIZE                 
00003360  __TI_CINIT_Base               
00003378  __TI_CINIT_Limit              
00003344  __TI_Handler_Table_Base       
00003350  __TI_Handler_Table_Limit      
00002ee5  __TI_auto_init_nobinit_nopinit
00002c2b  __TI_decompress_lzss          
000031e7  __TI_decompress_none          
00002dab  __TI_ltoa                     
ffffffff  __TI_pprof_out_hndl           
0000026d  __TI_printfi                  
ffffffff  __TI_prof_data_size           
ffffffff  __TI_prof_data_start          
00000000  __TI_static_base__            
000030d9  __TI_zero_init_nomemset       
000029c5  __aeabi_cdcmpeq               
000029c5  __aeabi_cdcmple               
00002a4b  __aeabi_cdrcmple              
00002e9d  __aeabi_d2iz                  
00001d1f  __aeabi_dadd                  
00002161  __aeabi_ddiv                  
000026e5  __aeabi_dmul                  
00001d15  __aeabi_dsub                  
0000320d  __aeabi_errno_addr            
00003081  __aeabi_i2d                   
00001ecb  __aeabi_idiv0                 
00001ecb  __aeabi_ldiv0                 
00002ad1  __aeabi_memclr                
00002ad1  __aeabi_memclr4               
00002ad1  __aeabi_memclr8               
00002893  __aeabi_memcpy                
00002893  __aeabi_memcpy4               
00002893  __aeabi_memcpy8               
00002ad3  __aeabi_memset                
00002ad3  __aeabi_memset4               
00002ad3  __aeabi_memset8               
00002f29  __aeabi_uidiv                 
00002f29  __aeabi_uidivmod              
0000292f  __aeabi_uldivmod              
ffffffff  __binit__                     
ffffffff  __c_args__                    
UNDEFED   __mpu_init                    
20000270  __stack                       
20000000  __start___llvm_prf_cnts       
20000000  __stop___llvm_prf_cnts        
0000301d  _c_int00_noargs               
00003224  _ctypes_                      
200022f0  _lock                         
00000cbb  _nop                          
20002308  _running                      
20001270  _sys_memory                   
UNDEFED   _system_post_cinit            
0000321d  _system_pre_init              
200022c4  _timeout_ticks                
200022f4  _unlock                       
00003221  abort                         
000025e5  aligned_alloc                 
00002e51  atoi                          
ffffffff  binit                         
200022e5  command_byte_g                
200022e4  command_byte_s                
200022ec  command_flag_g                
200022e8  command_flag_s                
0000312d  copysign                      
0000312d  copysignl                     
00001379  cyBOT_SERVO_cal               
00001307  cyBOT_Scan                    
000012af  cyBOT_init_Scan               
20002300  cyBOT_scan_features           
000012a1  cyBOT_scan_version            
20002304  errno                         
200022c8  fallingEdge                   
00002c95  frexp                         
00002c95  frexpl                        
20000000  g_pfnRAMVectors               
00000000  g_pfnVectors                  
0000246b  ir_enableInterrupt            
0000244d  ir_getDistance                
00002425  ir_getValue                   
000023bd  ir_init                       
200022e0  isRisingEdge                  
200022cc  isr_int_value                 
000031d7  lcd_clear                     
00000ed7  lcd_gotoLine                  
00000d3f  lcd_init                      
00000f3d  lcd_printf                    
00000dff  lcd_putc                      
00000e37  lcd_puts                      
00000cbd  lcd_reverseNibble             
00000cf9  lcd_rotatingBanner            
00000e55  lcd_sendCommand               
00000e93  lcd_sendNibble                
00000eff  lcd_setCursorPos              
000024d5  ldexp                         
000024d5  ldexpl                        
200022d0  left_calibration_value        
00002cf9  main                          
00003215  malloc                        
000025e5  memalign                      
00003111  memccpy                       
00002893  memcpy                        
00002ad9  memset                        
00001a9b  ping_getDistance              
00001959  ping_init                     
000019df  ping_trigger                  
200022d4  pulseLength                   
200022d8  right_calibration_value       
200022dc  risingEdge                    
000024d5  scalbn                        
000024d5  scalbnl                       
00001ecd  servo_init                    
00001f5d  servo_move                    
00001fbd  servo_setPWM                  
00001f51  servo_stop                    
00003177  strchr                        
0000315f  strcmp                        
0000318d  strcpy                        
000031a1  strlen                        
0000161f  timer_getMicros               
000015c7  timer_getMillis               
00001501  timer_init                    
000015a3  timer_pause                   
000015b5  timer_resume                  
00001579  timer_stop                    
00001679  timer_waitMicros              
000016ab  timer_waitMillis              
00001749  uart_interrupt_init           
0000183f  uart_receive                  
00001865  uart_recieve_nonblocking      
00001823  uart_sendChar                 
00001893  uart_sendStr                  
00002f69  vsnprintf                     
000031b5  wcslen                        


GLOBAL SYMBOLS: SORTED BY Symbol Address 

address   name                          
-------   ----                          
00000000  __TI_static_base__            
00000000  g_pfnVectors                  
0000026d  __TI_printfi                  
00000cbb  _nop                          
00000cbd  lcd_reverseNibble             
00000cf9  lcd_rotatingBanner            
00000d3f  lcd_init                      
00000dff  lcd_putc                      
00000e37  lcd_puts                      
00000e55  lcd_sendCommand               
00000e93  lcd_sendNibble                
00000ed7  lcd_gotoLine                  
00000eff  lcd_setCursorPos              
00000f3d  lcd_printf                    
00001000  __STACK_SIZE                  
00001000  __SYSMEM_SIZE                 
000012a1  cyBOT_scan_version            
000012af  cyBOT_init_Scan               
00001307  cyBOT_Scan                    
00001379  cyBOT_SERVO_cal               
00001501  timer_init                    
00001579  timer_stop                    
000015a3  timer_pause                   
000015b5  timer_resume                  
000015c7  timer_getMillis               
0000161f  timer_getMicros               
00001679  timer_waitMicros              
000016ab  timer_waitMillis              
00001749  uart_interrupt_init           
00001823  uart_sendChar                 
0000183f  uart_receive                  
00001865  uart_recieve_nonblocking      
00001893  uart_sendStr                  
0000189d  UART1_Handler                 
00001959  ping_init                     
000019df  ping_trigger                  
00001a49  TIMER3B_Handler               
00001a9b  ping_getDistance              
00001d15  __aeabi_dsub                  
00001d1f  __aeabi_dadd                  
00001ecb  __aeabi_idiv0                 
00001ecb  __aeabi_ldiv0                 
00001ecd  servo_init                    
00001f51  servo_stop                    
00001f5d  servo_move                    
00001fbd  servo_setPWM                  
00002161  __aeabi_ddiv                  
000023bd  ir_init                       
00002425  ir_getValue                   
0000244d  ir_getDistance                
00002455  ADC0SS0_Handler               
0000246b  ir_enableInterrupt            
000024d5  ldexp                         
000024d5  ldexpl                        
000024d5  scalbn                        
000024d5  scalbnl                       
000025e5  aligned_alloc                 
000025e5  memalign                      
000026e5  __aeabi_dmul                  
00002893  __aeabi_memcpy                
00002893  __aeabi_memcpy4               
00002893  __aeabi_memcpy8               
00002893  memcpy                        
0000292f  __aeabi_uldivmod              
000029c5  __aeabi_cdcmpeq               
000029c5  __aeabi_cdcmple               
00002a4b  __aeabi_cdrcmple              
00002ad1  __aeabi_memclr                
00002ad1  __aeabi_memclr4               
00002ad1  __aeabi_memclr8               
00002ad3  __aeabi_memset                
00002ad3  __aeabi_memset4               
00002ad3  __aeabi_memset8               
00002ad9  memset                        
00002c2b  __TI_decompress_lzss          
00002c95  frexp                         
00002c95  frexpl                        
00002cf9  main                          
00002dab  __TI_ltoa                     
00002e51  atoi                          
00002e9d  __aeabi_d2iz                  
00002ee5  __TI_auto_init_nobinit_nopinit
00002f29  __aeabi_uidiv                 
00002f29  __aeabi_uidivmod              
00002f69  vsnprintf                     
00002fe9  IntRegister                   
0000301d  _c_int00_noargs               
00003081  __aeabi_i2d                   
000030d9  __TI_zero_init_nomemset       
00003111  memccpy                       
0000312d  copysign                      
0000312d  copysignl                     
0000315f  strcmp                        
00003177  strchr                        
0000318d  strcpy                        
000031a1  strlen                        
000031b5  wcslen                        
000031c7  IntMasterEnable               
000031d7  lcd_clear                     
000031e7  __TI_decompress_none          
000031f5  CPUcpsie                      
00003201  ResetISR                      
0000320d  __aeabi_errno_addr            
00003215  malloc                        
0000321d  _system_pre_init              
00003221  C$$EXIT                       
00003221  abort                         
00003224  _ctypes_                      
00003344  __TI_Handler_Table_Base       
00003350  __TI_Handler_Table_Limit      
00003360  __TI_CINIT_Base               
00003378  __TI_CINIT_Limit              
20000000  __start___llvm_prf_cnts       
20000000  __stop___llvm_prf_cnts        
20000000  g_pfnRAMVectors               
20000270  __stack                       
20000470  __STACK_TOP                   
20001270  __STACK_END                   
20001270  _sys_memory                   
200022c4  _timeout_ticks                
200022c8  fallingEdge                   
200022cc  isr_int_value                 
200022d0  left_calibration_value        
200022d4  pulseLength                   
200022d8  right_calibration_value       
200022dc  risingEdge                    
200022e0  isRisingEdge                  
200022e4  command_byte_s                
200022e5  command_byte_g                
200022e8  command_flag_s                
200022ec  command_flag_g                
200022f0  _lock                         
200022f4  _unlock                       
20002300  cyBOT_scan_features           
20002304  errno                         
20002308  _running                      
ffffffff  __TI_pprof_out_hndl           
ffffffff  __TI_prof_data_size           
ffffffff  __TI_prof_data_start          
ffffffff  __binit__                     
ffffffff  __c_args__                    
ffffffff  binit                         
UNDEFED   __mpu_init                    
UNDEFED   _system_post_cinit            

[144 symbols]
