******************************************************************************
                  TI ARM Linker PC v20.2.7                     
******************************************************************************
>> Linked Wed Apr 10 13:54:41 2024

OUTPUT FILE NAME:   <Lab10.out>
ENTRY POINT SYMBOL: "_c_int00_noargs"  address: 00002701


MEMORY CONFIGURATION

         name            origin    length      used     unused   attr    fill
----------------------  --------  ---------  --------  --------  ----  --------
  FLASH                 00000000   00040000  000029e9  0003d617  R  X
  SRAM                  20000000   00008000  000022d1  00005d2f  RW X


SEGMENT ALLOCATION MAP

run origin  load origin   length   init length attrs members
----------  ----------- ---------- ----------- ----- -------
00000000    00000000    000029f0   000029f0    r-x
  00000000    00000000    0000026c   0000026c    r-- .intvecs
  0000026c    0000026c    00002634   00002634    r-x .text
  000028a0    000028a0    00000109   00000109    r-- .const
  000029b0    000029b0    00000040   00000040    r-- .cinit
20000000    20000000    000022d5   00000000    rw-
  20000000    20000000    0000026c   00000000    rw- .vtable
  20000270    20000270    00001000   00000000    rw- .stack
  20001270    20001270    00001000   00000000    rw- .sysmem
  20002270    20002270    00000058   00000000    rw- .bss
  200022c8    200022c8    0000000d   00000000    rw- .data


SECTION ALLOCATION MAP

 output                                  attributes/
section   page    origin      length       input sections
--------  ----  ----------  ----------   ----------------
.intvecs   0    00000000    0000026c     
                  00000000    0000026c     tm4c123gh6pm_startup_ccs.obj (.intvecs)

.text      0    0000026c    00002634     
                  0000026c    00000a4e     rtsv7M4_T_le_v4SPD16_eabi.lib : _printfi.c.obj (.text:__TI_printfi)
                  00000cba    00000002                                   : div0.asm.obj (.text)
                  00000cbc    00000374     lcd.obj (.text)
                  00001030    00000270     rtsv7M4_T_le_v4SPD16_eabi.lib : _printfi.c.obj (.text:_pconv_a)
                  000012a0    00000248     Timer.obj (.text)
                  000014e8    000001d0     rtsv7M4_T_le_v4SPD16_eabi.lib : _printfi.c.obj (.text:_pconv_g)
                  000016b8    000001b6                                   : fd_add_t2.asm.obj (.text)
                  0000186e    00000002     --HOLE-- [fill = 0]
                  00001870    0000013c                                   : _printfi.c.obj (.text:_pconv_e)
                  000019ac    00000136                                   : fd_div_t2.asm.obj (.text)
                  00001ae2    00000002     --HOLE-- [fill = 0]
                  00001ae4    00000124                                   : _printfi.c.obj (.text:fcvt)
                  00001c08    0000011c     servo.obj (.text)
                  00001d24    00000110     rtsv7M4_T_le_v4SPD16_eabi.lib : s_scalbn.c.obj (.text:scalbn)
                  00001e34    000000fc                                   : fd_mul_t2.asm.obj (.text)
                  00001f30    000000b1                                   : _printfi.c.obj (.text:_ltostr)
                  00001fe1    00000001     --HOLE-- [fill = 0]
                  00001fe2    0000009c                                   : memcpy_t2.asm.obj (.text)
                  0000207e    00000096                                   : ull_div_t2.asm.obj (.text)
                  00002114    00000086                                   : fd_cmp_t2.asm.obj (.text:__aeabi_cdcmple)
                  0000219a    00000086                                   : fd_cmp_t2.asm.obj (.text:__aeabi_cdrcmple)
                  00002220    0000007a                                   : memset_t2.asm.obj (.text)
                  0000229a    0000006e                                   : _printfi.c.obj (.text:_mcpy)
                  00002308    00000068                                   : copy_decompress_lzss.c.obj (.text:decompress:lzss:__TI_decompress_lzss)
                  00002370    00000064                                   : s_frexp.c.obj (.text:frexp)
                  000023d4    00000064     lab10_template.obj (.text)
                  00002438    00000056     rtsv7M4_T_le_v4SPD16_eabi.lib : _printfi.c.obj (.text:_pconv_f)
                  0000248e    00000054                                   : _ltoa.c.obj (.text:__TI_ltoa)
                  000024e2    00000052                                   : _printfi.c.obj (.text:_ecpy)
                  00002534    0000004c                                   : atoi.c.obj (.text:atoi)
                  00002580    00000048                                   : fd_toi_t2.asm.obj (.text)
                  000025c8    00000044                                   : autoinit.c.obj (.text:__TI_auto_init_nobinit_nopinit:__TI_auto_init_nobinit_nopinit)
                  0000260c    00000040                                   : u_divt2.asm.obj (.text)
                  0000264c    00000040                                   : vsnprintf.c.obj (.text:vsnprintf)
                  0000268c    0000003e                                   : _printfi.c.obj (.text:_fcpy)
                  000026ca    00000002     --HOLE-- [fill = 0]
                  000026cc    00000034     driverlib.lib : interrupt.obj (.text:IntRegister)
                  00002700    00000034     rtsv7M4_T_le_v4SPD16_eabi.lib : boot_cortex_m.c.obj (.text:_c_int00_noargs:_c_int00_noargs)
                  00002734    00000030                                   : vsnprintf.c.obj (.text:_outs)
                  00002764    0000002e                                   : i_tofd_t2.asm.obj (.text)
                  00002792    0000001c                                   : copy_zero_init.c.obj (.text:decompress:ZI:__TI_zero_init_nomemset:__TI_zero_init_nomemset)
                  000027ae    0000001c                                   : memccpy.c.obj (.text:memccpy)
                  000027ca    0000001a                                   : s_copysign.c.obj (.text:copysign)
                  000027e4    00000018                                   : vsnprintf.c.obj (.text:_outc)
                  000027fc    00000018                                   : strcmp.c.obj (.text:strcmp)
                  00002814    00000016                                   : strchr.c.obj (.text:strchr)
                  0000282a    00000014                                   : strcpy.c.obj (.text:strcpy)
                  0000283e    00000014                                   : strlen.c.obj (.text:strlen)
                  00002852    00000012                                   : wcslen.c.obj (.text:wcslen)
                  00002864    00000010     lcd.obj (.text:lcd_clear)
                  00002874    0000000e     rtsv7M4_T_le_v4SPD16_eabi.lib : copy_decompress_none.c.obj (.text:decompress:none:__TI_decompress_none)
                  00002882    0000000c     tm4c123gh6pm_startup_ccs.obj (.text)
                  0000288e    00000002     --HOLE-- [fill = 0]
                  00002890    00000008     rtsv7M4_T_le_v4SPD16_eabi.lib : errno.c.obj (.text:__aeabi_errno_addr)
                  00002898    00000004                                   : pre_init.c.obj (.text:_system_pre_init)
                  0000289c    00000004                                   : exit.c.obj (.text:abort:abort)

.const     0    000028a0    00000109     
                  000028a0    00000101     rtsv7M4_T_le_v4SPD16_eabi.lib : ctype.c.obj (.const:.string:_ctypes_)
                  000029a1    00000004     lcd.obj (.const:.string:lineAddress$1)
                  000029a5    00000004     lcd.obj (.const:.string:lineAddresses$2)

.cinit     0    000029b0    00000040     
                  000029b0    0000000c     (__TI_handler_table)
                  000029bc    00000004     --HOLE-- [fill = 0]
                  000029c0    00000008     (.cinit..bss.load) [load image, compression = zero_init]
                  000029c8    00000008     (.cinit..vtable.load) [load image, compression = zero_init]
                  000029d0    00000007     (.cinit..data.load) [load image, compression = lzss]
                  000029d7    00000001     --HOLE-- [fill = 0]
                  000029d8    00000018     (__TI_cinit_table)

.init_array 
*          0    00000000    00000000     UNINITIALIZED

.vtable    0    20000000    0000026c     UNINITIALIZED
                  20000000    0000026c     driverlib.lib : interrupt.obj (.vtable)

.stack     0    20000270    00001000     UNINITIALIZED
                  20000270    00000004     rtsv7M4_T_le_v4SPD16_eabi.lib : boot_cortex_m.c.obj (.stack)
                  20000274    00000ffc     --HOLE--

.sysmem    0    20001270    00001000     UNINITIALIZED
                  20001270    00000010     rtsv7M4_T_le_v4SPD16_eabi.lib : memory.c.obj (.sysmem)
                  20001280    00000ff0     --HOLE--

.bss       0    20002270    00000058     UNINITIALIZED
                  20002270    00000054     lcd.obj (.bss:lastbuffer$3)
                  200022c4    00000004     (.common:_timeout_ticks)

.data      0    200022c8    0000000d     UNINITIALIZED
                  200022c8    00000008     servo.obj (.data)
                  200022d0    00000004     rtsv7M4_T_le_v4SPD16_eabi.lib : errno.c.obj (.data)
                  200022d4    00000001     Timer.obj (.data)

__llvm_prf_cnts 
*          0    20000000    00000000     UNINITIALIZED

MODULE SUMMARY

       Module                         code   ro data   rw data
       ------                         ----   -------   -------
    .\
       lcd.obj                        900    8         84     
       tm4c123gh6pm_startup_ccs.obj   12     620       0      
       Timer.obj                      584    0         5      
       servo.obj                      284    0         8      
       lab10_template.obj             100    0         0      
    +--+------------------------------+------+---------+---------+
       Total:                         1880   628       97     
                                                              
    C:/ti/TivaWare_C_Series-2.2.0.295/driverlib/ccs/Debug/driverlib.lib
       interrupt.obj                  52     0         620    
    +--+------------------------------+------+---------+---------+
       Total:                         52     0         620    
                                                              
    C:\ti\ccs1230\ccs\tools\compiler\ti-cgt-arm_20.2.7.LTS\lib\rtsv7M4_T_le_v4SPD16_eabi.lib
       _printfi.c.obj                 4851   0         0      
       fd_add_t2.asm.obj              438    0         0      
       fd_div_t2.asm.obj              310    0         0      
       s_scalbn.c.obj                 272    0         0      
       fd_cmp_t2.asm.obj              268    0         0      
       ctype.c.obj                    0      257       0      
       fd_mul_t2.asm.obj              252    0         0      
       memcpy_t2.asm.obj              156    0         0      
       ull_div_t2.asm.obj             150    0         0      
       vsnprintf.c.obj                136    0         0      
       memset_t2.asm.obj              122    0         0      
       copy_decompress_lzss.c.obj     104    0         0      
       s_frexp.c.obj                  100    0         0      
       _ltoa.c.obj                    84     0         0      
       atoi.c.obj                     76     0         0      
       fd_toi_t2.asm.obj              72     0         0      
       autoinit.c.obj                 68     0         0      
       u_divt2.asm.obj                64     0         0      
       boot_cortex_m.c.obj            52     0         0      
       i_tofd_t2.asm.obj              46     0         0      
       copy_zero_init.c.obj           28     0         0      
       memccpy.c.obj                  28     0         0      
       s_copysign.c.obj               26     0         0      
       strcmp.c.obj                   24     0         0      
       strchr.c.obj                   22     0         0      
       strcpy.c.obj                   20     0         0      
       strlen.c.obj                   20     0         0      
       wcslen.c.obj                   18     0         0      
       copy_decompress_none.c.obj     14     0         0      
       errno.c.obj                    8      0         4      
       exit.c.obj                     4      0         0      
       pre_init.c.obj                 4      0         0      
       div0.asm.obj                   2      0         0      
    +--+------------------------------+------+---------+---------+
       Total:                         7839   257       4      
                                                              
       Heap:                          0      0         4096   
       Stack:                         0      0         4096   
       Linker Generated:              0      59        0      
    +--+------------------------------+------+---------+---------+
       Grand Total:                   9771   944       8913   


LINKER GENERATED COPY TABLES

__TI_cinit_table @ 000029d8 records: 3, size/record: 8, table size: 24
	.bss: load addr=000029c0, load size=00000008 bytes, run addr=20002270, run size=00000058 bytes, compression=zero_init
	.vtable: load addr=000029c8, load size=00000008 bytes, run addr=20000000, run size=0000026c bytes, compression=zero_init
	.data: load addr=000029d0, load size=00000007 bytes, run addr=200022c8, run size=0000000d bytes, compression=lzss


LINKER GENERATED HANDLER TABLE

__TI_handler_table @ 000029b0 records: 3, size/record: 4, table size: 12
	index: 0, handler: __TI_zero_init
	index: 1, handler: __TI_decompress_lzss
	index: 2, handler: __TI_decompress_none


GLOBAL SYMBOLS: SORTED ALPHABETICALLY BY Name 

address   name                          
-------   ----                          
0000289d  C$$EXIT                       
000026cd  IntRegister                   
200022cc  LEFT_VAL                      
200022c8  RIGHT_VAL                     
00002883  ResetISR                      
20001270  __STACK_END                   
00001000  __STACK_SIZE                  
20000470  __STACK_TOP                   
00001000  __SYSMEM_SIZE                 
000029d8  __TI_CINIT_Base               
000029f0  __TI_CINIT_Limit              
000029b0  __TI_Handler_Table_Base       
000029bc  __TI_Handler_Table_Limit      
000025c9  __TI_auto_init_nobinit_nopinit
00002309  __TI_decompress_lzss          
00002875  __TI_decompress_none          
0000248f  __TI_ltoa                     
ffffffff  __TI_pprof_out_hndl           
0000026d  __TI_printfi                  
ffffffff  __TI_prof_data_size           
ffffffff  __TI_prof_data_start          
00000000  __TI_static_base__            
00002793  __TI_zero_init_nomemset       
00002115  __aeabi_cdcmpeq               
00002115  __aeabi_cdcmple               
0000219b  __aeabi_cdrcmple              
00002581  __aeabi_d2iz                  
000016c3  __aeabi_dadd                  
000019ad  __aeabi_ddiv                  
00001e35  __aeabi_dmul                  
000016b9  __aeabi_dsub                  
00002891  __aeabi_errno_addr            
00002765  __aeabi_i2d                   
00000cbb  __aeabi_idiv0                 
00000cbb  __aeabi_ldiv0                 
00002221  __aeabi_memclr                
00002221  __aeabi_memclr4               
00002221  __aeabi_memclr8               
00001fe3  __aeabi_memcpy                
00001fe3  __aeabi_memcpy4               
00001fe3  __aeabi_memcpy8               
00002223  __aeabi_memset                
00002223  __aeabi_memset4               
00002223  __aeabi_memset8               
0000260d  __aeabi_uidiv                 
0000260d  __aeabi_uidivmod              
0000207f  __aeabi_uldivmod              
ffffffff  __binit__                     
ffffffff  __c_args__                    
UNDEFED   __mpu_init                    
20000270  __stack                       
20000000  __start___llvm_prf_cnts       
20000000  __stop___llvm_prf_cnts        
00002701  _c_int00_noargs               
000028a0  _ctypes_                      
200022d4  _running                      
20001270  _sys_memory                   
UNDEFED   _system_post_cinit            
00002899  _system_pre_init              
200022c4  _timeout_ticks                
0000289d  abort                         
00002535  atoi                          
ffffffff  binit                         
000027cb  copysign                      
000027cb  copysignl                     
200022d0  errno                         
00002371  frexp                         
00002371  frexpl                        
20000000  g_pfnRAMVectors               
00000000  g_pfnVectors                  
00002865  lcd_clear                     
00000ed7  lcd_gotoLine                  
00000d3f  lcd_init                      
00000f3d  lcd_printf                    
00000dff  lcd_putc                      
00000e37  lcd_puts                      
00000cbd  lcd_reverseNibble             
00000cf9  lcd_rotatingBanner            
00000e55  lcd_sendCommand               
00000e93  lcd_sendNibble                
00000eff  lcd_setCursorPos              
00001d25  ldexp                         
00001d25  ldexpl                        
000023d5  main                          
000027af  memccpy                       
00001fe3  memcpy                        
00002229  memset                        
00001d25  scalbn                        
00001d25  scalbnl                       
00001c09  servo_init                    
00001c9d  servo_move                    
00002815  strchr                        
000027fd  strcmp                        
0000282b  strcpy                        
0000283f  strlen                        
000013bf  timer_getMicros               
00001367  timer_getMillis               
000012a1  timer_init                    
00001343  timer_pause                   
00001355  timer_resume                  
00001319  timer_stop                    
00001419  timer_waitMicros              
0000144b  timer_waitMillis              
0000264d  vsnprintf                     
00002853  wcslen                        


GLOBAL SYMBOLS: SORTED BY Symbol Address 

address   name                          
-------   ----                          
00000000  __TI_static_base__            
00000000  g_pfnVectors                  
0000026d  __TI_printfi                  
00000cbb  __aeabi_idiv0                 
00000cbb  __aeabi_ldiv0                 
00000cbd  lcd_reverseNibble             
00000cf9  lcd_rotatingBanner            
00000d3f  lcd_init                      
00000dff  lcd_putc                      
00000e37  lcd_puts                      
00000e55  lcd_sendCommand               
00000e93  lcd_sendNibble                
00000ed7  lcd_gotoLine                  
00000eff  lcd_setCursorPos              
00000f3d  lcd_printf                    
00001000  __STACK_SIZE                  
00001000  __SYSMEM_SIZE                 
000012a1  timer_init                    
00001319  timer_stop                    
00001343  timer_pause                   
00001355  timer_resume                  
00001367  timer_getMillis               
000013bf  timer_getMicros               
00001419  timer_waitMicros              
0000144b  timer_waitMillis              
000016b9  __aeabi_dsub                  
000016c3  __aeabi_dadd                  
000019ad  __aeabi_ddiv                  
00001c09  servo_init                    
00001c9d  servo_move                    
00001d25  ldexp                         
00001d25  ldexpl                        
00001d25  scalbn                        
00001d25  scalbnl                       
00001e35  __aeabi_dmul                  
00001fe3  __aeabi_memcpy                
00001fe3  __aeabi_memcpy4               
00001fe3  __aeabi_memcpy8               
00001fe3  memcpy                        
0000207f  __aeabi_uldivmod              
00002115  __aeabi_cdcmpeq               
00002115  __aeabi_cdcmple               
0000219b  __aeabi_cdrcmple              
00002221  __aeabi_memclr                
00002221  __aeabi_memclr4               
00002221  __aeabi_memclr8               
00002223  __aeabi_memset                
00002223  __aeabi_memset4               
00002223  __aeabi_memset8               
00002229  memset                        
00002309  __TI_decompress_lzss          
00002371  frexp                         
00002371  frexpl                        
000023d5  main                          
0000248f  __TI_ltoa                     
00002535  atoi                          
00002581  __aeabi_d2iz                  
000025c9  __TI_auto_init_nobinit_nopinit
0000260d  __aeabi_uidiv                 
0000260d  __aeabi_uidivmod              
0000264d  vsnprintf                     
000026cd  IntRegister                   
00002701  _c_int00_noargs               
00002765  __aeabi_i2d                   
00002793  __TI_zero_init_nomemset       
000027af  memccpy                       
000027cb  copysign                      
000027cb  copysignl                     
000027fd  strcmp                        
00002815  strchr                        
0000282b  strcpy                        
0000283f  strlen                        
00002853  wcslen                        
00002865  lcd_clear                     
00002875  __TI_decompress_none          
00002883  ResetISR                      
00002891  __aeabi_errno_addr            
00002899  _system_pre_init              
0000289d  C$$EXIT                       
0000289d  abort                         
000028a0  _ctypes_                      
000029b0  __TI_Handler_Table_Base       
000029bc  __TI_Handler_Table_Limit      
000029d8  __TI_CINIT_Base               
000029f0  __TI_CINIT_Limit              
20000000  __start___llvm_prf_cnts       
20000000  __stop___llvm_prf_cnts        
20000000  g_pfnRAMVectors               
20000270  __stack                       
20000470  __STACK_TOP                   
20001270  __STACK_END                   
20001270  _sys_memory                   
200022c4  _timeout_ticks                
200022c8  RIGHT_VAL                     
200022cc  LEFT_VAL                      
200022d0  errno                         
200022d4  _running                      
ffffffff  __TI_pprof_out_hndl           
ffffffff  __TI_prof_data_size           
ffffffff  __TI_prof_data_start          
ffffffff  __binit__                     
ffffffff  __c_args__                    
ffffffff  binit                         
UNDEFED   __mpu_init                    
UNDEFED   _system_post_cinit            

[105 symbols]
